Archive member included to satisfy reference by file (symbol)

d:/aboutstm32/truestudio/truestudio for stm32 9.3.0/armtools/bin/../lib/gcc/arm-atollic-eabi/6.3.1/../../../../arm-atollic-eabi/lib/armv7-m\libc.a(lib_a-atoi.o)
                              App\module_4G\usart_4G.o (atoi)
d:/aboutstm32/truestudio/truestudio for stm32 9.3.0/armtools/bin/../lib/gcc/arm-atollic-eabi/6.3.1/../../../../arm-atollic-eabi/lib/armv7-m\libc.a(lib_a-init.o)
                              src\startup_stm32f10x_hd.o (__libc_init_array)
d:/aboutstm32/truestudio/truestudio for stm32 9.3.0/armtools/bin/../lib/gcc/arm-atollic-eabi/6.3.1/../../../../arm-atollic-eabi/lib/armv7-m\libc.a(lib_a-itoa.o)
                              App\powerBank\bat_usart.o (itoa)
d:/aboutstm32/truestudio/truestudio for stm32 9.3.0/armtools/bin/../lib/gcc/arm-atollic-eabi/6.3.1/../../../../arm-atollic-eabi/lib/armv7-m\libc.a(lib_a-memcmp.o)
                              App\module_4G\usart_4G.o (memcmp)
d:/aboutstm32/truestudio/truestudio for stm32 9.3.0/armtools/bin/../lib/gcc/arm-atollic-eabi/6.3.1/../../../../arm-atollic-eabi/lib/armv7-m\libc.a(lib_a-memcpy-stub.o)
                              App\module_4G\usart_4G.o (memcpy)
d:/aboutstm32/truestudio/truestudio for stm32 9.3.0/armtools/bin/../lib/gcc/arm-atollic-eabi/6.3.1/../../../../arm-atollic-eabi/lib/armv7-m\libc.a(lib_a-memset.o)
                              App\module_4G\usart_4G.o (memset)
d:/aboutstm32/truestudio/truestudio for stm32 9.3.0/armtools/bin/../lib/gcc/arm-atollic-eabi/6.3.1/../../../../arm-atollic-eabi/lib/armv7-m\libc.a(lib_a-printf.o)
                              App\Loyer_74HC165\L74hc165.o (printf)
d:/aboutstm32/truestudio/truestudio for stm32 9.3.0/armtools/bin/../lib/gcc/arm-atollic-eabi/6.3.1/../../../../arm-atollic-eabi/lib/armv7-m\libc.a(lib_a-puts.o)
                              App\module_4G\usart_4G.o (puts)
d:/aboutstm32/truestudio/truestudio for stm32 9.3.0/armtools/bin/../lib/gcc/arm-atollic-eabi/6.3.1/../../../../arm-atollic-eabi/lib/armv7-m\libc.a(lib_a-reent.o)
                              src\syscalls.o (errno)
d:/aboutstm32/truestudio/truestudio for stm32 9.3.0/armtools/bin/../lib/gcc/arm-atollic-eabi/6.3.1/../../../../arm-atollic-eabi/lib/armv7-m\libc.a(lib_a-snprintf.o)
                              App\module_4G\usart_4G.o (snprintf)
d:/aboutstm32/truestudio/truestudio for stm32 9.3.0/armtools/bin/../lib/gcc/arm-atollic-eabi/6.3.1/../../../../arm-atollic-eabi/lib/armv7-m\libc.a(lib_a-sprintf.o)
                              App\module_4G\usart_4G.o (sprintf)
d:/aboutstm32/truestudio/truestudio for stm32 9.3.0/armtools/bin/../lib/gcc/arm-atollic-eabi/6.3.1/../../../../arm-atollic-eabi/lib/armv7-m\libc.a(lib_a-strcat.o)
                              App\module_4G\usart_4G.o (strcat)
d:/aboutstm32/truestudio/truestudio for stm32 9.3.0/armtools/bin/../lib/gcc/arm-atollic-eabi/6.3.1/../../../../arm-atollic-eabi/lib/armv7-m\libc.a(lib_a-strchr.o)
                              App\module_4G\usart_4G.o (strchr)
d:/aboutstm32/truestudio/truestudio for stm32 9.3.0/armtools/bin/../lib/gcc/arm-atollic-eabi/6.3.1/../../../../arm-atollic-eabi/lib/armv7-m\libc.a(lib_a-strcmp.o)
                              Public\usart.o (strcmp)
d:/aboutstm32/truestudio/truestudio for stm32 9.3.0/armtools/bin/../lib/gcc/arm-atollic-eabi/6.3.1/../../../../arm-atollic-eabi/lib/armv7-m\libc.a(lib_a-strcpy.o)
                              App\module_4G\usart_4G.o (strcpy)
d:/aboutstm32/truestudio/truestudio for stm32 9.3.0/armtools/bin/../lib/gcc/arm-atollic-eabi/6.3.1/../../../../arm-atollic-eabi/lib/armv7-m\libc.a(lib_a-strlen.o)
                              App\module_4G\usart_4G.o (strlen)
d:/aboutstm32/truestudio/truestudio for stm32 9.3.0/armtools/bin/../lib/gcc/arm-atollic-eabi/6.3.1/../../../../arm-atollic-eabi/lib/armv7-m\libc.a(lib_a-strncat.o)
                              App\powerBank\bat_usart.o (strncat)
d:/aboutstm32/truestudio/truestudio for stm32 9.3.0/armtools/bin/../lib/gcc/arm-atollic-eabi/6.3.1/../../../../arm-atollic-eabi/lib/armv7-m\libc.a(lib_a-strstr.o)
                              App\module_4G\usart_4G.o (strstr)
d:/aboutstm32/truestudio/truestudio for stm32 9.3.0/armtools/bin/../lib/gcc/arm-atollic-eabi/6.3.1/../../../../arm-atollic-eabi/lib/armv7-m\libc.a(lib_a-strtok.o)
                              App\module_4G\usart_4G.o (strtok)
d:/aboutstm32/truestudio/truestudio for stm32 9.3.0/armtools/bin/../lib/gcc/arm-atollic-eabi/6.3.1/../../../../arm-atollic-eabi/lib/armv7-m\libc.a(lib_a-strtok_r.o)
                              d:/aboutstm32/truestudio/truestudio for stm32 9.3.0/armtools/bin/../lib/gcc/arm-atollic-eabi/6.3.1/../../../../arm-atollic-eabi/lib/armv7-m\libc.a(lib_a-strtok.o) (__strtok_r)
d:/aboutstm32/truestudio/truestudio for stm32 9.3.0/armtools/bin/../lib/gcc/arm-atollic-eabi/6.3.1/../../../../arm-atollic-eabi/lib/armv7-m\libc.a(lib_a-strtol.o)
[...]
Memory Configuration

Name             Origin             Length             Attributes
FLASH            0x08010000         0x00030000         xr
RAM              0x20000000         0x0000c000         xrw
MEMORY_B1        0x60000000         0x00000000         xr
*default*        0x00000000         0xffffffff

Linker script and memory map

LOAD d:/aboutstm32/truestudio/truestudio for stm32 9.3.0/armtools/bin/../lib/gcc/arm-atollic-eabi/6.3.1/armv7-m/crti.o
LOAD d:/aboutstm32/truestudio/truestudio for stm32 9.3.0/armtools/bin/../lib/gcc/arm-atollic-eabi/6.3.1/armv7-m/crtbegin.o
LOAD App\Loyer_74HC165\L74hc165.o
LOAD App\Loyer_74HC595\L74HC595.o
LOAD App\Tim\tim4.o
LOAD App\audio\audio.o
LOAD App\flash\STMFlash.o
LOAD App\led\led.o
LOAD App\module_4G\usart_4G.o
LOAD App\motor\motor.o
LOAD App\powerBank\bat_usart.o
LOAD App\powerBank\charge.o
LOAD App\util\base64.o
LOAD App\wifi\drive\wifi_drive.o
LOAD App\wifi\public\wifi_public.o
LOAD App\wifi\test\sta_tcpclent_test.o
LOAD Libraries\STM32F10x_StdPeriph_Driver\src\misc.o
LOAD Libraries\STM32F10x_StdPeriph_Driver\src\stm32f10x_adc.o
LOAD Libraries\STM32F10x_StdPeriph_Driver\src\stm32f10x_bkp.o
LOAD Libraries\STM32F10x_StdPeriph_Driver\src\stm32f10x_can.o
LOAD Libraries\STM32F10x_StdPeriph_Driver\src\stm32f10x_cec.o
LOAD Libraries\STM32F10x_StdPeriph_Driver\src\stm32f10x_crc.o
LOAD Libraries\STM32F10x_StdPeriph_Driver\src\stm32f10x_dac.o
LOAD Libraries\STM32F10x_StdPeriph_Driver\src\stm32f10x_dbgmcu.o
LOAD Libraries\STM32F10x_StdPeriph_Driver\src\stm32f10x_dma.o
LOAD Libraries\STM32F10x_StdPeriph_Driver\src\stm32f10x_exti.o
LOAD Libraries\STM32F10x_StdPeriph_Driver\src\stm32f10x_flash.o
LOAD Libraries\STM32F10x_StdPeriph_Driver\src\stm32f10x_fsmc.o
LOAD Libraries\STM32F10x_StdPeriph_Driver\src\stm32f10x_gpio.o
LOAD Libraries\STM32F10x_StdPeriph_Driver\src\stm32f10x_i2c.o
LOAD Libraries\STM32F10x_StdPeriph_Driver\src\stm32f10x_iwdg.o
LOAD Libraries\STM32F10x_StdPeriph_Driver\src\stm32f10x_pwr.o
LOAD Libraries\STM32F10x_StdPeriph_Driver\src\stm32f10x_rcc.o
LOAD Libraries\STM32F10x_StdPeriph_Driver\src\stm32f10x_rtc.o
LOAD Libraries\STM32F10x_StdPeriph_Driver\src\stm32f10x_sdio.o
LOAD Libraries\STM32F10x_StdPeriph_Driver\src\stm32f10x_spi.o
LOAD Libraries\STM32F10x_StdPeriph_Driver\src\stm32f10x_tim.o
LOAD Libraries\STM32F10x_StdPeriph_Driver\src\stm32f10x_usart.o
LOAD Libraries\STM32F10x_StdPeriph_Driver\src\stm32f10x_wwdg.o
LOAD Public\bit_band.o
LOAD Public\systick.o
LOAD Public\usart.o
LOAD src\main.o
LOAD src\startup_stm32f10x_hd.o
LOAD src\stm32f1xx_it.o
LOAD src\syscalls.o
LOAD src\system_stm32f10x.o
                0x00000080                malloc_getpagesize_P = 0x80
START GROUP
LOAD d:/aboutstm32/truestudio/truestudio for stm32 9.3.0/armtools/bin/../lib/gcc/arm-atollic-eabi/6.3.1/../../../../arm-atollic-eabi/lib/armv7-m\libc.a
LOAD d:/aboutstm32/truestudio/truestudio for stm32 9.3.0/armtools/bin/../lib/gcc/arm-atollic-eabi/6.3.1/../../../../arm-atollic-eabi/lib/armv7-m\libm.a
END GROUP
START GROUP
LOAD d:/aboutstm32/truestudio/truestudio for stm32 9.3.0/armtools/bin/../lib/gcc/arm-atollic-eabi/6.3.1/armv7-m\libgcc.a
LOAD d:/aboutstm32/truestudio/truestudio for stm32 9.3.0/armtools/bin/../lib/gcc/arm-atollic-eabi/6.3.1/../../../../arm-atollic-eabi/lib/armv7-m\libc.a
END GROUP
START GROUP
LOAD d:/aboutstm32/truestudio/truestudio for stm32 9.3.0/armtools/bin/../lib/gcc/arm-atollic-eabi/6.3.1/armv7-m\libgcc.a
LOAD d:/aboutstm32/truestudio/truestudio for stm32 9.3.0/armtools/bin/../lib/gcc/arm-atollic-eabi/6.3.1/../../../../arm-atollic-eabi/lib/armv7-m\libc.a
LOAD d:/aboutstm32/truestudio/truestudio for stm32 9.3.0/armtools/bin/../lib/gcc/arm-atollic-eabi/6.3.1/../../../../arm-atollic-eabi/lib/armv7-m\libnosys.a
END GROUP
LOAD d:/aboutstm32/truestudio/truestudio for stm32 9.3.0/armtools/bin/../lib/gcc/arm-atollic-eabi/6.3.1/armv7-m/crtend.o
LOAD d:/aboutstm32/truestudio/truestudio for stm32 9.3.0/armtools/bin/../lib/gcc/arm-atollic-eabi/6.3.1/armv7-m/crtn.o
                0x2000c000                _estack = 0x2000c000
                0x00000000                _Min_Heap_Size = 0x0
                0x00000200                _Min_Stack_Size = 0x200

.isr_vector     0x08010000      0x1e4
                0x08010000                . = ALIGN (0x4)
 *(.isr_vector)
 .isr_vector    0x08010000      0x1e4 src\startup_stm32f10x_hd.o
                0x08010000                g_pfnVectors
                0x080101e4                . = ALIGN (0x4)

.text           0x080101e8     0xabec
                0x080101e8                . = ALIGN (0x4)
 *(.text)
 .text          0x080101e8       0x40 d:/aboutstm32/truestudio/truestudio for stm32 9.3.0/armtools/bin/../lib/gcc/arm-atollic-eabi/6.3.1/armv7-m/crtbegin.o
 .text          0x08010228       0x14 d:/aboutstm32/truestudio/truestudio for stm32 9.3.0/armtools/bin/../lib/gcc/arm-atollic-eabi/6.3.1/../../../../arm-atollic-eabi/lib/armv7-m\libc.a(lib_a-strcmp.o)
                0x08010228                strcmp
 .text          0x0801023c       0x10 d:/aboutstm32/truestudio/truestudio for stm32 9.3.0/armtools/bin/../lib/gcc/arm-atollic-eabi/6.3.1/../../../../arm-atollic-eabi/lib/armv7-m\libc.a(lib_a-strlen.o)
                0x0801023c                strlen
 .text          0x0801024c      0x370 d:/aboutstm32/truestudio/truestudio for stm32 9.3.0/armtools/bin/../lib/gcc/arm-atollic-eabi/6.3.1/armv7-m\libgcc.a(_arm_addsubdf3.o)
                0x0801024c                __aeabi_drsub
                0x08010254                __aeabi_dsub
                0x08010254                __subdf3
                0x08010258                __aeabi_dadd
                0x08010258                __adddf3
                0x080104d0                __floatunsidf
                0x080104d0                __aeabi_ui2d
                0x080104f0                __floatsidf
                0x080104f0                __aeabi_i2d
                0x08010514                __aeabi_f2d
                0x08010514                __extendsfdf2
                0x08010550                __floatundidf
                0x08010550                __aeabi_ul2d
                0x08010560                __floatdidf
                0x08010560                __aeabi_l2d
 .text          0x080105bc      0x424 d:/aboutstm32/truestudio/truestudio for stm32 9.3.0/armtools/bin/../lib/gcc/arm-atollic-eabi/6.3.1/armv7-m\libgcc.a(_arm_muldivdf3.o)
                0x080105bc                __aeabi_dmul
                0x080105bc                __muldf3
                0x08010810                __divdf3
                0x08010810                __aeabi_ddiv
 .text          0x080109e0      0x110 d:/aboutstm32/truestudio/truestudio for stm32 9.3.0/armtools/bin/../lib/gcc/arm-atollic-eabi/6.3.1/armv7-m\libgcc.a(_arm_cmpdf2.o)
                0x080109e0                __gtdf2
                0x080109e0                __gedf2
                0x080109e8                __ltdf2
                0x080109e8                __ledf2
                0x080109f0                __nedf2
                0x080109f0                __eqdf2
                0x080109f0                __cmpdf2
                0x08010a6c                __aeabi_cdrcmple
                0x08010a7c                __aeabi_cdcmpeq
                0x08010a7c                __aeabi_cdcmple
                0x08010a8c                __aeabi_dcmpeq
                0x08010aa0                __aeabi_dcmplt
                0x08010ab4                __aeabi_dcmple
                0x08010ac8                __aeabi_dcmpge
                0x08010adc                __aeabi_dcmpgt
 .text          0x08010af0       0x2c d:/aboutstm32/truestudio/truestudio for stm32 9.3.0/armtools/bin/../lib/gcc/arm-atollic-eabi/6.3.1/armv7-m\libgcc.a(_arm_unorddf2.o)
                0x08010af0                __unorddf2
                0x08010af0                __aeabi_dcmpun
 .text          0x08010b1c       0x50 d:/aboutstm32/truestudio/truestudio for stm32 9.3.0/armtools/bin/../lib/gcc/arm-atollic-eabi/6.3.1/armv7-m\libgcc.a(_arm_fixdfsi.o)
                0x08010b1c                __aeabi_d2iz
                0x08010b1c                __fixdfsi
 .text          0x08010b6c       0x30 d:/aboutstm32/truestudio/truestudio for stm32 9.3.0/armtools/bin/../lib/gcc/arm-atollic-eabi/6.3.1/armv7-m\libgcc.a(_aeabi_uldivmod.o)
                0x08010b6c                __aeabi_uldivmod
 .text          0x08010b9c      0x2dc d:/aboutstm32/truestudio/truestudio for stm32 9.3.0/armtools/bin/../lib/gcc/arm-atollic-eabi/6.3.1/armv7-m\libgcc.a(_udivmoddi4.o)
                0x08010b9c                __udivmoddi4
 .text          0x08010e78        0x4 d:/aboutstm32/truestudio/truestudio for stm32 9.3.0/armtools/bin/../lib/gcc/arm-atollic-eabi/6.3.1/armv7-m\libgcc.a(_dvmd_tls.o)
                0x08010e78                __aeabi_idiv0
                0x08010e78                __aeabi_ldiv0
 *(.text*)
 .text.Init_74HC165
                0x08010e7c       0x64 App\Loyer_74HC165\L74hc165.o
                0x08010e7c                Init_74HC165
 .text.read_74HC165
                0x08010ee0       0xe8 App\Loyer_74HC165\L74hc165.o
                0x08010ee0                read_74HC165
 .text.Init_74HC595
                0x08010fc8       0x74 App\Loyer_74HC595\L74HC595.o
                0x08010fc8                Init_74HC595
 .text.HC595_Send_Byte
                0x0801103c       0x7c App\Loyer_74HC595\L74HC595.o
                0x0801103c                HC595_Send_Byte
 .text.ledON    0x080110b8       0x4c App\Loyer_74HC595\L74HC595.o
                0x080110b8                ledON
 .text.ledOFF   0x08011104       0x48 App\Loyer_74HC595\L74HC595.o
                0x08011104                ledOFF
 .text.ledBLINK
                0x0801114c       0x48 App\Loyer_74HC595\L74HC595.o
                0x0801114c                ledBLINK
 .text.TIM4_Init
                0x08011194       0x7c App\Tim\tim4.o
                0x08011194                TIM4_Init
 .text.TIM4_IRQHandler
                0x08011210      0x390 App\Tim\tim4.o
                0x08011210                TIM4_IRQHandler
 .text.Init_Audio
                0x080115a0       0x38 App\audio\audio.o
                0x080115a0                Init_Audio
 .text.play_audio
                0x080115d8       0x58 App\audio\audio.o
                0x080115d8                play_audio
 .text.STMFLASH_ReadHalfWord
                0x08011630       0x18 App\flash\STMFlash.o
                0x08011630                STMFLASH_ReadHalfWord
 .text.STMFLASH_Write_NoCheck
                0x08011648       0x42 App\flash\STMFlash.o
                0x08011648                STMFLASH_Write_NoCheck
 *fill*         0x0801168a        0x2 
 .text.STMFLASH_Write
                0x0801168c      0x150 App\flash\STMFlash.o
                0x0801168c                STMFLASH_Write
 .text.STMFLASH_Read
                0x080117dc       0x42 App\flash\STMFlash.o
                0x080117dc                STMFLASH_Read
 *fill*         0x0801181e        0x2 
 .text.ReadDeviceID
                0x08011820       0x1c App\flash\STMFlash.o
                0x08011820                ReadDeviceID
 .text.ReadVersion
                0x0801183c       0x1c App\flash\STMFlash.o
                0x0801183c                ReadVersion
 .text.ReadAPPServer
                0x08011858       0x1c App\flash\STMFlash.o
                0x08011858                ReadAPPServer
 .text.Init_led
                0x08011874       0x50 App\led\led.o
                0x08011874                Init_led
 .text.NVIC_SystemReset
                0x080118c4       0x28 App\module_4G\usart_4G.o
 .text.USART2_Init
                0x080118ec       0xb0 App\module_4G\usart_4G.o
                0x080118ec                USART2_Init
 .text.F4G_Init
                0x0801199c      0x198 App\module_4G\usart_4G.o
                0x0801199c                F4G_Init
 .text.USART2_IRQHandler
                0x08011b34      0x43c App\module_4G\usart_4G.o
                0x08011b34                USART2_IRQHandler
 .text.split    0x08011f70       0x78 App\module_4G\usart_4G.o
                0x08011f70                split
 .text.Send_AT_Cmd
                0x08011fe8       0xdc App\module_4G\usart_4G.o
                0x08011fe8                Send_AT_Cmd
 .text.F4G_AT_Test
                0x080120c4       0x64 App\module_4G\usart_4G.o
                0x080120c4                F4G_AT_Test
 .text.connectToTCPServer
                0x08012128       0x5c App\module_4G\usart_4G.o
                0x08012128                connectToTCPServer
 .text.F4G_sendStr
                0x08012184       0xcc App\module_4G\usart_4G.o
                0x08012184                F4G_sendStr
 .text.F4G_ExitUnvarnishSend
                0x08012250       0x28 App\module_4G\usart_4G.o
                0x08012250                F4G_ExitUnvarnishSend
 .text.getModuleMes
                0x08012278      0x240 App\module_4G\usart_4G.o
                0x08012278                getModuleMes
 .text.communicateWithHost
                0x080124b8       0x50 App\module_4G\usart_4G.o
                0x080124b8                communicateWithHost
 .text.catRequestStr
                0x08012508       0x58 App\module_4G\usart_4G.o
                0x08012508                catRequestStr
 .text.request  0x08012560       0x34 App\module_4G\usart_4G.o
                0x08012560                request
 .text.response2reset
                0x08012594       0x44 App\module_4G\usart_4G.o
                0x08012594                response2reset
 .text.common_heart
                0x080125d8       0x68 App\module_4G\usart_4G.o
                0x080125d8                common_heart
 .text.statu_heart
                0x08012640       0xb8 App\module_4G\usart_4G.o
                0x08012640                statu_heart
 .text.dd_tc    0x080126f8       0xb8 App\module_4G\usart_4G.o
                0x080126f8                dd_tc
 .text.sys_tc   0x080127b0       0xb0 App\module_4G\usart_4G.o
                0x080127b0                sys_tc
 .text.currentPortStatuChanged
                0x08012860       0x7c App\module_4G\usart_4G.o
                0x08012860                currentPortStatuChanged
 .text.Int2Strs
                0x080128dc       0x28 App\module_4G\usart_4G.o
                0x080128dc                Int2Strs
 .text.request2Server
                0x08012904       0x30 App\module_4G\usart_4G.o
                0x08012904                request2Server
 .text.Init_Motor
                0x08012934       0x98 App\motor\motor.o
                0x08012934                Init_Motor
 .text.motor_run
                0x080129cc      0x104 App\motor\motor.o
                0x080129cc                motor_run
 .text.popUP_powerBank
                0x08012ad0      0x2b4 App\motor\motor.o
                0x08012ad0                popUP_powerBank
 .text.motor_stop
                0x08012d84       0xc0 App\motor\motor.o
                0x08012d84                motor_stop
 .text.USART3_Init
                0x08012e44       0xbc App\powerBank\bat_usart.o
                0x08012e44                USART3_Init
 .text.Init_Bat_Usart
                0x08012f00       0x5c App\powerBank\bat_usart.o
                0x08012f00                Init_Bat_Usart
 .text.communicateWithPort
                0x08012f5c       0xec App\powerBank\bat_usart.o
                0x08012f5c                communicateWithPort
 .text.communicationTest
                0x08013048       0x88 App\powerBank\bat_usart.o
                0x08013048                communicationTest
 .text.checkPowerbankStatus
                0x080130d0      0x1c4 App\powerBank\bat_usart.o
                0x080130d0                checkPowerbankStatus
 .text.scanPowerBank
                0x08013294       0x74 App\powerBank\bat_usart.o
                0x08013294                scanPowerBank
 .text.setBATInstruction
                0x08013308      0x17c App\powerBank\bat_usart.o
                0x08013308                setBATInstruction
 .text.BSP_UART_SendOneByte
                0x08013484       0x34 App\powerBank\bat_usart.o
                0x08013484                BSP_UART_SendOneByte
 .text.get_crc  0x080134b8       0x78 App\powerBank\bat_usart.o
                0x080134b8                get_crc
 .text.get_crc_2
                0x08013530       0x7a App\powerBank\bat_usart.o
                0x08013530                get_crc_2
 *fill*         0x080135aa        0x2 
 .text.BSP_UART_SendMultipleBytes
                0x080135ac       0x40 App\powerBank\bat_usart.o
                0x080135ac                BSP_UART_SendMultipleBytes
 .text.app_frame_anasys
                0x080135ec       0x94 App\powerBank\bat_usart.o
                0x080135ec                app_frame_anasys
 .text.app_cmd_anasys
                0x08013680      0x164 App\powerBank\bat_usart.o
                0x08013680                app_cmd_anasys
 .text.controlPowerbank
                0x080137e4       0x52 App\powerBank\bat_usart.o
                0x080137e4                controlPowerbank
 *fill*         0x08013836        0x2 
 .text.USART3_IRQHandler
                0x08013838       0xe0 App\powerBank\bat_usart.o
                0x08013838                USART3_IRQHandler
 .text.Init_BAT_Charge
                0x08013918       0x88 App\powerBank\charge.o
                0x08013918                Init_BAT_Charge
 .text.controlPowerBankCharge
                0x080139a0       0x8c App\powerBank\charge.o
                0x080139a0                controlPowerBankCharge
 .text.base64_encode
                0x08013a2c      0x19c App\util\base64.o
                0x08013a2c                base64_encode
 .text.num_strchr
                0x08013bc8       0x32 App\util\base64.o
                0x08013bc8                num_strchr
 *fill*         0x08013bfa        0x2 
 .text.base64_decode
                0x08013bfc      0x140 App\util\base64.o
                0x08013bfc                base64_decode
 .text.UART4_IRQHandler
                0x08013d3c       0xb8 App\wifi\drive\wifi_drive.o
                0x08013d3c                UART4_IRQHandler
 .text.itoa     0x08013df4       0xc0 App\wifi\public\wifi_public.o
 .text.Wifi_USART_printf
                0x08013eb4      0x148 App\wifi\public\wifi_public.o
                0x08013eb4                Wifi_USART_printf
 .text.NVIC_PriorityGroupConfig
                0x08013ffc       0x24 Libraries\STM32F10x_StdPeriph_Driver\src\misc.o
                0x08013ffc                NVIC_PriorityGroupConfig
 .text.NVIC_Init
                0x08014020       0xc4 Libraries\STM32F10x_StdPeriph_Driver\src\misc.o
                0x08014020                NVIC_Init
 .text.NVIC_SetVectorTable
                0x080140e4       0x2c Libraries\STM32F10x_StdPeriph_Driver\src\misc.o
                0x080140e4                NVIC_SetVectorTable
 .text.FLASH_Unlock
                0x08014110       0x24 Libraries\STM32F10x_StdPeriph_Driver\src\stm32f10x_flash.o
                0x08014110                FLASH_Unlock
 .text.FLASH_Lock
                0x08014134       0x1c Libraries\STM32F10x_StdPeriph_Driver\src\stm32f10x_flash.o
                0x08014134                FLASH_Lock
 .text.FLASH_ErasePage
                0x08014150       0x64 Libraries\STM32F10x_StdPeriph_Driver\src\stm32f10x_flash.o
                0x08014150                FLASH_ErasePage
 .text.FLASH_ProgramHalfWord
                0x080141b4       0x5c Libraries\STM32F10x_StdPeriph_Driver\src\stm32f10x_flash.o
                0x080141b4                FLASH_ProgramHalfWord
 .text.FLASH_GetBank1Status
                0x08014210       0x54 Libraries\STM32F10x_StdPeriph_Driver\src\stm32f10x_flash.o
                0x08014210                FLASH_GetBank1Status
 .text.FLASH_WaitForLastOperation
                0x08014264       0x44 Libraries\STM32F10x_StdPeriph_Driver\src\stm32f10x_flash.o
                0x08014264                FLASH_WaitForLastOperation
 .text.GPIO_Init
                0x080142a8      0x178 Libraries\STM32F10x_StdPeriph_Driver\src\stm32f10x_gpio.o
                0x080142a8                GPIO_Init
 .text.GPIO_ReadInputDataBit
                0x08014420       0x32 Libraries\STM32F10x_StdPeriph_Driver\src\stm32f10x_gpio.o
                0x08014420                GPIO_ReadInputDataBit
 .text.GPIO_SetBits
                0x08014452       0x1c Libraries\STM32F10x_StdPeriph_Driver\src\stm32f10x_gpio.o
                0x08014452                GPIO_SetBits
 .text.GPIO_ResetBits
                0x0801446e       0x1c Libraries\STM32F10x_StdPeriph_Driver\src\stm32f10x_gpio.o
                0x0801446e                GPIO_ResetBits
 *fill*         0x0801448a        0x2 
 .text.GPIO_PinRemapConfig
                0x0801448c       0xe0 Libraries\STM32F10x_StdPeriph_Driver\src\stm32f10x_gpio.o
                0x0801448c                GPIO_PinRemapConfig
 .text.RCC_GetClocksFreq
                0x0801456c      0x160 Libraries\STM32F10x_StdPeriph_Driver\src\stm32f10x_rcc.o
                0x0801456c                RCC_GetClocksFreq
 .text.RCC_APB2PeriphClockCmd
                0x080146cc       0x3c Libraries\STM32F10x_StdPeriph_Driver\src\stm32f10x_rcc.o
                0x080146cc                RCC_APB2PeriphClockCmd
 .text.RCC_APB1PeriphClockCmd
                0x08014708       0x3c Libraries\STM32F10x_StdPeriph_Driver\src\stm32f10x_rcc.o
                0x08014708                RCC_APB1PeriphClockCmd
 .text.RCC_APB2PeriphResetCmd
                0x08014744       0x3c Libraries\STM32F10x_StdPeriph_Driver\src\stm32f10x_rcc.o
                0x08014744                RCC_APB2PeriphResetCmd
 .text.RCC_APB1PeriphResetCmd
                0x08014780       0x3c Libraries\STM32F10x_StdPeriph_Driver\src\stm32f10x_rcc.o
                0x08014780                RCC_APB1PeriphResetCmd
 .text.TIM_DeInit
                0x080147bc      0x22c Libraries\STM32F10x_StdPeriph_Driver\src\stm32f10x_tim.o
                0x080147bc                TIM_DeInit
 .text.TIM_TimeBaseInit
                0x080149e8       0xf8 Libraries\STM32F10x_StdPeriph_Driver\src\stm32f10x_tim.o
                0x080149e8                TIM_TimeBaseInit
 .text.TIM_Cmd  0x08014ae0       0x3e Libraries\STM32F10x_StdPeriph_Driver\src\stm32f10x_tim.o
                0x08014ae0                TIM_Cmd
 .text.TIM_ITConfig
                0x08014b1e       0x46 Libraries\STM32F10x_StdPeriph_Driver\src\stm32f10x_tim.o
                0x08014b1e                TIM_ITConfig
 .text.TIM_GetITStatus
                0x08014b64       0x52 Libraries\STM32F10x_StdPeriph_Driver\src\stm32f10x_tim.o
                0x08014b64                TIM_GetITStatus
 .text.TIM_ClearITPendingBit
                0x08014bb6       0x20 Libraries\STM32F10x_StdPeriph_Driver\src\stm32f10x_tim.o
                0x08014bb6                TIM_ClearITPendingBit
 *fill*         0x08014bd6        0x2 
 .text.USART_DeInit
                0x08014bd8       0xb8 Libraries\STM32F10x_StdPeriph_Driver\src\stm32f10x_usart.o
                0x08014bd8                USART_DeInit
 .text.USART_Init
                0x08014c90      0x174 Libraries\STM32F10x_StdPeriph_Driver\src\stm32f10x_usart.o
                0x08014c90                USART_Init
 .text.USART_Cmd
                0x08014e04       0x3e Libraries\STM32F10x_StdPeriph_Driver\src\stm32f10x_usart.o
                0x08014e04                USART_Cmd
 .text.USART_ITConfig
                0x08014e42       0x8e Libraries\STM32F10x_StdPeriph_Driver\src\stm32f10x_usart.o
                0x08014e42                USART_ITConfig
 .text.USART_SendData
                0x08014ed0       0x22 Libraries\STM32F10x_StdPeriph_Driver\src\stm32f10x_usart.o
                0x08014ed0                USART_SendData
 .text.USART_ReceiveData
                0x08014ef2       0x1e Libraries\STM32F10x_StdPeriph_Driver\src\stm32f10x_usart.o
                0x08014ef2                USART_ReceiveData
 .text.USART_GetFlagStatus
                0x08014f10       0x36 Libraries\STM32F10x_StdPeriph_Driver\src\stm32f10x_usart.o
                0x08014f10                USART_GetFlagStatus
 .text.USART_ClearFlag
                0x08014f46       0x20 Libraries\STM32F10x_StdPeriph_Driver\src\stm32f10x_usart.o
                0x08014f46                USART_ClearFlag
 .text.USART_GetITStatus
                0x08014f66       0xb4 Libraries\STM32F10x_StdPeriph_Driver\src\stm32f10x_usart.o
                0x08014f66                USART_GetITStatus
 .text.USART_ClearITPendingBit
                0x0801501a       0x38 Libraries\STM32F10x_StdPeriph_Driver\src\stm32f10x_usart.o
                0x0801501a                USART_ClearITPendingBit
 *fill*         0x08015052        0x2 
 .text.delay_us
                0x08015054       0x54 Public\systick.o
                0x08015054                delay_us
 .text.delay_ms
                0x080150a8       0x58 Public\systick.o
                0x080150a8                delay_ms
 .text.USART1_Init
                0x08015100      0x21c Public\usart.o
                0x08015100                USART1_Init
 .text.USART1_IRQHandler
                0x0801531c      0x400 Public\usart.o
                0x0801531c                USART1_IRQHandler
 .text.hexStr2Byte
                0x0801571c       0x58 Public\usart.o
                0x0801571c                hexStr2Byte
 .text.main     0x08015774      0x26c src\main.o
                0x08015774                main
 .text.Reset_Handler
                0x080159e0       0x50 src\startup_stm32f10x_hd.o
                0x080159e0                Reset_Handler
 .text.Default_Handler
                0x08015a30        0x2 src\startup_stm32f10x_hd.o
                0x08015a30                EXTI2_IRQHandler
                0x08015a30                TIM8_TRG_COM_IRQHandler
                0x08015a30                TIM8_CC_IRQHandler
                0x08015a30                TIM1_CC_IRQHandler
                0x08015a30                TIM6_IRQHandler
                0x08015a30                PVD_IRQHandler
                0x08015a30                SDIO_IRQHandler
                0x08015a30                EXTI3_IRQHandler
                0x08015a30                EXTI0_IRQHandler
                0x08015a30                I2C2_EV_IRQHandler
                0x08015a30                ADC1_2_IRQHandler
                0x08015a30                SPI1_IRQHandler
                0x08015a30                TAMPER_IRQHandler
                0x08015a30                TIM8_UP_IRQHandler
                0x08015a30                DMA2_Channel2_IRQHandler
                0x08015a30                DMA1_Channel4_IRQHandler
                0x08015a30                RTC_IRQHandler
                0x08015a30                DMA1_Channel7_IRQHandler
                0x08015a30                CAN1_RX1_IRQHandler
                0x08015a30                UART5_IRQHandler
                0x08015a30                ADC3_IRQHandler
                0x08015a30                DMA2_Channel1_IRQHandler
                0x08015a30                I2C1_EV_IRQHandler
                0x08015a30                DMA1_Channel6_IRQHandler
                0x08015a30                TIM3_IRQHandler
                0x08015a30                RCC_IRQHandler
                0x08015a30                TIM1_TRG_COM_IRQHandler
                0x08015a30                DMA1_Channel1_IRQHandler
                0x08015a30                Default_Handler
                0x08015a30                EXTI15_10_IRQHandler
                0x08015a30                TIM7_IRQHandler
                0x08015a30                TIM5_IRQHandler
                0x08015a30                EXTI9_5_IRQHandler
                0x08015a30                SPI2_IRQHandler
                0x08015a30                DMA1_Channel5_IRQHandler
                0x08015a30                EXTI4_IRQHandler
                0x08015a30                USB_LP_CAN1_RX0_IRQHandler
                0x08015a30                USB_HP_CAN1_TX_IRQHandler
                0x08015a30                DMA1_Channel3_IRQHandler
                0x08015a30                FSMC_IRQHandler
                0x08015a30                TIM1_UP_IRQHandler
                0x08015a30                WWDG_IRQHandler
                0x08015a30                TIM2_IRQHandler
                0x08015a30                TIM1_BRK_IRQHandler
                0x08015a30                EXTI1_IRQHandler
                0x08015a30                RTCAlarm_IRQHandler
                0x08015a30                DMA2_Channel4_5_IRQHandler
                0x08015a30                I2C2_ER_IRQHandler
                0x08015a30                DMA1_Channel2_IRQHandler
                0x08015a30                TIM8_BRK_IRQHandler
                0x08015a30                CAN1_SCE_IRQHandler
                0x08015a30                FLASH_IRQHandler
                0x08015a30                SPI3_IRQHandler
                0x08015a30                I2C1_ER_IRQHandler
                0x08015a30                USBWakeUp_IRQHandler
                0x08015a30                DMA2_Channel3_IRQHandler
 .text.NMI_Handler
                0x08015a32        0xc src\stm32f1xx_it.o
                0x08015a32                NMI_Handler
 .text.HardFault_Handler
                0x08015a3e        0x6 src\stm32f1xx_it.o
                0x08015a3e                HardFault_Handler
 .text.MemManage_Handler
                0x08015a44        0x6 src\stm32f1xx_it.o
                0x08015a44                MemManage_Handler
 .text.BusFault_Handler
                0x08015a4a        0x6 src\stm32f1xx_it.o
                0x08015a4a                BusFault_Handler
 .text.UsageFault_Handler
                0x08015a50        0x6 src\stm32f1xx_it.o
                0x08015a50                UsageFault_Handler
 .text.SVC_Handler
                0x08015a56        0xc src\stm32f1xx_it.o
                0x08015a56                SVC_Handler
 .text.DebugMon_Handler
                0x08015a62        0xc src\stm32f1xx_it.o
                0x08015a62                DebugMon_Handler
 .text.PendSV_Handler
                0x08015a6e        0xc src\stm32f1xx_it.o
                0x08015a6e                PendSV_Handler
 .text.SysTick_Handler
                0x08015a7a        0xc src\stm32f1xx_it.o
                0x08015a7a                SysTick_Handler
 *fill*         0x08015a86        0x2 
 .text.__io_putchar
                0x08015a88       0x34 src\syscalls.o
                0x08015a88                __io_putchar
 .text._write   0x08015abc       0x38 src\syscalls.o
                0x08015abc                _write
 .text._sbrk    0x08015af4       0x3c src\syscalls.o
                0x08015af4                _sbrk
 .text._close   0x08015b30       0x20 src\syscalls.o
                0x08015b30                _close
 .text._fstat   0x08015b50       0x24 src\syscalls.o
                0x08015b50                _fstat
 .text._isatty  0x08015b74       0x20 src\syscalls.o
                0x08015b74                _isatty
 .text._lseek   0x08015b94       0x24 src\syscalls.o
                0x08015b94                _lseek
 .text._read    0x08015bb8       0x24 src\syscalls.o
                0x08015bb8                _read
 .text.SystemInit
                0x08015bdc       0x68 src\system_stm32f10x.o
                0x08015bdc                SystemInit
 .text.SetSysClock
                0x08015c44        0xc src\system_stm32f10x.o
 .text.SetSysClockTo72
                0x08015c50      0x100 src\system_stm32f10x.o
 .text.atoi     0x08015d50        0x8 d:/aboutstm32/truestudio/truestudio for stm32 9.3.0/armtools/bin/../lib/gcc/arm-atollic-eabi/6.3.1/../../../../arm-atollic-eabi/lib/armv7-m\libc.a(lib_a-atoi.o)
                0x08015d50                atoi
 .text.__libc_init_array
                0x08015d58       0x48 d:/aboutstm32/truestudio/truestudio for stm32 9.3.0/armtools/bin/../lib/gcc/arm-atollic-eabi/6.3.1/../../../../arm-atollic-eabi/lib/armv7-m\libc.a(lib_a-init.o)
                0x08015d58                __libc_init_array
 .text.__itoa   0x08015da0       0x30 d:/aboutstm32/truestudio/truestudio for stm32 9.3.0/armtools/bin/../lib/gcc/arm-atollic-eabi/6.3.1/../../../../arm-atollic-eabi/lib/armv7-m\libc.a(lib_a-itoa.o)
                0x08015da0                __itoa
 .text.itoa     0x08015dd0        0x4 d:/aboutstm32/truestudio/truestudio for stm32 9.3.0/armtools/bin/../lib/gcc/arm-atollic-eabi/6.3.1/../../../../arm-atollic-eabi/lib/armv7-m\libc.a(lib_a-itoa.o)
                0x08015dd0                itoa
 .text.memcmp   0x08015dd4       0x1e d:/aboutstm32/truestudio/truestudio for stm32 9.3.0/armtools/bin/../lib/gcc/arm-atollic-eabi/6.3.1/../../../../arm-atollic-eabi/lib/armv7-m\libc.a(lib_a-memcmp.o)
                0x08015dd4                memcmp
 .text.memcpy   0x08015df2       0x16 d:/aboutstm32/truestudio/truestudio for stm32 9.3.0/armtools/bin/../lib/gcc/arm-atollic-eabi/6.3.1/../../../../arm-atollic-eabi/lib/armv7-m\libc.a(lib_a-memcpy-stub.o)
                0x08015df2                memcpy
 .text.memset   0x08015e08       0x10 d:/aboutstm32/truestudio/truestudio for stm32 9.3.0/armtools/bin/../lib/gcc/arm-atollic-eabi/6.3.1/../../../../arm-atollic-eabi/lib/armv7-m\libc.a(lib_a-memset.o)
                0x08015e08                memset
 .text.printf   0x08015e18       0x30 d:/aboutstm32/truestudio/truestudio for stm32 9.3.0/armtools/bin/../lib/gcc/arm-atollic-eabi/6.3.1/../../../../arm-atollic-eabi/lib/armv7-m\libc.a(lib_a-printf.o)
                0x08015e18                printf
 .text._puts_r  0x08015e48       0xc0 d:/aboutstm32/truestudio/truestudio for stm32 9.3.0/armtools/bin/../lib/gcc/arm-atollic-eabi/6.3.1/../../../../arm-atollic-eabi/lib/armv7-m\libc.a(lib_a-puts.o)
                0x08015e48                _puts_r
 .text.puts     0x08015f08       0x10 d:/aboutstm32/truestudio/truestudio for stm32 9.3.0/armtools/bin/../lib/gcc/arm-atollic-eabi/6.3.1/../../../../arm-atollic-eabi/lib/armv7-m\libc.a(lib_a-puts.o)
                0x08015f08                puts
 .text.snprintf
                0x08015f18       0x68 d:/aboutstm32/truestudio/truestudio for stm32 9.3.0/armtools/bin/../lib/gcc/arm-atollic-eabi/6.3.1/../../../../arm-atollic-eabi/lib/armv7-m\libc.a(lib_a-snprintf.o)
                0x08015f18                snprintf
 .text.sprintf  0x08015f80       0x48 d:/aboutstm32/truestudio/truestudio for stm32 9.3.0/armtools/bin/../lib/gcc/arm-atollic-eabi/6.3.1/../../../../arm-atollic-eabi/lib/armv7-m\libc.a(lib_a-sprintf.o)
                0x08015f80                sprintf
 .text.strcat   0x08015fc8       0x1e d:/aboutstm32/truestudio/truestudio for stm32 9.3.0/armtools/bin/../lib/gcc/arm-atollic-eabi/6.3.1/../../../../arm-atollic-eabi/lib/armv7-m\libc.a(lib_a-strcat.o)
                0x08015fc8                strcat
 .text.strchr   0x08015fe6       0x1c d:/aboutstm32/truestudio/truestudio for stm32 9.3.0/armtools/bin/../lib/gcc/arm-atollic-eabi/6.3.1/../../../../arm-atollic-eabi/lib/armv7-m\libc.a(lib_a-strchr.o)
                0x08015fe6                strchr
 .text.strcpy   0x08016002       0x10 d:/aboutstm32/truestudio/truestudio for stm32 9.3.0/armtools/bin/../lib/gcc/arm-atollic-eabi/6.3.1/../../../../arm-atollic-eabi/lib/armv7-m\libc.a(lib_a-strcpy.o)
                0x08016002                strcpy
 .text.strncat  0x08016012       0x28 d:/aboutstm32/truestudio/truestudio for stm32 9.3.0/armtools/bin/../lib/gcc/arm-atollic-eabi/6.3.1/../../../../arm-atollic-eabi/lib/armv7-m\libc.a(lib_a-strncat.o)
                0x08016012                strncat
 .text.strstr   0x0801603a       0x36 d:/aboutstm32/truestudio/truestudio for stm32 9.3.0/armtools/bin/../lib/gcc/arm-atollic-eabi/6.3.1/../../../../arm-atollic-eabi/lib/armv7-m\libc.a(lib_a-strstr.o)
                0x0801603a                strstr
 .text.strtok   0x08016070       0x58 d:/aboutstm32/truestudio/truestudio for stm32 9.3.0/armtools/bin/../lib/gcc/arm-atollic-eabi/6.3.1/../../../../arm-atollic-eabi/lib/armv7-m\libc.a(lib_a-strtok.o)
                0x08016070                strtok
 .text.__strtok_r
                0x080160c8       0x52 d:/aboutstm32/truestudio/truestudio for stm32 9.3.0/armtools/bin/../lib/gcc/arm-atollic-eabi/6.3.1/../../../../arm-atollic-eabi/lib/armv7-m\libc.a(lib_a-strtok_r.o)
                0x080160c8                __strtok_r
 .text._strtol_l.isra.0
                0x0801611a      0x100 d:/aboutstm32/truestudio/truestudio for stm32 9.3.0/armtools/bin/../lib/gcc/arm-atollic-eabi/6.3.1/../../../../arm-atollic-eabi/lib/armv7-m\libc.a(lib_a-strtol.o)
 *fill*         0x0801621a        0x2 
 .text.strtol   0x0801621c       0x2c d:/aboutstm32/truestudio/truestudio for stm32 9.3.0/armtools/bin/../lib/gcc/arm-atollic-eabi/6.3.1/../../../../arm-atollic-eabi/lib/armv7-m\libc.a(lib_a-strtol.o)
                0x0801621c                strtol
 .text._svfprintf_r
                0x08016248      0xfa0 d:/aboutstm32/truestudio/truestudio for stm32 9.3.0/armtools/bin/../lib/gcc/arm-atollic-eabi/6.3.1/../../../../arm-atollic-eabi/lib/armv7-m\libc.a(lib_a-svfprintf.o)
                0x08016248                _svfprintf_r
 .text.__utoa   0x080171e8       0x80 d:/aboutstm32/truestudio/truestudio for stm32 9.3.0/armtools/bin/../lib/gcc/arm-atollic-eabi/6.3.1/../../../../arm-atollic-eabi/lib/armv7-m\libc.a(lib_a-utoa.o)
                0x080171e8                __utoa
 .text._vfprintf_r
                0x08017268     0x106c d:/aboutstm32/truestudio/truestudio for stm32 9.3.0/armtools/bin/../lib/gcc/arm-atollic-eabi/6.3.1/../../../../arm-atollic-eabi/lib/armv7-m\libc.a(lib_a-vfprintf.o)
                0x08017268                _vfprintf_r
 .text.__sbprintf
                0x080182d4       0x80 d:/aboutstm32/truestudio/truestudio for stm32 9.3.0/armtools/bin/../lib/gcc/arm-atollic-eabi/6.3.1/../../../../arm-atollic-eabi/lib/armv7-m\libc.a(lib_a-vfprintf.o)
 .text.__swsetup_r
                0x08018354       0xdc d:/aboutstm32/truestudio/truestudio for stm32 9.3.0/armtools/bin/../lib/gcc/arm-atollic-eabi/6.3.1/../../../../arm-atollic-eabi/lib/armv7-m\libc.a(lib_a-wsetup.o)
                0x08018354                __swsetup_r
 .text.quorem   0x08018430      0x118 d:/aboutstm32/truestudio/truestudio for stm32 9.3.0/armtools/bin/../lib/gcc/arm-atollic-eabi/6.3.1/../../../../arm-atollic-eabi/lib/armv7-m\libc.a(lib_a-dtoa.o)
 .text._dtoa_r  0x08018548      0xba8 d:/aboutstm32/truestudio/truestudio for stm32 9.3.0/armtools/bin/../lib/gcc/arm-atollic-eabi/6.3.1/../../../../arm-atollic-eabi/lib/armv7-m\libc.a(lib_a-dtoa.o)
                0x08018548                _dtoa_r
 .text.__sflush_r
                0x080190f0      0x124 d:/aboutstm32/truestudio/truestudio for stm32 9.3.0/armtools/bin/../lib/gcc/arm-atollic-eabi/6.3.1/../../../../arm-atollic-eabi/lib/armv7-m\libc.a(lib_a-fflush.o)
                0x080190f0                __sflush_r
 .text._fflush_r
                0x08019214       0x78 d:/aboutstm32/truestudio/truestudio for stm32 9.3.0/armtools/bin/../lib/gcc/arm-atollic-eabi/6.3.1/../../../../arm-atollic-eabi/lib/armv7-m\libc.a(lib_a-fflush.o)
                0x08019214                _fflush_r
 .text._cleanup_r
                0x0801928c        0xc d:/aboutstm32/truestudio/truestudio for stm32 9.3.0/armtools/bin/../lib/gcc/arm-atollic-eabi/6.3.1/../../../../arm-atollic-eabi/lib/armv7-m\libc.a(lib_a-findfp.o)
                0x0801928c                _cleanup_r
 .text.std.isra.0
                0x08019298       0x48 d:/aboutstm32/truestudio/truestudio for stm32 9.3.0/armtools/bin/../lib/gcc/arm-atollic-eabi/6.3.1/../../../../arm-atollic-eabi/lib/armv7-m\libc.a(lib_a-findfp.o)
 .text.__sfmoreglue
                0x080192e0       0x2c d:/aboutstm32/truestudio/truestudio for stm32 9.3.0/armtools/bin/../lib/gcc/arm-atollic-eabi/6.3.1/../../../../arm-atollic-eabi/lib/armv7-m\libc.a(lib_a-findfp.o)
                0x080192e0                __sfmoreglue
 .text.__sfp_lock_acquire
                0x0801930c        0xc d:/aboutstm32/truestudio/truestudio for stm32 9.3.0/armtools/bin/../lib/gcc/arm-atollic-eabi/6.3.1/../../../../arm-atollic-eabi/lib/armv7-m\libc.a(lib_a-findfp.o)
                0x0801930c                __sfp_lock_acquire
 .text.__sfp_lock_release
                0x08019318        0xc d:/aboutstm32/truestudio/truestudio for stm32 9.3.0/armtools/bin/../lib/gcc/arm-atollic-eabi/6.3.1/../../../../arm-atollic-eabi/lib/armv7-m\libc.a(lib_a-findfp.o)
                0x08019318                __sfp_lock_release
 .text.__sinit_lock_acquire
                0x08019324        0xc d:/aboutstm32/truestudio/truestudio for stm32 9.3.0/armtools/bin/../lib/gcc/arm-atollic-eabi/6.3.1/../../../../arm-atollic-eabi/lib/armv7-m\libc.a(lib_a-findfp.o)
                0x08019324                __sinit_lock_acquire
 .text.__sinit_lock_release
                0x08019330        0xc d:/aboutstm32/truestudio/truestudio for stm32 9.3.0/armtools/bin/../lib/gcc/arm-atollic-eabi/6.3.1/../../../../arm-atollic-eabi/lib/armv7-m\libc.a(lib_a-findfp.o)
                0x08019330                __sinit_lock_release
 .text.__sinit  0x0801933c       0x78 d:/aboutstm32/truestudio/truestudio for stm32 9.3.0/armtools/bin/../lib/gcc/arm-atollic-eabi/6.3.1/../../../../arm-atollic-eabi/lib/armv7-m\libc.a(lib_a-findfp.o)
                0x0801933c                __sinit
 .text.__sfp    0x080193b4       0x8c d:/aboutstm32/truestudio/truestudio for stm32 9.3.0/armtools/bin/../lib/gcc/arm-atollic-eabi/6.3.1/../../../../arm-atollic-eabi/lib/armv7-m\libc.a(lib_a-findfp.o)
                0x080193b4                __sfp
 .text._malloc_trim_r
                0x08019440       0xac d:/aboutstm32/truestudio/truestudio for stm32 9.3.0/armtools/bin/../lib/gcc/arm-atollic-eabi/6.3.1/../../../../arm-atollic-eabi/lib/armv7-m\libc.a(lib_a-freer.o)
                0x08019440                _malloc_trim_r
 .text._free_r  0x080194ec      0x178 d:/aboutstm32/truestudio/truestudio for stm32 9.3.0/armtools/bin/../lib/gcc/arm-atollic-eabi/6.3.1/../../../../arm-atollic-eabi/lib/armv7-m\libc.a(lib_a-freer.o)
                0x080194ec                _free_r
 .text.__sfvwrite_r
                0x08019664      0x29c d:/aboutstm32/truestudio/truestudio for stm32 9.3.0/armtools/bin/../lib/gcc/arm-atollic-eabi/6.3.1/../../../../arm-atollic-eabi/lib/armv7-m\libc.a(lib_a-fvwrite.o)
                0x08019664                __sfvwrite_r
 .text._fwalk_reent
                0x08019900       0x3c d:/aboutstm32/truestudio/truestudio for stm32 9.3.0/armtools/bin/../lib/gcc/arm-atollic-eabi/6.3.1/../../../../arm-atollic-eabi/lib/armv7-m\libc.a(lib_a-fwalk.o)
                0x08019900                _fwalk_reent
 .text.__locale_mb_cur_max
                0x0801993c       0x1c d:/aboutstm32/truestudio/truestudio for stm32 9.3.0/armtools/bin/../lib/gcc/arm-atollic-eabi/6.3.1/../../../../arm-atollic-eabi/lib/armv7-m\libc.a(lib_a-locale.o)
                0x0801993c                __locale_mb_cur_max
 .text.__locale_ctype_ptr_l
                0x08019958        0x6 d:/aboutstm32/truestudio/truestudio for stm32 9.3.0/armtools/bin/../lib/gcc/arm-atollic-eabi/6.3.1/../../../../arm-atollic-eabi/lib/armv7-m\libc.a(lib_a-locale.o)
                0x08019958                __locale_ctype_ptr_l
 *fill*         0x0801995e        0x2 
 .text._localeconv_r
                0x08019960       0x1c d:/aboutstm32/truestudio/truestudio for stm32 9.3.0/armtools/bin/../lib/gcc/arm-atollic-eabi/6.3.1/../../../../arm-atollic-eabi/lib/armv7-m\libc.a(lib_a-localeconv.o)
                0x08019960                _localeconv_r
 .text.__retarget_lock_init_recursive
                0x0801997c        0x2 d:/aboutstm32/truestudio/truestudio for stm32 9.3.0/armtools/bin/../lib/gcc/arm-atollic-eabi/6.3.1/../../../../arm-atollic-eabi/lib/armv7-m\libc.a(lib_a-lock.o)
                0x0801997c                __retarget_lock_init_recursive
 .text.__retarget_lock_close_recursive
                0x0801997e        0x2 d:/aboutstm32/truestudio/truestudio for stm32 9.3.0/armtools/bin/../lib/gcc/arm-atollic-eabi/6.3.1/../../../../arm-atollic-eabi/lib/armv7-m\libc.a(lib_a-lock.o)
                0x0801997e                __retarget_lock_close_recursive
 .text.__retarget_lock_acquire_recursive
                0x08019980        0x2 d:/aboutstm32/truestudio/truestudio for stm32 9.3.0/armtools/bin/../lib/gcc/arm-atollic-eabi/6.3.1/../../../../arm-atollic-eabi/lib/armv7-m\libc.a(lib_a-lock.o)
                0x08019980                __retarget_lock_acquire_recursive
 .text.__retarget_lock_release_recursive
                0x08019982        0x2 d:/aboutstm32/truestudio/truestudio for stm32 9.3.0/armtools/bin/../lib/gcc/arm-atollic-eabi/6.3.1/../../../../arm-atollic-eabi/lib/armv7-m\libc.a(lib_a-lock.o)
                0x08019982                __retarget_lock_release_recursive
 .text.__swhatbuf_r
                0x08019984       0x56 d:/aboutstm32/truestudio/truestudio for stm32 9.3.0/armtools/bin/../lib/gcc/arm-atollic-eabi/6.3.1/../../../../arm-atollic-eabi/lib/armv7-m\libc.a(lib_a-makebuf.o)
                0x08019984                __swhatbuf_r
 *fill*         0x080199da        0x2 
 .text.__smakebuf_r
                0x080199dc       0x80 d:/aboutstm32/truestudio/truestudio for stm32 9.3.0/armtools/bin/../lib/gcc/arm-atollic-eabi/6.3.1/../../../../arm-atollic-eabi/lib/armv7-m\libc.a(lib_a-makebuf.o)
                0x080199dc                __smakebuf_r
 .text.malloc   0x08019a5c       0x10 d:/aboutstm32/truestudio/truestudio for stm32 9.3.0/armtools/bin/../lib/gcc/arm-atollic-eabi/6.3.1/../../../../arm-atollic-eabi/lib/armv7-m\libc.a(lib_a-malloc.o)
                0x08019a5c                malloc
 .text._malloc_r
                0x08019a6c      0x418 d:/aboutstm32/truestudio/truestudio for stm32 9.3.0/armtools/bin/../lib/gcc/arm-atollic-eabi/6.3.1/../../../../arm-atollic-eabi/lib/armv7-m\libc.a(lib_a-mallocr.o)
                0x08019a6c                _malloc_r
 .text.__ascii_mbtowc
                0x08019e84       0x24 d:/aboutstm32/truestudio/truestudio for stm32 9.3.0/armtools/bin/../lib/gcc/arm-atollic-eabi/6.3.1/../../../../arm-atollic-eabi/lib/armv7-m\libc.a(lib_a-mbtowc_r.o)
                0x08019e84                __ascii_mbtowc
 .text.memchr   0x08019ea8       0x1c d:/aboutstm32/truestudio/truestudio for stm32 9.3.0/armtools/bin/../lib/gcc/arm-atollic-eabi/6.3.1/../../../../arm-atollic-eabi/lib/armv7-m\libc.a(lib_a-memchr-stub.o)
                0x08019ea8                memchr
 .text.memmove  0x08019ec4       0x34 d:/aboutstm32/truestudio/truestudio for stm32 9.3.0/armtools/bin/../lib/gcc/arm-atollic-eabi/6.3.1/../../../../arm-atollic-eabi/lib/armv7-m\libc.a(lib_a-memmove.o)
                0x08019ec4                memmove
 .text.__malloc_lock
                0x08019ef8        0xc d:/aboutstm32/truestudio/truestudio for stm32 9.3.0/armtools/bin/../lib/gcc/arm-atollic-eabi/6.3.1/../../../../arm-atollic-eabi/lib/armv7-m\libc.a(lib_a-mlock.o)
                0x08019ef8                __malloc_lock
 .text.__malloc_unlock
                0x08019f04        0xc d:/aboutstm32/truestudio/truestudio for stm32 9.3.0/armtools/bin/../lib/gcc/arm-atollic-eabi/6.3.1/../../../../arm-atollic-eabi/lib/armv7-m\libc.a(lib_a-mlock.o)
                0x08019f04                __malloc_unlock
 .text._Balloc  0x08019f10       0x68 d:/aboutstm32/truestudio/truestudio for stm32 9.3.0/armtools/bin/../lib/gcc/arm-atollic-eabi/6.3.1/../../../../arm-atollic-eabi/lib/armv7-m\libc.a(lib_a-mprec.o)
                0x08019f10                _Balloc
 .text._Bfree   0x08019f78       0x2e d:/aboutstm32/truestudio/truestudio for stm32 9.3.0/armtools/bin/../lib/gcc/arm-atollic-eabi/6.3.1/../../../../arm-atollic-eabi/lib/armv7-m\libc.a(lib_a-mprec.o)
                0x08019f78                _Bfree
 .text.__multadd
                0x08019fa6       0x76 d:/aboutstm32/truestudio/truestudio for stm32 9.3.0/armtools/bin/../lib/gcc/arm-atollic-eabi/6.3.1/../../../../arm-atollic-eabi/lib/armv7-m\libc.a(lib_a-mprec.o)
                0x08019fa6                __multadd
 .text.__hi0bits
                0x0801a01c       0x3e d:/aboutstm32/truestudio/truestudio for stm32 9.3.0/armtools/bin/../lib/gcc/arm-atollic-eabi/6.3.1/../../../../arm-atollic-eabi/lib/armv7-m\libc.a(lib_a-mprec.o)
                0x0801a01c                __hi0bits
 .text.__lo0bits
                0x0801a05a       0x5e d:/aboutstm32/truestudio/truestudio for stm32 9.3.0/armtools/bin/../lib/gcc/arm-atollic-eabi/6.3.1/../../../../arm-atollic-eabi/lib/armv7-m\libc.a(lib_a-mprec.o)
                0x0801a05a                __lo0bits
 .text.__i2b    0x0801a0b8       0x12 d:/aboutstm32/truestudio/truestudio for stm32 9.3.0/armtools/bin/../lib/gcc/arm-atollic-eabi/6.3.1/../../../../arm-atollic-eabi/lib/armv7-m\libc.a(lib_a-mprec.o)
                0x0801a0b8                __i2b
 .text.__multiply
                0x0801a0ca      0x118 d:/aboutstm32/truestudio/truestudio for stm32 9.3.0/armtools/bin/../lib/gcc/arm-atollic-eabi/6.3.1/../../../../arm-atollic-eabi/lib/armv7-m\libc.a(lib_a-mprec.o)
                0x0801a0ca                __multiply
 *fill*         0x0801a1e2        0x2 
 .text.__pow5mult
                0x0801a1e4       0x9c d:/aboutstm32/truestudio/truestudio for stm32 9.3.0/armtools/bin/../lib/gcc/arm-atollic-eabi/6.3.1/../../../../arm-atollic-eabi/lib/armv7-m\libc.a(lib_a-mprec.o)
                0x0801a1e4                __pow5mult
 .text.__lshift
                0x0801a280       0xa2 d:/aboutstm32/truestudio/truestudio for stm32 9.3.0/armtools/bin/../lib/gcc/arm-atollic-eabi/6.3.1/../../../../arm-atollic-eabi/lib/armv7-m\libc.a(lib_a-mprec.o)
                0x0801a280                __lshift
 .text.__mcmp   0x0801a322       0x34 d:/aboutstm32/truestudio/truestudio for stm32 9.3.0/armtools/bin/../lib/gcc/arm-atollic-eabi/6.3.1/../../../../arm-atollic-eabi/lib/armv7-m\libc.a(lib_a-mprec.o)
                0x0801a322                __mcmp
 .text.__mdiff  0x0801a356       0xbe d:/aboutstm32/truestudio/truestudio for stm32 9.3.0/armtools/bin/../lib/gcc/arm-atollic-eabi/6.3.1/../../../../arm-atollic-eabi/lib/armv7-m\libc.a(lib_a-mprec.o)
                0x0801a356                __mdiff
 .text.__d2b    0x0801a414       0x9e d:/aboutstm32/truestudio/truestudio for stm32 9.3.0/armtools/bin/../lib/gcc/arm-atollic-eabi/6.3.1/../../../../arm-atollic-eabi/lib/armv7-m\libc.a(lib_a-mprec.o)
                0x0801a414                __d2b
 *fill*         0x0801a4b2        0x2 
 .text._realloc_r
                0x0801a4b4      0x304 d:/aboutstm32/truestudio/truestudio for stm32 9.3.0/armtools/bin/../lib/gcc/arm-atollic-eabi/6.3.1/../../../../arm-atollic-eabi/lib/armv7-m\libc.a(lib_a-reallocr.o)
                0x0801a4b4                _realloc_r
 .text._sbrk_r  0x0801a7b8       0x20 d:/aboutstm32/truestudio/truestudio for stm32 9.3.0/armtools/bin/../lib/gcc/arm-atollic-eabi/6.3.1/../../../../arm-atollic-eabi/lib/armv7-m\libc.a(lib_a-sbrkr.o)
                0x0801a7b8                _sbrk_r
 .text.__sread  0x0801a7d8       0x22 d:/aboutstm32/truestudio/truestudio for stm32 9.3.0/armtools/bin/../lib/gcc/arm-atollic-eabi/6.3.1/../../../../arm-atollic-eabi/lib/armv7-m\libc.a(lib_a-stdio.o)
                0x0801a7d8                __sread
 .text.__swrite
                0x0801a7fa       0x38 d:/aboutstm32/truestudio/truestudio for stm32 9.3.0/armtools/bin/../lib/gcc/arm-atollic-eabi/6.3.1/../../../../arm-atollic-eabi/lib/armv7-m\libc.a(lib_a-stdio.o)
                0x0801a7fa                __swrite
 .text.__sseek  0x0801a832       0x24 d:/aboutstm32/truestudio/truestudio for stm32 9.3.0/armtools/bin/../lib/gcc/arm-atollic-eabi/6.3.1/../../../../arm-atollic-eabi/lib/armv7-m\libc.a(lib_a-stdio.o)
                0x0801a832                __sseek
 .text.__sclose
                0x0801a856        0x8 d:/aboutstm32/truestudio/truestudio for stm32 9.3.0/armtools/bin/../lib/gcc/arm-atollic-eabi/6.3.1/../../../../arm-atollic-eabi/lib/armv7-m\libc.a(lib_a-stdio.o)
                0x0801a856                __sclose
 .text.__ssprint_r
                0x0801a85e       0xf4 d:/aboutstm32/truestudio/truestudio for stm32 9.3.0/armtools/bin/../lib/gcc/arm-atollic-eabi/6.3.1/../../../../arm-atollic-eabi/lib/armv7-m\libc.a(lib_a-svfiprintf.o)
                0x0801a85e                __ssprint_r
 .text.__sprint_r
                0x0801a952       0x6a d:/aboutstm32/truestudio/truestudio for stm32 9.3.0/armtools/bin/../lib/gcc/arm-atollic-eabi/6.3.1/../../../../arm-atollic-eabi/lib/armv7-m\libc.a(lib_a-vfiprintf.o)
                0x0801a952                __sprint_r
 .text.__ascii_wctomb
                0x0801a9bc       0x1a d:/aboutstm32/truestudio/truestudio for stm32 9.3.0/armtools/bin/../lib/gcc/arm-atollic-eabi/6.3.1/../../../../arm-atollic-eabi/lib/armv7-m\libc.a(lib_a-wctomb_r.o)
                0x0801a9bc                __ascii_wctomb
 *fill*         0x0801a9d6        0x2 
 .text._write_r
                0x0801a9d8       0x24 d:/aboutstm32/truestudio/truestudio for stm32 9.3.0/armtools/bin/../lib/gcc/arm-atollic-eabi/6.3.1/../../../../arm-atollic-eabi/lib/armv7-m\libc.a(lib_a-writer.o)
                0x0801a9d8                _write_r
 .text._calloc_r
                0x0801a9fc       0x5a d:/aboutstm32/truestudio/truestudio for stm32 9.3.0/armtools/bin/../lib/gcc/arm-atollic-eabi/6.3.1/../../../../arm-atollic-eabi/lib/armv7-m\libc.a(lib_a-callocr.o)
                0x0801a9fc                _calloc_r
 *fill*         0x0801aa56        0x2 
 .text._close_r
                0x0801aa58       0x20 d:/aboutstm32/truestudio/truestudio for stm32 9.3.0/armtools/bin/../lib/gcc/arm-atollic-eabi/6.3.1/../../../../arm-atollic-eabi/lib/armv7-m\libc.a(lib_a-closer.o)
                0x0801aa58                _close_r
 .text._fclose_r
                0x0801aa78       0xd8 d:/aboutstm32/truestudio/truestudio for stm32 9.3.0/armtools/bin/../lib/gcc/arm-atollic-eabi/6.3.1/../../../../arm-atollic-eabi/lib/armv7-m\libc.a(lib_a-fclose.o)
                0x0801aa78                _fclose_r
 .text.__fputwc
                0x0801ab50       0x82 d:/aboutstm32/truestudio/truestudio for stm32 9.3.0/armtools/bin/../lib/gcc/arm-atollic-eabi/6.3.1/../../../../arm-atollic-eabi/lib/armv7-m\libc.a(lib_a-fputwc.o)
                0x0801ab50                __fputwc
 .text._fputwc_r
                0x0801abd2       0x52 d:/aboutstm32/truestudio/truestudio for stm32 9.3.0/armtools/bin/../lib/gcc/arm-atollic-eabi/6.3.1/../../../../arm-atollic-eabi/lib/armv7-m\libc.a(lib_a-fputwc.o)
                0x0801abd2                _fputwc_r
 .text._fstat_r
                0x0801ac24       0x24 d:/aboutstm32/truestudio/truestudio for stm32 9.3.0/armtools/bin/../lib/gcc/arm-atollic-eabi/6.3.1/../../../../arm-atollic-eabi/lib/armv7-m\libc.a(lib_a-fstatr.o)
                0x0801ac24                _fstat_r
 .text._isatty_r
                0x0801ac48       0x20 d:/aboutstm32/truestudio/truestudio for stm32 9.3.0/armtools/bin/../lib/gcc/arm-atollic-eabi/6.3.1/../../../../arm-atollic-eabi/lib/armv7-m\libc.a(lib_a-isattyr.o)
                0x0801ac48                _isatty_r
 .text._lseek_r
                0x0801ac68       0x24 d:/aboutstm32/truestudio/truestudio for stm32 9.3.0/armtools/bin/../lib/gcc/arm-atollic-eabi/6.3.1/../../../../arm-atollic-eabi/lib/armv7-m\libc.a(lib_a-lseekr.o)
                0x0801ac68                _lseek_r
 .text._read_r  0x0801ac8c       0x24 d:/aboutstm32/truestudio/truestudio for stm32 9.3.0/armtools/bin/../lib/gcc/arm-atollic-eabi/6.3.1/../../../../arm-atollic-eabi/lib/armv7-m\libc.a(lib_a-readr.o)
                0x0801ac8c                _read_r
 .text.__swbuf_r
                0x0801acb0       0xbc d:/aboutstm32/truestudio/truestudio for stm32 9.3.0/armtools/bin/../lib/gcc/arm-atollic-eabi/6.3.1/../../../../arm-atollic-eabi/lib/armv7-m\libc.a(lib_a-wbuf.o)
                0x0801acb0                __swbuf_r
 .text._wcrtomb_r
                0x0801ad6c       0x50 d:/aboutstm32/truestudio/truestudio for stm32 9.3.0/armtools/bin/../lib/gcc/arm-atollic-eabi/6.3.1/../../../../arm-atollic-eabi/lib/armv7-m\libc.a(lib_a-wcrtomb.o)
                0x0801ad6c                _wcrtomb_r
 *(.glue_7)
 .glue_7        0x0801adbc        0x0 linker stubs
 *(.glue_7t)
 .glue_7t       0x0801adbc        0x0 linker stubs
 *(.eh_frame)
 .eh_frame      0x0801adbc        0x0 d:/aboutstm32/truestudio/truestudio for stm32 9.3.0/armtools/bin/../lib/gcc/arm-atollic-eabi/6.3.1/armv7-m/crtbegin.o
 *(.init)
 .init          0x0801adbc        0x4 d:/aboutstm32/truestudio/truestudio for stm32 9.3.0/armtools/bin/../lib/gcc/arm-atollic-eabi/6.3.1/armv7-m/crti.o
                0x0801adbc                _init
 .init          0x0801adc0        0x8 d:/aboutstm32/truestudio/truestudio for stm32 9.3.0/armtools/bin/../lib/gcc/arm-atollic-eabi/6.3.1/armv7-m/crtn.o
 *(.fini)
 .fini          0x0801adc8        0x4 d:/aboutstm32/truestudio/truestudio for stm32 9.3.0/armtools/bin/../lib/gcc/arm-atollic-eabi/6.3.1/armv7-m/crti.o
                0x0801adc8                _fini
 .fini          0x0801adcc        0x8 d:/aboutstm32/truestudio/truestudio for stm32 9.3.0/armtools/bin/../lib/gcc/arm-atollic-eabi/6.3.1/armv7-m/crtn.o
                0x0801add4                . = ALIGN (0x4)
                0x0801add4                _etext = .

.vfp11_veneer   0x0801add4        0x0
 .vfp11_veneer  0x0801add4        0x0 linker stubs

.v4_bx          0x0801add4        0x0
 .v4_bx         0x0801add4        0x0 linker stubs

.iplt           0x0801add4        0x0
 .iplt          0x0801add4        0x0 d:/aboutstm32/truestudio/truestudio for stm32 9.3.0/armtools/bin/../lib/gcc/arm-atollic-eabi/6.3.1/armv7-m/crtbegin.o

.rodata         0x0801add8      0x928
                0x0801add8                . = ALIGN (0x4)
 *(.rodata)
 .rodata        0x0801add8       0x11 App\Loyer_74HC165\L74hc165.o
 *fill*         0x0801ade9        0x3 
 .rodata        0x0801adec        0x7 App\Tim\tim4.o
 *fill*         0x0801adf3        0x1 
 .rodata        0x0801adf4      0x2a3 App\module_4G\usart_4G.o
 *fill*         0x0801b097        0x1 
 .rodata        0x0801b098       0x2f App\powerBank\bat_usart.o
 *fill*         0x0801b0c7        0x1 
 .rodata        0x0801b0c8       0x41 App\util\base64.o
 *fill*         0x0801b109        0x3 
 .rodata        0x0801b10c      0x157 App\wifi\drive\wifi_drive.o
 *fill*         0x0801b263        0x1 
 .rodata        0x0801b264      0x142 Public\usart.o
 *fill*         0x0801b3a6        0x2 
 .rodata        0x0801b3a8       0x2a src\main.o
 *(.rodata*)
 *fill*         0x0801b3d2        0x2 
 .rodata.bat_statuBuf
                0x0801b3d4       0x10 App\powerBank\bat_usart.o
                0x0801b3d4                bat_statuBuf
 .rodata._puts_r.str1.1
                0x0801b3e4        0x2 d:/aboutstm32/truestudio/truestudio for stm32 9.3.0/armtools/bin/../lib/gcc/arm-atollic-eabi/6.3.1/../../../../arm-atollic-eabi/lib/armv7-m\libc.a(lib_a-puts.o)
 .rodata._svfprintf_r.str1.1
                0x0801b3e6       0x34 d:/aboutstm32/truestudio/truestudio for stm32 9.3.0/armtools/bin/../lib/gcc/arm-atollic-eabi/6.3.1/../../../../arm-atollic-eabi/lib/armv7-m\libc.a(lib_a-svfprintf.o)
 .rodata.blanks.7236
                0x0801b41a       0x10 d:/aboutstm32/truestudio/truestudio for stm32 9.3.0/armtools/bin/../lib/gcc/arm-atollic-eabi/6.3.1/../../../../arm-atollic-eabi/lib/armv7-m\libc.a(lib_a-svfprintf.o)
 .rodata.zeroes.7237
                0x0801b42a       0x10 d:/aboutstm32/truestudio/truestudio for stm32 9.3.0/armtools/bin/../lib/gcc/arm-atollic-eabi/6.3.1/../../../../arm-atollic-eabi/lib/armv7-m\libc.a(lib_a-svfprintf.o)
 .rodata.__utoa.str1.1
                0x0801b43a       0x25 d:/aboutstm32/truestudio/truestudio for stm32 9.3.0/armtools/bin/../lib/gcc/arm-atollic-eabi/6.3.1/../../../../arm-atollic-eabi/lib/armv7-m\libc.a(lib_a-utoa.o)
 .rodata._vfprintf_r.str1.1
                0x0801b45f       0x34 d:/aboutstm32/truestudio/truestudio for stm32 9.3.0/armtools/bin/../lib/gcc/arm-atollic-eabi/6.3.1/../../../../arm-atollic-eabi/lib/armv7-m\libc.a(lib_a-vfprintf.o)
 .rodata.blanks.7251
                0x0801b45f       0x10 d:/aboutstm32/truestudio/truestudio for stm32 9.3.0/armtools/bin/../lib/gcc/arm-atollic-eabi/6.3.1/../../../../arm-atollic-eabi/lib/armv7-m\libc.a(lib_a-vfprintf.o)
 .rodata.zeroes.7252
                0x0801b46f       0x10 d:/aboutstm32/truestudio/truestudio for stm32 9.3.0/armtools/bin/../lib/gcc/arm-atollic-eabi/6.3.1/../../../../arm-atollic-eabi/lib/armv7-m\libc.a(lib_a-vfprintf.o)
 .rodata._dtoa_r.str1.1
                0x0801b47f        0xd d:/aboutstm32/truestudio/truestudio for stm32 9.3.0/armtools/bin/../lib/gcc/arm-atollic-eabi/6.3.1/../../../../arm-atollic-eabi/lib/armv7-m\libc.a(lib_a-dtoa.o)
                                  0xf (size before relaxing)
 .rodata.__sf_fake_stderr
                0x0801b48c       0x20 d:/aboutstm32/truestudio/truestudio for stm32 9.3.0/armtools/bin/../lib/gcc/arm-atollic-eabi/6.3.1/../../../../arm-atollic-eabi/lib/armv7-m\libc.a(lib_a-findfp.o)
                0x0801b48c                __sf_fake_stderr
 .rodata.__sf_fake_stdin
                0x0801b4ac       0x20 d:/aboutstm32/truestudio/truestudio for stm32 9.3.0/armtools/bin/../lib/gcc/arm-atollic-eabi/6.3.1/../../../../arm-atollic-eabi/lib/armv7-m\libc.a(lib_a-findfp.o)
                0x0801b4ac                __sf_fake_stdin
 .rodata.__sf_fake_stdout
                0x0801b4cc       0x20 d:/aboutstm32/truestudio/truestudio for stm32 9.3.0/armtools/bin/../lib/gcc/arm-atollic-eabi/6.3.1/../../../../arm-atollic-eabi/lib/armv7-m\libc.a(lib_a-findfp.o)
                0x0801b4cc                __sf_fake_stdout
 .rodata._global_impure_ptr
                0x0801b4ec        0x4 d:/aboutstm32/truestudio/truestudio for stm32 9.3.0/armtools/bin/../lib/gcc/arm-atollic-eabi/6.3.1/../../../../arm-atollic-eabi/lib/armv7-m\libc.a(lib_a-impure.o)
                0x0801b4ec                _global_impure_ptr
 .rodata._setlocale_r.str1.1
                0x0801b4f0        0x8 d:/aboutstm32/truestudio/truestudio for stm32 9.3.0/armtools/bin/../lib/gcc/arm-atollic-eabi/6.3.1/../../../../arm-atollic-eabi/lib/armv7-m\libc.a(lib_a-locale.o)
                                  0x9 (size before relaxing)
 .rodata.str1.1
                0x0801b4f8        0x2 d:/aboutstm32/truestudio/truestudio for stm32 9.3.0/armtools/bin/../lib/gcc/arm-atollic-eabi/6.3.1/../../../../arm-atollic-eabi/lib/armv7-m\libc.a(lib_a-locale.o)
 *fill*         0x0801b4fa        0x6 
 .rodata.__mprec_bigtens
                0x0801b500       0x28 d:/aboutstm32/truestudio/truestudio for stm32 9.3.0/armtools/bin/../lib/gcc/arm-atollic-eabi/6.3.1/../../../../arm-atollic-eabi/lib/armv7-m\libc.a(lib_a-mprec.o)
                0x0801b500                __mprec_bigtens
 .rodata.__mprec_tens
                0x0801b528       0xc8 d:/aboutstm32/truestudio/truestudio for stm32 9.3.0/armtools/bin/../lib/gcc/arm-atollic-eabi/6.3.1/../../../../arm-atollic-eabi/lib/armv7-m\libc.a(lib_a-mprec.o)
                0x0801b528                __mprec_tens
 .rodata.p05.6073
                0x0801b5f0        0xc d:/aboutstm32/truestudio/truestudio for stm32 9.3.0/armtools/bin/../lib/gcc/arm-atollic-eabi/6.3.1/../../../../arm-atollic-eabi/lib/armv7-m\libc.a(lib_a-mprec.o)
 .rodata._ctype_
                0x0801b5fc      0x101 d:/aboutstm32/truestudio/truestudio for stm32 9.3.0/armtools/bin/../lib/gcc/arm-atollic-eabi/6.3.1/../../../../arm-atollic-eabi/lib/armv7-m\libc.a(lib_a-ctype_.o)
                0x0801b5fc                _ctype_
                0x0801b700                . = ALIGN (0x4)
 *fill*         0x0801b6fd        0x3 

.ARM.extab
 *(.ARM.extab* .gnu.linkonce.armextab.*)

.ARM            0x0801b700        0x8
                0x0801b700                __exidx_start = .
 *(.ARM.exidx*)
 .ARM.exidx     0x0801b700        0x8 d:/aboutstm32/truestudio/truestudio for stm32 9.3.0/armtools/bin/../lib/gcc/arm-atollic-eabi/6.3.1/armv7-m\libgcc.a(_udivmoddi4.o)
                0x0801b708                __exidx_end = .

.rel.dyn        0x0801b708        0x0
 .rel.iplt      0x0801b708        0x0 d:/aboutstm32/truestudio/truestudio for stm32 9.3.0/armtools/bin/../lib/gcc/arm-atollic-eabi/6.3.1/armv7-m/crtbegin.o

.preinit_array  0x0801b708        0x0
                0x0801b708                PROVIDE (__preinit_array_start, .)
 *(.preinit_array*)
                0x0801b708                PROVIDE (__preinit_array_end, .)

.init_array     0x0801b708        0x4
                0x0801b708                PROVIDE (__init_array_start, .)
 *(SORT(.init_array.*))
 *(.init_array*)
 .init_array    0x0801b708        0x4 d:/aboutstm32/truestudio/truestudio for stm32 9.3.0/armtools/bin/../lib/gcc/arm-atollic-eabi/6.3.1/armv7-m/crtbegin.o
                0x0801b70c                PROVIDE (__init_array_end, .)

.fini_array     0x0801b70c        0x4
                [!provide]                PROVIDE (__fini_array_start, .)
 *(SORT(.fini_array.*))
 *(.fini_array*)
 .fini_array    0x0801b70c        0x4 d:/aboutstm32/truestudio/truestudio for stm32 9.3.0/armtools/bin/../lib/gcc/arm-atollic-eabi/6.3.1/armv7-m/crtbegin.o
                [!provide]                PROVIDE (__fini_array_end, .)
                0x0801b710                _sidata = LOADADDR (.data)

.data           0x20000000      0x690 load address 0x0801b710
                0x20000000                . = ALIGN (0x4)
                0x20000000                _sdata = .
 *(.data)
 *(.data*)
 .data.key_statu
                0x20000000        0x2 App\Loyer_74HC165\L74hc165.o
                0x20000000                key_statu
 .data.old_statu.7601
                0x20000002        0x2 App\Loyer_74HC165\L74hc165.o
 .data.base64char
                0x20000004        0x4 App\util\base64.o
                0x20000004                base64char
 .data.APBAHBPrescTable
                0x20000008       0x10 Libraries\STM32F10x_StdPeriph_Driver\src\stm32f10x_rcc.o
 .data.ADCPrescTable
                0x20000018        0x4 Libraries\STM32F10x_StdPeriph_Driver\src\stm32f10x_rcc.o
 .data.curPort  0x2000001c        0x1 src\main.o
                0x2000001c                curPort
 *fill*         0x2000001d        0x3 
 .data._impure_ptr
                0x20000020        0x4 d:/aboutstm32/truestudio/truestudio for stm32 9.3.0/armtools/bin/../lib/gcc/arm-atollic-eabi/6.3.1/../../../../arm-atollic-eabi/lib/armv7-m\libc.a(lib_a-impure.o)
                0x20000020                _impure_ptr
 .data.impure_data
                0x20000024       0xf0 d:/aboutstm32/truestudio/truestudio for stm32 9.3.0/armtools/bin/../lib/gcc/arm-atollic-eabi/6.3.1/../../../../arm-atollic-eabi/lib/armv7-m\libc.a(lib_a-impure.o)
 .data.__global_locale
                0x20000114      0x16c d:/aboutstm32/truestudio/truestudio for stm32 9.3.0/armtools/bin/../lib/gcc/arm-atollic-eabi/6.3.1/../../../../arm-atollic-eabi/lib/armv7-m\libc.a(lib_a-locale.o)
                0x20000114                __global_locale
 .data.__malloc_av_
                0x20000280      0x408 d:/aboutstm32/truestudio/truestudio for stm32 9.3.0/armtools/bin/../lib/gcc/arm-atollic-eabi/6.3.1/../../../../arm-atollic-eabi/lib/armv7-m\libc.a(lib_a-mallocr.o)
                0x20000280                __malloc_av_
 .data.__malloc_sbrk_base
                0x20000688        0x4 d:/aboutstm32/truestudio/truestudio for stm32 9.3.0/armtools/bin/../lib/gcc/arm-atollic-eabi/6.3.1/../../../../arm-atollic-eabi/lib/armv7-m\libc.a(lib_a-mallocr.o)
                0x20000688                __malloc_sbrk_base
 .data.__malloc_trim_threshold
                0x2000068c        0x4 d:/aboutstm32/truestudio/truestudio for stm32 9.3.0/armtools/bin/../lib/gcc/arm-atollic-eabi/6.3.1/../../../../arm-atollic-eabi/lib/armv7-m\libc.a(lib_a-mallocr.o)
                0x2000068c                __malloc_trim_threshold
                0x20000690                . = ALIGN (0x4)
                0x20000690                _edata = .

.igot.plt       0x20000690        0x0 load address 0x0801bda0
 .igot.plt      0x20000690        0x0 d:/aboutstm32/truestudio/truestudio for stm32 9.3.0/armtools/bin/../lib/gcc/arm-atollic-eabi/6.3.1/armv7-m/crtbegin.o
                0x20000690                . = ALIGN (0x4)

.bss            0x20000690     0x1c58 load address 0x0801bda0
                0x20000690                _sbss = .
                0x20000690                __bss_start__ = _sbss
 *(.bss)
 .bss           0x20000690       0x1c d:/aboutstm32/truestudio/truestudio for stm32 9.3.0/armtools/bin/../lib/gcc/arm-atollic-eabi/6.3.1/armv7-m/crtbegin.o
 *(.bss*)
 .bss.HC595_STATUS
                0x200006ac       0x1a App\Loyer_74HC595\L74HC595.o
                0x200006ac                HC595_STATUS
 .bss.initCnt   0x200006c6        0x1 App\Tim\tim4.o
                0x200006c6                initCnt
 *fill*         0x200006c7        0x1 
 .bss.heartCnt  0x200006c8        0x4 App\Tim\tim4.o
                0x200006c8                heartCnt
 .bss.statuHeartCnt
                0x200006cc        0x1 App\Tim\tim4.o
                0x200006cc                statuHeartCnt
 *fill*         0x200006cd        0x1 
 .bss.firstStatuHeartCnt
                0x200006ce        0x2 App\Tim\tim4.o
                0x200006ce                firstStatuHeartCnt
 .bss.checkCnt  0x200006d0        0x1 App\Tim\tim4.o
                0x200006d0                checkCnt
 *fill*         0x200006d1        0x3 
 .bss.WDeviceID
                0x200006d4        0x4 App\flash\STMFlash.o
                0x200006d4                WDeviceID
 .bss.F4G_Fram_Record_Struct
                0x200006d8      0xa44 App\module_4G\usart_4G.o
                0x200006d8                F4G_Fram_Record_Struct
 .bss.F4G_Params
                0x2000111c       0x34 App\module_4G\usart_4G.o
                0x2000111c                F4G_Params
 .bss.tem.8611  0x20001150        0x3 App\module_4G\usart_4G.o
 *fill*         0x20001153        0x1 
 .bss.UART3_RX_BUF
                0x20001154       0x17 App\powerBank\bat_usart.o
                0x20001154                UART3_RX_BUF
 *fill*         0x2000116b        0x1 
 .bss.framMag   0x2000116c       0x12 App\powerBank\bat_usart.o
                0x2000116c                framMag
 *fill*         0x2000117e        0x2 
 .bss.powerbankStatu
                0x20001180       0x82 App\powerBank\bat_usart.o
                0x20001180                powerbankStatu
 *fill*         0x20001202        0x2 
 .bss.WIFI_Fram_Record_Struct
                0x20001204      0x402 App\wifi\drive\wifi_drive.o
                0x20001204                WIFI_Fram_Record_Struct
 .bss.TcpClosedFlag
                0x20001606        0x1 App\wifi\test\sta_tcpclent_test.o
                0x20001606                TcpClosedFlag
 *fill*         0x20001607        0x1 
 .bss.USART1_Record_Struct
                0x20001608      0x402 Public\usart.o
                0x20001608                USART1_Record_Struct
 *fill*         0x20001a0a        0x2 
 .bss.RegisterParams
                0x20001a0c       0x2a Public\usart.o
                0x20001a0c                RegisterParams
 *fill*         0x20001a36        0x2 
 .bss.usart1TestBuf
                0x20001a38       0x12 Public\usart.o
                0x20001a38                usart1TestBuf
 *fill*         0x20001a4a        0x2 
 .bss.heap_end.8347
                0x20001a4c        0x4 src\syscalls.o
 .bss.__malloc_current_mallinfo
                0x20001a50       0x28 d:/aboutstm32/truestudio/truestudio for stm32 9.3.0/armtools/bin/../lib/gcc/arm-atollic-eabi/6.3.1/../../../../arm-atollic-eabi/lib/armv7-m\libc.a(lib_a-mallocr.o)
                0x20001a50                __malloc_current_mallinfo
 .bss.__malloc_max_sbrked_mem
                0x20001a78        0x4 d:/aboutstm32/truestudio/truestudio for stm32 9.3.0/armtools/bin/../lib/gcc/arm-atollic-eabi/6.3.1/../../../../arm-atollic-eabi/lib/armv7-m\libc.a(lib_a-mallocr.o)
                0x20001a78                __malloc_max_sbrked_mem
 .bss.__malloc_max_total_mem
                0x20001a7c        0x4 d:/aboutstm32/truestudio/truestudio for stm32 9.3.0/armtools/bin/../lib/gcc/arm-atollic-eabi/6.3.1/../../../../arm-atollic-eabi/lib/armv7-m\libc.a(lib_a-mallocr.o)
                0x20001a7c                __malloc_max_total_mem
 .bss.__malloc_top_pad
                0x20001a80        0x4 d:/aboutstm32/truestudio/truestudio for stm32 9.3.0/armtools/bin/../lib/gcc/arm-atollic-eabi/6.3.1/../../../../arm-atollic-eabi/lib/armv7-m\libc.a(lib_a-mallocr.o)
                0x20001a80                __malloc_top_pad
 *(COMMON)
 COMMON         0x20001a84      0x852 App\flash\STMFlash.o
                0x20001a84                WVersion
                0x20001a88                STMFLASH_BUF
                0x20002288                RVersion
                0x2000229c                RDeviceID
                0x200022a4                APPServer
 *fill*         0x200022d6        0x2 
 COMMON         0x200022d8        0x4 d:/aboutstm32/truestudio/truestudio for stm32 9.3.0/armtools/bin/../lib/gcc/arm-atollic-eabi/6.3.1/../../../../arm-atollic-eabi/lib/armv7-m\libc.a(lib_a-reent.o)
                0x200022d8                errno
 COMMON         0x200022dc        0x9 d:/aboutstm32/truestudio/truestudio for stm32 9.3.0/armtools/bin/../lib/gcc/arm-atollic-eabi/6.3.1/../../../../arm-atollic-eabi/lib/armv7-m\libc.a(lib_a-lock.o)
                0x200022dc                __lock___atexit_recursive_mutex
                0x200022dd                __lock___arc4random_mutex
                0x200022de                __lock___env_recursive_mutex
                0x200022df                __lock___sinit_recursive_mutex
                0x200022e0                __lock___malloc_recursive_mutex
                0x200022e1                __lock___at_quick_exit_mutex
                0x200022e2                __lock___dd_hash_mutex
                0x200022e3                __lock___tz_mutex
                0x200022e4                __lock___sfp_recursive_mutex
                0x200022e8                . = ALIGN (0x4)
 *fill*         0x200022e5        0x3 
                0x200022e8                _ebss = .
                0x200022e8                __bss_end__ = _ebss

._user_heap_stack
                0x200022e8      0x200 load address 0x0801bda0
                0x200022e8                . = ALIGN (0x4)
                0x200022e8                PROVIDE (end, .)
                [!provide]                PROVIDE (_end, .)
                0x200022e8                . = (. + _Min_Heap_Size)
                0x200024e8                . = (. + _Min_Stack_Size)
 *fill*         0x200022e8      0x200 
                0x200024e8                . = ALIGN (0x4)

.memory_b1_text
 *(.mb1text)
 *(.mb1text*)
 *(.mb1rodata)
 *(.mb1rodata*)

/DISCARD/
 libc.a(*)
 libm.a(*)
 libgcc.a(*)

.ARM.attributes
                0x00000000       0x29
 *(.ARM.attributes)
 .ARM.attributes
                0x00000000       0x1d d:/aboutstm32/truestudio/truestudio for stm32 9.3.0/armtools/bin/../lib/gcc/arm-atollic-eabi/6.3.1/armv7-m/crti.o
 .ARM.attributes
                0x0000001d       0x2d d:/aboutstm32/truestudio/truestudio for stm32 9.3.0/armtools/bin/../lib/gcc/arm-atollic-eabi/6.3.1/armv7-m/crtbegin.o
 .ARM.attributes
                0x0000004a       0x33 App\Loyer_74HC165\L74hc165.o
 .ARM.attributes
                0x0000007d       0x33 App\Loyer_74HC595\L74HC595.o
 .ARM.attributes
                0x000000b0       0x33 App\Tim\tim4.o
 .ARM.attributes
                0x000000e3       0x33 App\audio\audio.o
 .ARM.attributes
                0x00000116       0x33 App\flash\STMFlash.o
 .ARM.attributes
                0x00000149       0x33 App\led\led.o
 .ARM.attributes
                0x0000017c       0x33 App\module_4G\usart_4G.o
 .ARM.attributes
                0x000001af       0x33 App\motor\motor.o
 .ARM.attributes
                0x000001e2       0x33 App\powerBank\bat_usart.o
 .ARM.attributes
                0x00000215       0x33 App\powerBank\charge.o
 .ARM.attributes
                0x00000248       0x33 App\util\base64.o
 .ARM.attributes
                0x0000027b       0x33 App\wifi\drive\wifi_drive.o
 .ARM.attributes
                0x000002ae       0x33 App\wifi\public\wifi_public.o
 .ARM.attributes
                0x000002e1       0x33 App\wifi\test\sta_tcpclent_test.o
 .ARM.attributes
                0x00000314       0x33 Libraries\STM32F10x_StdPeriph_Driver\src\misc.o
 .ARM.attributes
                0x00000347       0x33 Libraries\STM32F10x_StdPeriph_Driver\src\stm32f10x_flash.o
 .ARM.attributes
                0x0000037a       0x33 Libraries\STM32F10x_StdPeriph_Driver\src\stm32f10x_gpio.o
 .ARM.attributes
                0x000003ad       0x33 Libraries\STM32F10x_StdPeriph_Driver\src\stm32f10x_rcc.o
 .ARM.attributes
                0x000003e0       0x33 Libraries\STM32F10x_StdPeriph_Driver\src\stm32f10x_tim.o
 .ARM.attributes
                0x00000413       0x33 Libraries\STM32F10x_StdPeriph_Driver\src\stm32f10x_usart.o
 .ARM.attributes
                0x00000446       0x33 Public\systick.o
 .ARM.attributes
                0x00000479       0x33 Public\usart.o
 .ARM.attributes
                0x000004ac       0x33 src\main.o
 .ARM.attributes
                0x000004df       0x21 src\startup_stm32f10x_hd.o
 .ARM.attributes
                0x00000500       0x33 src\stm32f1xx_it.o
 .ARM.attributes
                0x00000533       0x33 src\syscalls.o
 .ARM.attributes
                0x00000566       0x33 src\system_stm32f10x.o
 .ARM.attributes
                0x00000599       0x2d d:/aboutstm32/truestudio/truestudio for stm32 9.3.0/armtools/bin/../lib/gcc/arm-atollic-eabi/6.3.1/../../../../arm-atollic-eabi/lib/armv7-m\libc.a(lib_a-atoi.o)
 .ARM.attributes
                0x000005c6       0x2d d:/aboutstm32/truestudio/truestudio for stm32 9.3.0/armtools/bin/../lib/gcc/arm-atollic-eabi/6.3.1/../../../../arm-atollic-eabi/lib/armv7-m\libc.a(lib_a-init.o)
 .ARM.attributes
                0x000005f3       0x2d d:/aboutstm32/truestudio/truestudio for stm32 9.3.0/armtools/bin/../lib/gcc/arm-atollic-eabi/6.3.1/../../../../arm-atollic-eabi/lib/armv7-m\libc.a(lib_a-itoa.o)
 .ARM.attributes
                0x00000620       0x2d d:/aboutstm32/truestudio/truestudio for stm32 9.3.0/armtools/bin/../lib/gcc/arm-atollic-eabi/6.3.1/../../../../arm-atollic-eabi/lib/armv7-m\libc.a(lib_a-memcmp.o)
 .ARM.attributes
                0x0000064d       0x2d d:/aboutstm32/truestudio/truestudio for stm32 9.3.0/armtools/bin/../lib/gcc/arm-atollic-eabi/6.3.1/../../../../arm-atollic-eabi/lib/armv7-m\libc.a(lib_a-memcpy-stub.o)
 .ARM.attributes
                0x0000067a       0x2d d:/aboutstm32/truestudio/truestudio for stm32 9.3.0/armtools/bin/../lib/gcc/arm-atollic-eabi/6.3.1/../../../../arm-atollic-eabi/lib/armv7-m\libc.a(lib_a-memset.o)
 .ARM.attributes
                0x000006a7       0x2d d:/aboutstm32/truestudio/truestudio for stm32 9.3.0/armtools/bin/../lib/gcc/arm-atollic-eabi/6.3.1/../../../../arm-atollic-eabi/lib/armv7-m\libc.a(lib_a-printf.o)
 .ARM.attributes
                0x000006d4       0x2d d:/aboutstm32/truestudio/truestudio for stm32 9.3.0/armtools/bin/../lib/gcc/arm-atollic-eabi/6.3.1/../../../../arm-atollic-eabi/lib/armv7-m\libc.a(lib_a-puts.o)
 .ARM.attributes
                0x00000701       0x2d d:/aboutstm32/truestudio/truestudio for stm32 9.3.0/armtools/bin/../lib/gcc/arm-atollic-eabi/6.3.1/../../../../arm-atollic-eabi/lib/armv7-m\libc.a(lib_a-reent.o)
 .ARM.attributes
                0x0000072e       0x2d d:/aboutstm32/truestudio/truestudio for stm32 9.3.0/armtools/bin/../lib/gcc/arm-atollic-eabi/6.3.1/../../../../arm-atollic-eabi/lib/armv7-m\libc.a(lib_a-snprintf.o)
 .ARM.attributes
                0x0000075b       0x2d d:/aboutstm32/truestudio/truestudio for stm32 9.3.0/armtools/bin/../lib/gcc/arm-atollic-eabi/6.3.1/../../../../arm-atollic-eabi/lib/armv7-m\libc.a(lib_a-sprintf.o)
 .ARM.attributes
                0x00000788       0x2d d:/aboutstm32/truestudio/truestudio for stm32 9.3.0/armtools/bin/../lib/gcc/arm-atollic-eabi/6.3.1/../../../../arm-atollic-eabi/lib/armv7-m\libc.a(lib_a-strcat.o)
 .ARM.attributes
                0x000007b5       0x2d d:/aboutstm32/truestudio/truestudio for stm32 9.3.0/armtools/bin/../lib/gcc/arm-atollic-eabi/6.3.1/../../../../arm-atollic-eabi/lib/armv7-m\libc.a(lib_a-strchr.o)
 .ARM.attributes
                0x000007e2       0x1b d:/aboutstm32/truestudio/truestudio for stm32 9.3.0/armtools/bin/../lib/gcc/arm-atollic-eabi/6.3.1/../../../../arm-atollic-eabi/lib/armv7-m\libc.a(lib_a-strcmp.o)
 .ARM.attributes
                0x000007fd       0x2d d:/aboutstm32/truestudio/truestudio for stm32 9.3.0/armtools/bin/../lib/gcc/arm-atollic-eabi/6.3.1/../../../../arm-atollic-eabi/lib/armv7-m\libc.a(lib_a-strcpy.o)
 .ARM.attributes
                0x0000082a       0x17 d:/aboutstm32/truestudio/truestudio for stm32 9.3.0/armtools/bin/../lib/gcc/arm-atollic-eabi/6.3.1/../../../../arm-atollic-eabi/lib/armv7-m\libc.a(lib_a-strlen.o)
 .ARM.attributes
                0x00000841       0x2d d:/aboutstm32/truestudio/truestudio for stm32 9.3.0/armtools/bin/../lib/gcc/arm-atollic-eabi/6.3.1/../../../../arm-atollic-eabi/lib/armv7-m\libc.a(lib_a-strncat.o)
 .ARM.attributes
                0x0000086e       0x2d d:/aboutstm32/truestudio/truestudio for stm32 9.3.0/armtools/bin/../lib/gcc/arm-atollic-eabi/6.3.1/../../../../arm-atollic-eabi/lib/armv7-m\libc.a(lib_a-strstr.o)
 .ARM.attributes
                0x0000089b       0x2d d:/aboutstm32/truestudio/truestudio for stm32 9.3.0/armtools/bin/../lib/gcc/arm-atollic-eabi/6.3.1/../../../../arm-atollic-eabi/lib/armv7-m\libc.a(lib_a-strtok.o)
 .ARM.attributes
                0x000008c8       0x2d d:/aboutstm32/truestudio/truestudio for stm32 9.3.0/armtools/bin/../lib/gcc/arm-atollic-eabi/6.3.1/../../../../arm-atollic-eabi/lib/armv7-m\libc.a(lib_a-strtok_r.o)
 .ARM.attributes
                0x000008f5       0x2d d:/aboutstm32/truestudio/truestudio for stm32 9.3.0/armtools/bin/../lib/gcc/arm-atollic-eabi/6.3.1/../../../../arm-atollic-eabi/lib/armv7-m\libc.a(lib_a-strtol.o)
 .ARM.attributes
                0x00000922       0x2d d:/aboutstm32/truestudio/truestudio for stm32 9.3.0/armtools/bin/../lib/gcc/arm-atollic-eabi/6.3.1/../../../../arm-atollic-eabi/lib/armv7-m\libc.a(lib_a-svfprintf.o)
 .ARM.attributes
                0x0000094f       0x2d d:/aboutstm32/truestudio/truestudio for stm32 9.3.0/armtools/bin/../lib/gcc/arm-atollic-eabi/6.3.1/../../../../arm-atollic-eabi/lib/armv7-m\libc.a(lib_a-utoa.o)
 .ARM.attributes
                0x0000097c       0x2d d:/aboutstm32/truestudio/truestudio for stm32 9.3.0/armtools/bin/../lib/gcc/arm-atollic-eabi/6.3.1/../../../../arm-atollic-eabi/lib/armv7-m\libc.a(lib_a-vfprintf.o)
 .ARM.attributes
                0x000009a9       0x2d d:/aboutstm32/truestudio/truestudio for stm32 9.3.0/armtools/bin/../lib/gcc/arm-atollic-eabi/6.3.1/../../../../arm-atollic-eabi/lib/armv7-m\libc.a(lib_a-wsetup.o)
 .ARM.attributes
                0x000009d6       0x2d d:/aboutstm32/truestudio/truestudio for stm32 9.3.0/armtools/bin/../lib/gcc/arm-atollic-eabi/6.3.1/../../../../arm-atollic-eabi/lib/armv7-m\libc.a(lib_a-dtoa.o)
 .ARM.attributes
                0x00000a03       0x2d d:/aboutstm32/truestudio/truestudio for stm32 9.3.0/armtools/bin/../lib/gcc/arm-atollic-eabi/6.3.1/../../../../arm-atollic-eabi/lib/armv7-m\libc.a(lib_a-fflush.o)
 .ARM.attributes
                0x00000a30       0x2d d:/aboutstm32/truestudio/truestudio for stm32 9.3.0/armtools/bin/../lib/gcc/arm-atollic-eabi/6.3.1/../../../../arm-atollic-eabi/lib/armv7-m\libc.a(lib_a-findfp.o)
 .ARM.attributes
                0x00000a5d       0x2d d:/aboutstm32/truestudio/truestudio for stm32 9.3.0/armtools/bin/../lib/gcc/arm-atollic-eabi/6.3.1/../../../../arm-atollic-eabi/lib/armv7-m\libc.a(lib_a-freer.o)
 .ARM.attributes
                0x00000a8a       0x2d d:/aboutstm32/truestudio/truestudio for stm32 9.3.0/armtools/bin/../lib/gcc/arm-atollic-eabi/6.3.1/../../../../arm-atollic-eabi/lib/armv7-m\libc.a(lib_a-fvwrite.o)
 .ARM.attributes
                0x00000ab7       0x2d d:/aboutstm32/truestudio/truestudio for stm32 9.3.0/armtools/bin/../lib/gcc/arm-atollic-eabi/6.3.1/../../../../arm-atollic-eabi/lib/armv7-m\libc.a(lib_a-fwalk.o)
 .ARM.attributes
                0x00000ae4       0x2d d:/aboutstm32/truestudio/truestudio for stm32 9.3.0/armtools/bin/../lib/gcc/arm-atollic-eabi/6.3.1/../../../../arm-atollic-eabi/lib/armv7-m\libc.a(lib_a-impure.o)
 .ARM.attributes
                0x00000b11       0x2d d:/aboutstm32/truestudio/truestudio for stm32 9.3.0/armtools/bin/../lib/gcc/arm-atollic-eabi/6.3.1/../../../../arm-atollic-eabi/lib/armv7-m\libc.a(lib_a-locale.o)
 .ARM.attributes
                0x00000b3e       0x2d d:/aboutstm32/truestudio/truestudio for stm32 9.3.0/armtools/bin/../lib/gcc/arm-atollic-eabi/6.3.1/../../../../arm-atollic-eabi/lib/armv7-m\libc.a(lib_a-localeconv.o)
 .ARM.attributes
                0x00000b6b       0x2d d:/aboutstm32/truestudio/truestudio for stm32 9.3.0/armtools/bin/../lib/gcc/arm-atollic-eabi/6.3.1/../../../../arm-atollic-eabi/lib/armv7-m\libc.a(lib_a-lock.o)
 .ARM.attributes
                0x00000b98       0x2d d:/aboutstm32/truestudio/truestudio for stm32 9.3.0/armtools/bin/../lib/gcc/arm-atollic-eabi/6.3.1/../../../../arm-atollic-eabi/lib/armv7-m\libc.a(lib_a-makebuf.o)
 .ARM.attributes
                0x00000bc5       0x2d d:/aboutstm32/truestudio/truestudio for stm32 9.3.0/armtools/bin/../lib/gcc/arm-atollic-eabi/6.3.1/../../../../arm-atollic-eabi/lib/armv7-m\libc.a(lib_a-malloc.o)
 .ARM.attributes
                0x00000bf2       0x2d d:/aboutstm32/truestudio/truestudio for stm32 9.3.0/armtools/bin/../lib/gcc/arm-atollic-eabi/6.3.1/../../../../arm-atollic-eabi/lib/armv7-m\libc.a(lib_a-mallocr.o)
 .ARM.attributes
                0x00000c1f       0x2d d:/aboutstm32/truestudio/truestudio for stm32 9.3.0/armtools/bin/../lib/gcc/arm-atollic-eabi/6.3.1/../../../../arm-atollic-eabi/lib/armv7-m\libc.a(lib_a-mbtowc_r.o)
 .ARM.attributes
                0x00000c4c       0x2d d:/aboutstm32/truestudio/truestudio for stm32 9.3.0/armtools/bin/../lib/gcc/arm-atollic-eabi/6.3.1/../../../../arm-atollic-eabi/lib/armv7-m\libc.a(lib_a-memchr-stub.o)
 .ARM.attributes
                0x00000c79       0x2d d:/aboutstm32/truestudio/truestudio for stm32 9.3.0/armtools/bin/../lib/gcc/arm-atollic-eabi/6.3.1/../../../../arm-atollic-eabi/lib/armv7-m\libc.a(lib_a-memmove.o)
 .ARM.attributes
                0x00000ca6       0x2d d:/aboutstm32/truestudio/truestudio for stm32 9.3.0/armtools/bin/../lib/gcc/arm-atollic-eabi/6.3.1/../../../../arm-atollic-eabi/lib/armv7-m\libc.a(lib_a-mlock.o)
 .ARM.attributes
                0x00000cd3       0x2d d:/aboutstm32/truestudio/truestudio for stm32 9.3.0/armtools/bin/../lib/gcc/arm-atollic-eabi/6.3.1/../../../../arm-atollic-eabi/lib/armv7-m\libc.a(lib_a-mprec.o)
 .ARM.attributes
                0x00000d00       0x2d d:/aboutstm32/truestudio/truestudio for stm32 9.3.0/armtools/bin/../lib/gcc/arm-atollic-eabi/6.3.1/../../../../arm-atollic-eabi/lib/armv7-m\libc.a(lib_a-reallocr.o)
 .ARM.attributes
                0x00000d2d       0x2d d:/aboutstm32/truestudio/truestudio for stm32 9.3.0/armtools/bin/../lib/gcc/arm-atollic-eabi/6.3.1/../../../../arm-atollic-eabi/lib/armv7-m\libc.a(lib_a-sbrkr.o)
 .ARM.attributes
                0x00000d5a       0x2d d:/aboutstm32/truestudio/truestudio for stm32 9.3.0/armtools/bin/../lib/gcc/arm-atollic-eabi/6.3.1/../../../../arm-atollic-eabi/lib/armv7-m\libc.a(lib_a-stdio.o)
 .ARM.attributes
                0x00000d87       0x2d d:/aboutstm32/truestudio/truestudio for stm32 9.3.0/armtools/bin/../lib/gcc/arm-atollic-eabi/6.3.1/../../../../arm-atollic-eabi/lib/armv7-m\libc.a(lib_a-svfiprintf.o)
 .ARM.attributes
                0x00000db4       0x2d d:/aboutstm32/truestudio/truestudio for stm32 9.3.0/armtools/bin/../lib/gcc/arm-atollic-eabi/6.3.1/../../../../arm-atollic-eabi/lib/armv7-m\libc.a(lib_a-vfiprintf.o)
 .ARM.attributes
                0x00000de1       0x2d d:/aboutstm32/truestudio/truestudio for stm32 9.3.0/armtools/bin/../lib/gcc/arm-atollic-eabi/6.3.1/../../../../arm-atollic-eabi/lib/armv7-m\libc.a(lib_a-wctomb_r.o)
 .ARM.attributes
                0x00000e0e       0x2d d:/aboutstm32/truestudio/truestudio for stm32 9.3.0/armtools/bin/../lib/gcc/arm-atollic-eabi/6.3.1/../../../../arm-atollic-eabi/lib/armv7-m\libc.a(lib_a-writer.o)
 .ARM.attributes
                0x00000e3b       0x2d d:/aboutstm32/truestudio/truestudio for stm32 9.3.0/armtools/bin/../lib/gcc/arm-atollic-eabi/6.3.1/../../../../arm-atollic-eabi/lib/armv7-m\libc.a(lib_a-callocr.o)
 .ARM.attributes
                0x00000e68       0x2d d:/aboutstm32/truestudio/truestudio for stm32 9.3.0/armtools/bin/../lib/gcc/arm-atollic-eabi/6.3.1/../../../../arm-atollic-eabi/lib/armv7-m\libc.a(lib_a-closer.o)
 .ARM.attributes
                0x00000e95       0x2d d:/aboutstm32/truestudio/truestudio for stm32 9.3.0/armtools/bin/../lib/gcc/arm-atollic-eabi/6.3.1/../../../../arm-atollic-eabi/lib/armv7-m\libc.a(lib_a-ctype_.o)
 .ARM.attributes
                0x00000ec2       0x2d d:/aboutstm32/truestudio/truestudio for stm32 9.3.0/armtools/bin/../lib/gcc/arm-atollic-eabi/6.3.1/../../../../arm-atollic-eabi/lib/armv7-m\libc.a(lib_a-fclose.o)
 .ARM.attributes
                0x00000eef       0x2d d:/aboutstm32/truestudio/truestudio for stm32 9.3.0/armtools/bin/../lib/gcc/arm-atollic-eabi/6.3.1/../../../../arm-atollic-eabi/lib/armv7-m\libc.a(lib_a-fputwc.o)
 .ARM.attributes
                0x00000f1c       0x2d d:/aboutstm32/truestudio/truestudio for stm32 9.3.0/armtools/bin/../lib/gcc/arm-atollic-eabi/6.3.1/../../../../arm-atollic-eabi/lib/armv7-m\libc.a(lib_a-fstatr.o)
 .ARM.attributes
                0x00000f49       0x2d d:/aboutstm32/truestudio/truestudio for stm32 9.3.0/armtools/bin/../lib/gcc/arm-atollic-eabi/6.3.1/../../../../arm-atollic-eabi/lib/armv7-m\libc.a(lib_a-isattyr.o)
 .ARM.attributes
                0x00000f76       0x2d d:/aboutstm32/truestudio/truestudio for stm32 9.3.0/armtools/bin/../lib/gcc/arm-atollic-eabi/6.3.1/../../../../arm-atollic-eabi/lib/armv7-m\libc.a(lib_a-lseekr.o)
 .ARM.attributes
                0x00000fa3       0x2d d:/aboutstm32/truestudio/truestudio for stm32 9.3.0/armtools/bin/../lib/gcc/arm-atollic-eabi/6.3.1/../../../../arm-atollic-eabi/lib/armv7-m\libc.a(lib_a-readr.o)
 .ARM.attributes
                0x00000fd0       0x2d d:/aboutstm32/truestudio/truestudio for stm32 9.3.0/armtools/bin/../lib/gcc/arm-atollic-eabi/6.3.1/../../../../arm-atollic-eabi/lib/armv7-m\libc.a(lib_a-wbuf.o)
 .ARM.attributes
                0x00000ffd       0x2d d:/aboutstm32/truestudio/truestudio for stm32 9.3.0/armtools/bin/../lib/gcc/arm-atollic-eabi/6.3.1/../../../../arm-atollic-eabi/lib/armv7-m\libc.a(lib_a-wcrtomb.o)
 .ARM.attributes
                0x0000102a       0x1d d:/aboutstm32/truestudio/truestudio for stm32 9.3.0/armtools/bin/../lib/gcc/arm-atollic-eabi/6.3.1/armv7-m\libgcc.a(_arm_addsubdf3.o)
 .ARM.attributes
                0x00001047       0x1d d:/aboutstm32/truestudio/truestudio for stm32 9.3.0/armtools/bin/../lib/gcc/arm-atollic-eabi/6.3.1/armv7-m\libgcc.a(_arm_muldivdf3.o)
 .ARM.attributes
                0x00001064       0x1d d:/aboutstm32/truestudio/truestudio for stm32 9.3.0/armtools/bin/../lib/gcc/arm-atollic-eabi/6.3.1/armv7-m\libgcc.a(_arm_cmpdf2.o)
 .ARM.attributes
                0x00001081       0x1d d:/aboutstm32/truestudio/truestudio for stm32 9.3.0/armtools/bin/../lib/gcc/arm-atollic-eabi/6.3.1/armv7-m\libgcc.a(_arm_unorddf2.o)
 .ARM.attributes
                0x0000109e       0x1d d:/aboutstm32/truestudio/truestudio for stm32 9.3.0/armtools/bin/../lib/gcc/arm-atollic-eabi/6.3.1/armv7-m\libgcc.a(_arm_fixdfsi.o)
 .ARM.attributes
                0x000010bb       0x1d d:/aboutstm32/truestudio/truestudio for stm32 9.3.0/armtools/bin/../lib/gcc/arm-atollic-eabi/6.3.1/armv7-m\libgcc.a(_aeabi_uldivmod.o)
 .ARM.attributes
                0x000010d8       0x2d d:/aboutstm32/truestudio/truestudio for stm32 9.3.0/armtools/bin/../lib/gcc/arm-atollic-eabi/6.3.1/armv7-m\libgcc.a(_udivmoddi4.o)
 .ARM.attributes
                0x00001105       0x1d d:/aboutstm32/truestudio/truestudio for stm32 9.3.0/armtools/bin/../lib/gcc/arm-atollic-eabi/6.3.1/armv7-m\libgcc.a(_dvmd_tls.o)
 .ARM.attributes
                0x00001122       0x1d d:/aboutstm32/truestudio/truestudio for stm32 9.3.0/armtools/bin/../lib/gcc/arm-atollic-eabi/6.3.1/armv7-m/crtn.o
OUTPUT(sixMBv2.elf elf32-littlearm)

.debug_info     0x00000000    0x12c4b
 .debug_info    0x00000000      0xaec App\Loyer_74HC165\L74hc165.o
 .debug_info    0x00000aec      0xb97 App\Loyer_74HC595\L74HC595.o
 .debug_info    0x00001683     0x1481 App\Tim\tim4.o
 .debug_info    0x00002b04      0x27c App\audio\audio.o
 .debug_info    0x00002d80      0xbd7 App\flash\STMFlash.o
 .debug_info    0x00003957      0x22b App\led\led.o
 .debug_info    0x00003b82     0x1bc3 App\module_4G\usart_4G.o
 .debug_info    0x00005745      0xd19 App\motor\motor.o
 .debug_info    0x0000645e     0x17e1 App\powerBank\bat_usart.o
 .debug_info    0x00007c3f      0x27d App\powerBank\charge.o
 .debug_info    0x00007ebc      0x9fa App\util\base64.o
 .debug_info    0x000088b6     0x120a App\wifi\drive\wifi_drive.o
 .debug_info    0x00009ac0      0x2f1 App\wifi\public\wifi_public.o
 .debug_info    0x00009db1      0xc88 App\wifi\test\sta_tcpclent_test.o
 .debug_info    0x0000aa39      0x54d Libraries\STM32F10x_StdPeriph_Driver\src\misc.o
 .debug_info    0x0000af86      0x7c8 Libraries\STM32F10x_StdPeriph_Driver\src\stm32f10x_flash.o
 .debug_info    0x0000b74e      0x701 Libraries\STM32F10x_StdPeriph_Driver\src\stm32f10x_gpio.o
 .debug_info    0x0000be4f      0x8b2 Libraries\STM32F10x_StdPeriph_Driver\src\stm32f10x_rcc.o
 .debug_info    0x0000c701     0x1c6b Libraries\STM32F10x_StdPeriph_Driver\src\stm32f10x_tim.o
 .debug_info    0x0000e36c      0x9fb Libraries\STM32F10x_StdPeriph_Driver\src\stm32f10x_usart.o
 .debug_info    0x0000ed67      0x1ed Public\systick.o
 .debug_info    0x0000ef54     0x14e8 Public\usart.o
 .debug_info    0x0001043c      0xfe1 src\main.o
 .debug_info    0x0001141d       0x83 src\startup_stm32f10x_hd.o
 .debug_info    0x000114a0      0x154 src\stm32f1xx_it.o
 .debug_info    0x000115f4     0x11b0 src\syscalls.o
 .debug_info    0x000127a4      0x4a7 src\system_stm32f10x.o

.debug_abbrev   0x00000000     0x30e9
 .debug_abbrev  0x00000000      0x200 App\Loyer_74HC165\L74hc165.o
 .debug_abbrev  0x00000200      0x21c App\Loyer_74HC595\L74HC595.o
 .debug_abbrev  0x0000041c      0x23b App\Tim\tim4.o
 .debug_abbrev  0x00000657      0x147 App\audio\audio.o
 .debug_abbrev  0x0000079e      0x20d App\flash\STMFlash.o
 .debug_abbrev  0x000009ab      0x102 App\led\led.o
 .debug_abbrev  0x00000aad      0x313 App\module_4G\usart_4G.o
 .debug_abbrev  0x00000dc0      0x26c App\motor\motor.o
 .debug_abbrev  0x0000102c      0x363 App\powerBank\bat_usart.o