Archive member included to satisfy reference by file (symbol)

d:/aboutstm32/truestudio/truestudio for stm32 9.3.0/armtools/bin/../lib/gcc/arm-atollic-eabi/6.3.1/../../../../arm-atollic-eabi/lib/armv7-m\libc.a(lib_a-atoi.o)
                              App\module_4G\usart_4G.o (atoi)
d:/aboutstm32/truestudio/truestudio for stm32 9.3.0/armtools/bin/../lib/gcc/arm-atollic-eabi/6.3.1/../../../../arm-atollic-eabi/lib/armv7-m\libc.a(lib_a-init.o)
                              src\startup_stm32f10x_hd.o (__libc_init_array)
d:/aboutstm32/truestudio/truestudio for stm32 9.3.0/armtools/bin/../lib/gcc/arm-atollic-eabi/6.3.1/../../../../arm-atollic-eabi/lib/armv7-m\libc.a(lib_a-itoa.o)
                              App\powerBank\bat_usart.o (itoa)
d:/aboutstm32/truestudio/truestudio for stm32 9.3.0/armtools/bin/../lib/gcc/arm-atollic-eabi/6.3.1/../../../../arm-atollic-eabi/lib/armv7-m\libc.a(lib_a-memcmp.o)
                              App\module_4G\usart_4G.o (memcmp)
d:/aboutstm32/truestudio/truestudio for stm32 9.3.0/armtools/bin/../lib/gcc/arm-atollic-eabi/6.3.1/../../../../arm-atollic-eabi/lib/armv7-m\libc.a(lib_a-memcpy-stub.o)
                              App\module_4G\usart_4G.o (memcpy)
d:/aboutstm32/truestudio/truestudio for stm32 9.3.0/armtools/bin/../lib/gcc/arm-atollic-eabi/6.3.1/../../../../arm-atollic-eabi/lib/armv7-m\libc.a(lib_a-memset.o)
                              App\module_4G\usart_4G.o (memset)
d:/aboutstm32/truestudio/truestudio for stm32 9.3.0/armtools/bin/../lib/gcc/arm-atollic-eabi/6.3.1/../../../../arm-atollic-eabi/lib/armv7-m\libc.a(lib_a-printf.o)
                              App\Loyer_74HC165\L74hc165.o (printf)
d:/aboutstm32/truestudio/truestudio for stm32 9.3.0/armtools/bin/../lib/gcc/arm-atollic-eabi/6.3.1/../../../../arm-atollic-eabi/lib/armv7-m\libc.a(lib_a-puts.o)
                              App\Tim\tim4.o (puts)
d:/aboutstm32/truestudio/truestudio for stm32 9.3.0/armtools/bin/../lib/gcc/arm-atollic-eabi/6.3.1/../../../../arm-atollic-eabi/lib/armv7-m\libc.a(lib_a-reent.o)
                              src\syscalls.o (errno)
d:/aboutstm32/truestudio/truestudio for stm32 9.3.0/armtools/bin/../lib/gcc/arm-atollic-eabi/6.3.1/../../../../arm-atollic-eabi/lib/armv7-m\libc.a(lib_a-snprintf.o)
                              App\module_4G\usart_4G.o (snprintf)
d:/aboutstm32/truestudio/truestudio for stm32 9.3.0/armtools/bin/../lib/gcc/arm-atollic-eabi/6.3.1/../../../../arm-atollic-eabi/lib/armv7-m\libc.a(lib_a-sprintf.o)
                              App\module_4G\usart_4G.o (sprintf)
d:/aboutstm32/truestudio/truestudio for stm32 9.3.0/armtools/bin/../lib/gcc/arm-atollic-eabi/6.3.1/../../../../arm-atollic-eabi/lib/armv7-m\libc.a(lib_a-strcat.o)
                              App\module_4G\usart_4G.o (strcat)
d:/aboutstm32/truestudio/truestudio for stm32 9.3.0/armtools/bin/../lib/gcc/arm-atollic-eabi/6.3.1/../../../../arm-atollic-eabi/lib/armv7-m\libc.a(lib_a-strchr.o)
                              App\module_4G\usart_4G.o (strchr)
d:/aboutstm32/truestudio/truestudio for stm32 9.3.0/armtools/bin/../lib/gcc/arm-atollic-eabi/6.3.1/../../../../arm-atollic-eabi/lib/armv7-m\libc.a(lib_a-strcmp.o)
                              Public\usart.o (strcmp)
d:/aboutstm32/truestudio/truestudio for stm32 9.3.0/armtools/bin/../lib/gcc/arm-atollic-eabi/6.3.1/../../../../arm-atollic-eabi/lib/armv7-m\libc.a(lib_a-strcpy.o)
                              App\module_4G\usart_4G.o (strcpy)
d:/aboutstm32/truestudio/truestudio for stm32 9.3.0/armtools/bin/../lib/gcc/arm-atollic-eabi/6.3.1/../../../../arm-atollic-eabi/lib/armv7-m\libc.a(lib_a-strlen.o)
                              App\module_4G\usart_4G.o (strlen)
d:/aboutstm32/truestudio/truestudio for stm32 9.3.0/armtools/bin/../lib/gcc/arm-atollic-eabi/6.3.1/../../../../arm-atollic-eabi/lib/armv7-m\libc.a(lib_a-strncat.o)
                              App\powerBank\bat_usart.o (strncat)
d:/aboutstm32/truestudio/truestudio for stm32 9.3.0/armtools/bin/../lib/gcc/arm-atollic-eabi/6.3.1/../../../../arm-atollic-eabi/lib/armv7-m\libc.a(lib_a-strncmp.o)
                              Public\usart.o (strncmp)
d:/aboutstm32/truestudio/truestudio for stm32 9.3.0/armtools/bin/../lib/gcc/arm-atollic-eabi/6.3.1/../../../../arm-atollic-eabi/lib/armv7-m\libc.a(lib_a-strncpy.o)
                              Public\usart.o (strncpy)
d:/aboutstm32/truestudio/truestudio for stm32 9.3.0/armtools/bin/../lib/gcc/arm-atollic-eabi/6.3.1/../../../../arm-atollic-eabi/lib/armv7-m\libc.a(lib_a-strstr.o)
                              App\module_4G\usart_4G.o (strstr)
d:/aboutstm32/truestudio/truestudio for stm32 9.3.0/armtools/bin/../lib/gcc/arm-atollic-eabi/6.3.1/../../../../arm-atollic-eabi/lib/armv7-m\libc.a(lib_a-strtok.o)
                              App\module_4G\usart_4G.o (strtok)
d:/aboutstm32/truestudio/truestudio for stm32 9.3.0/armtools/bin/../lib/gcc/arm-atollic-eabi/6.3.1/../../../../arm-atollic-eabi/lib/armv7-m\libc.a(lib_a-strtok_r.o)
[...]
Memory Configuration

Name             Origin             Length             Attributes
FLASH            0x08010000         0x00030000         xr
RAM              0x20000000         0x0000c000         xrw
MEMORY_B1        0x60000000         0x00000000         xr
*default*        0x00000000         0xffffffff

Linker script and memory map

LOAD d:/aboutstm32/truestudio/truestudio for stm32 9.3.0/armtools/bin/../lib/gcc/arm-atollic-eabi/6.3.1/armv7-m/crti.o
LOAD d:/aboutstm32/truestudio/truestudio for stm32 9.3.0/armtools/bin/../lib/gcc/arm-atollic-eabi/6.3.1/armv7-m/crtbegin.o
LOAD App\Loyer_74HC165\L74hc165.o
LOAD App\Loyer_74HC595\L74HC595.o
LOAD App\Tim\tim4.o
LOAD App\audio\audio.o
LOAD App\flash\STMFlash.o
LOAD App\led\led.o
LOAD App\module_4G\usart_4G.o
LOAD App\motor\motor.o
LOAD App\powerBank\bat_usart.o
LOAD App\powerBank\charge.o
LOAD App\util\base64.o
LOAD App\wifi\drive\wifi_drive.o
LOAD App\wifi\public\wifi_public.o
LOAD App\wifi\test\sta_tcpclent_test.o
LOAD Libraries\STM32F10x_StdPeriph_Driver\src\misc.o
LOAD Libraries\STM32F10x_StdPeriph_Driver\src\stm32f10x_adc.o
LOAD Libraries\STM32F10x_StdPeriph_Driver\src\stm32f10x_bkp.o
LOAD Libraries\STM32F10x_StdPeriph_Driver\src\stm32f10x_can.o
LOAD Libraries\STM32F10x_StdPeriph_Driver\src\stm32f10x_cec.o
LOAD Libraries\STM32F10x_StdPeriph_Driver\src\stm32f10x_crc.o
LOAD Libraries\STM32F10x_StdPeriph_Driver\src\stm32f10x_dac.o
LOAD Libraries\STM32F10x_StdPeriph_Driver\src\stm32f10x_dbgmcu.o
LOAD Libraries\STM32F10x_StdPeriph_Driver\src\stm32f10x_dma.o
LOAD Libraries\STM32F10x_StdPeriph_Driver\src\stm32f10x_exti.o
LOAD Libraries\STM32F10x_StdPeriph_Driver\src\stm32f10x_flash.o
LOAD Libraries\STM32F10x_StdPeriph_Driver\src\stm32f10x_fsmc.o
LOAD Libraries\STM32F10x_StdPeriph_Driver\src\stm32f10x_gpio.o
LOAD Libraries\STM32F10x_StdPeriph_Driver\src\stm32f10x_i2c.o
LOAD Libraries\STM32F10x_StdPeriph_Driver\src\stm32f10x_iwdg.o
LOAD Libraries\STM32F10x_StdPeriph_Driver\src\stm32f10x_pwr.o
LOAD Libraries\STM32F10x_StdPeriph_Driver\src\stm32f10x_rcc.o
LOAD Libraries\STM32F10x_StdPeriph_Driver\src\stm32f10x_rtc.o
LOAD Libraries\STM32F10x_StdPeriph_Driver\src\stm32f10x_sdio.o
LOAD Libraries\STM32F10x_StdPeriph_Driver\src\stm32f10x_spi.o
LOAD Libraries\STM32F10x_StdPeriph_Driver\src\stm32f10x_tim.o
LOAD Libraries\STM32F10x_StdPeriph_Driver\src\stm32f10x_usart.o
LOAD Libraries\STM32F10x_StdPeriph_Driver\src\stm32f10x_wwdg.o
LOAD Public\bit_band.o
LOAD Public\systick.o
LOAD Public\usart.o
LOAD src\main.o
LOAD src\startup_stm32f10x_hd.o
LOAD src\stm32f1xx_it.o
LOAD src\syscalls.o
LOAD src\system_stm32f10x.o
                0x00000080                malloc_getpagesize_P = 0x80
START GROUP
LOAD d:/aboutstm32/truestudio/truestudio for stm32 9.3.0/armtools/bin/../lib/gcc/arm-atollic-eabi/6.3.1/../../../../arm-atollic-eabi/lib/armv7-m\libc.a
LOAD d:/aboutstm32/truestudio/truestudio for stm32 9.3.0/armtools/bin/../lib/gcc/arm-atollic-eabi/6.3.1/../../../../arm-atollic-eabi/lib/armv7-m\libm.a
END GROUP
START GROUP
LOAD d:/aboutstm32/truestudio/truestudio for stm32 9.3.0/armtools/bin/../lib/gcc/arm-atollic-eabi/6.3.1/armv7-m\libgcc.a
LOAD d:/aboutstm32/truestudio/truestudio for stm32 9.3.0/armtools/bin/../lib/gcc/arm-atollic-eabi/6.3.1/../../../../arm-atollic-eabi/lib/armv7-m\libc.a
END GROUP
START GROUP
LOAD d:/aboutstm32/truestudio/truestudio for stm32 9.3.0/armtools/bin/../lib/gcc/arm-atollic-eabi/6.3.1/armv7-m\libgcc.a
LOAD d:/aboutstm32/truestudio/truestudio for stm32 9.3.0/armtools/bin/../lib/gcc/arm-atollic-eabi/6.3.1/../../../../arm-atollic-eabi/lib/armv7-m\libc.a
LOAD d:/aboutstm32/truestudio/truestudio for stm32 9.3.0/armtools/bin/../lib/gcc/arm-atollic-eabi/6.3.1/../../../../arm-atollic-eabi/lib/armv7-m\libnosys.a
END GROUP
LOAD d:/aboutstm32/truestudio/truestudio for stm32 9.3.0/armtools/bin/../lib/gcc/arm-atollic-eabi/6.3.1/armv7-m/crtend.o
LOAD d:/aboutstm32/truestudio/truestudio for stm32 9.3.0/armtools/bin/../lib/gcc/arm-atollic-eabi/6.3.1/armv7-m/crtn.o
                0x2000c000                _estack = 0x2000c000
                0x00000000                _Min_Heap_Size = 0x0
                0x00000200                _Min_Stack_Size = 0x200

.isr_vector     0x08010000      0x1e4
                0x08010000                . = ALIGN (0x4)
 *(.isr_vector)
 .isr_vector    0x08010000      0x1e4 src\startup_stm32f10x_hd.o
                0x08010000                g_pfnVectors
                0x080101e4                . = ALIGN (0x4)

.text           0x080101e8     0xb1cc
                0x080101e8                . = ALIGN (0x4)
 *(.text)
 .text          0x080101e8       0x40 d:/aboutstm32/truestudio/truestudio for stm32 9.3.0/armtools/bin/../lib/gcc/arm-atollic-eabi/6.3.1/armv7-m/crtbegin.o
 .text          0x08010228       0x14 d:/aboutstm32/truestudio/truestudio for stm32 9.3.0/armtools/bin/../lib/gcc/arm-atollic-eabi/6.3.1/../../../../arm-atollic-eabi/lib/armv7-m\libc.a(lib_a-strcmp.o)
                0x08010228                strcmp
 .text          0x0801023c       0x10 d:/aboutstm32/truestudio/truestudio for stm32 9.3.0/armtools/bin/../lib/gcc/arm-atollic-eabi/6.3.1/../../../../arm-atollic-eabi/lib/armv7-m\libc.a(lib_a-strlen.o)
                0x0801023c                strlen
 .text          0x0801024c      0x370 d:/aboutstm32/truestudio/truestudio for stm32 9.3.0/armtools/bin/../lib/gcc/arm-atollic-eabi/6.3.1/armv7-m\libgcc.a(_arm_addsubdf3.o)
                0x0801024c                __aeabi_drsub
                0x08010254                __aeabi_dsub
                0x08010254                __subdf3
                0x08010258                __aeabi_dadd
                0x08010258                __adddf3
                0x080104d0                __floatunsidf
                0x080104d0                __aeabi_ui2d
                0x080104f0                __floatsidf
                0x080104f0                __aeabi_i2d
                0x08010514                __aeabi_f2d
                0x08010514                __extendsfdf2
                0x08010550                __floatundidf
                0x08010550                __aeabi_ul2d
                0x08010560                __floatdidf
                0x08010560                __aeabi_l2d
 .text          0x080105bc      0x424 d:/aboutstm32/truestudio/truestudio for stm32 9.3.0/armtools/bin/../lib/gcc/arm-atollic-eabi/6.3.1/armv7-m\libgcc.a(_arm_muldivdf3.o)
                0x080105bc                __aeabi_dmul
                0x080105bc                __muldf3
                0x08010810                __divdf3
                0x08010810                __aeabi_ddiv
 .text          0x080109e0      0x110 d:/aboutstm32/truestudio/truestudio for stm32 9.3.0/armtools/bin/../lib/gcc/arm-atollic-eabi/6.3.1/armv7-m\libgcc.a(_arm_cmpdf2.o)
                0x080109e0                __gtdf2
                0x080109e0                __gedf2
                0x080109e8                __ltdf2
                0x080109e8                __ledf2
                0x080109f0                __nedf2
                0x080109f0                __eqdf2
                0x080109f0                __cmpdf2
                0x08010a6c                __aeabi_cdrcmple
                0x08010a7c                __aeabi_cdcmpeq
                0x08010a7c                __aeabi_cdcmple
                0x08010a8c                __aeabi_dcmpeq
                0x08010aa0                __aeabi_dcmplt
                0x08010ab4                __aeabi_dcmple
                0x08010ac8                __aeabi_dcmpge
                0x08010adc                __aeabi_dcmpgt
 .text          0x08010af0       0x2c d:/aboutstm32/truestudio/truestudio for stm32 9.3.0/armtools/bin/../lib/gcc/arm-atollic-eabi/6.3.1/armv7-m\libgcc.a(_arm_unorddf2.o)
                0x08010af0                __unorddf2
                0x08010af0                __aeabi_dcmpun
 .text          0x08010b1c       0x50 d:/aboutstm32/truestudio/truestudio for stm32 9.3.0/armtools/bin/../lib/gcc/arm-atollic-eabi/6.3.1/armv7-m\libgcc.a(_arm_fixdfsi.o)
                0x08010b1c                __aeabi_d2iz
                0x08010b1c                __fixdfsi
 .text          0x08010b6c       0x30 d:/aboutstm32/truestudio/truestudio for stm32 9.3.0/armtools/bin/../lib/gcc/arm-atollic-eabi/6.3.1/armv7-m\libgcc.a(_aeabi_uldivmod.o)
                0x08010b6c                __aeabi_uldivmod
 .text          0x08010b9c      0x2dc d:/aboutstm32/truestudio/truestudio for stm32 9.3.0/armtools/bin/../lib/gcc/arm-atollic-eabi/6.3.1/armv7-m\libgcc.a(_udivmoddi4.o)
                0x08010b9c                __udivmoddi4
 .text          0x08010e78        0x4 d:/aboutstm32/truestudio/truestudio for stm32 9.3.0/armtools/bin/../lib/gcc/arm-atollic-eabi/6.3.1/armv7-m\libgcc.a(_dvmd_tls.o)
                0x08010e78                __aeabi_idiv0
                0x08010e78                __aeabi_ldiv0
 *(.text*)
 .text.Init_74HC165
                0x08010e7c       0x64 App\Loyer_74HC165\L74hc165.o
                0x08010e7c                Init_74HC165
 .text.read_74HC165
                0x08010ee0       0xe8 App\Loyer_74HC165\L74hc165.o
                0x08010ee0                read_74HC165
 .text.Init_74HC595
                0x08010fc8       0x74 App\Loyer_74HC595\L74HC595.o
                0x08010fc8                Init_74HC595
 .text.HC595_Send_Byte
                0x0801103c       0x7c App\Loyer_74HC595\L74HC595.o
                0x0801103c                HC595_Send_Byte
 .text.ledON    0x080110b8       0x4c App\Loyer_74HC595\L74HC595.o
                0x080110b8                ledON
 .text.ledOFF   0x08011104       0x48 App\Loyer_74HC595\L74HC595.o
                0x08011104                ledOFF
 .text.ledBLINK
                0x0801114c       0x48 App\Loyer_74HC595\L74HC595.o
                0x0801114c                ledBLINK
 .text.TIM4_Init
                0x08011194       0x7c App\Tim\tim4.o
                0x08011194                TIM4_Init
 .text.TIM4_IRQHandler
                0x08011210      0x3e8 App\Tim\tim4.o
                0x08011210                TIM4_IRQHandler
 .text.Init_Audio
                0x080115f8       0x38 App\audio\audio.o
                0x080115f8                Init_Audio
 .text.play_audio
                0x08011630       0x58 App\audio\audio.o
                0x08011630                play_audio
 .text.STMFLASH_ReadHalfWord
                0x08011688       0x18 App\flash\STMFlash.o
                0x08011688                STMFLASH_ReadHalfWord
 .text.STMFLASH_Write_NoCheck
                0x080116a0       0x42 App\flash\STMFlash.o
                0x080116a0                STMFLASH_Write_NoCheck
 *fill*         0x080116e2        0x2 
 .text.STMFLASH_Write
                0x080116e4      0x150 App\flash\STMFlash.o
                0x080116e4                STMFLASH_Write
 .text.STMFLASH_Read
                0x08011834       0x42 App\flash\STMFlash.o
                0x08011834                STMFLASH_Read
 *fill*         0x08011876        0x2 
 .text.ReadDeviceID
                0x08011878       0x1c App\flash\STMFlash.o
                0x08011878                ReadDeviceID
 .text.ReadVersion
                0x08011894       0x1c App\flash\STMFlash.o
                0x08011894                ReadVersion
 .text.ReadAPPServer
                0x080118b0       0x1c App\flash\STMFlash.o
                0x080118b0                ReadAPPServer
 .text.Init_led
                0x080118cc       0x50 App\led\led.o
                0x080118cc                Init_led
 .text.NVIC_SystemReset
                0x0801191c       0x28 App\module_4G\usart_4G.o
 .text.USART2_Init
                0x08011944       0xb0 App\module_4G\usart_4G.o
                0x08011944                USART2_Init
 .text.F4G_Init
                0x080119f4      0x1ac App\module_4G\usart_4G.o
                0x080119f4                F4G_Init
 .text.USART2_IRQHandler
                0x08011ba0      0x468 App\module_4G\usart_4G.o
                0x08011ba0                USART2_IRQHandler
 .text.split    0x08012008       0x78 App\module_4G\usart_4G.o
                0x08012008                split
 .text.Send_AT_Cmd
                0x08012080       0xdc App\module_4G\usart_4G.o
                0x08012080                Send_AT_Cmd
 .text.F4G_AT_Test
                0x0801215c       0x64 App\module_4G\usart_4G.o
                0x0801215c                F4G_AT_Test
 .text.connectToTCPServer
                0x080121c0       0x5c App\module_4G\usart_4G.o
                0x080121c0                connectToTCPServer
 .text.F4G_sendStr
                0x0801221c       0xcc App\module_4G\usart_4G.o
                0x0801221c                F4G_sendStr
 .text.F4G_ExitUnvarnishSend
                0x080122e8       0x28 App\module_4G\usart_4G.o
                0x080122e8                F4G_ExitUnvarnishSend
 .text.getModuleMes
                0x08012310      0x274 App\module_4G\usart_4G.o
                0x08012310                getModuleMes
 .text.communicateWithHost
                0x08012584       0x50 App\module_4G\usart_4G.o
                0x08012584                communicateWithHost
 .text.catRequestStr
                0x080125d4       0x58 App\module_4G\usart_4G.o
                0x080125d4                catRequestStr
 .text.request  0x0801262c       0x34 App\module_4G\usart_4G.o
                0x0801262c                request
 .text.response2reset
                0x08012660       0x44 App\module_4G\usart_4G.o
                0x08012660                response2reset
 .text.common_heart
                0x080126a4       0x7c App\module_4G\usart_4G.o
                0x080126a4                common_heart
 .text.statu_heart
                0x08012720       0xa0 App\module_4G\usart_4G.o
                0x08012720                statu_heart
 .text.dd_tc    0x080127c0       0xb8 App\module_4G\usart_4G.o
                0x080127c0                dd_tc
 .text.sys_tc   0x08012878       0xb0 App\module_4G\usart_4G.o
                0x08012878                sys_tc
 .text.currentPortStatuChanged
                0x08012928       0x7c App\module_4G\usart_4G.o
                0x08012928                currentPortStatuChanged
 .text.Int2Strs
                0x080129a4       0x28 App\module_4G\usart_4G.o
                0x080129a4                Int2Strs
 .text.request2Server
                0x080129cc       0x30 App\module_4G\usart_4G.o
                0x080129cc                request2Server
 .text.Init_Motor
                0x080129fc       0x98 App\motor\motor.o
                0x080129fc                Init_Motor
 .text.motor_run
                0x08012a94      0x104 App\motor\motor.o
                0x08012a94                motor_run
 .text.popUP_powerBank
                0x08012b98      0x29c App\motor\motor.o
                0x08012b98                popUP_powerBank
 .text.popUP_All
                0x08012e34       0x98 App\motor\motor.o
                0x08012e34                popUP_All
 .text.motor_stop
                0x08012ecc       0xc0 App\motor\motor.o
                0x08012ecc                motor_stop
 .text.USART3_Init
                0x08012f8c       0xbc App\powerBank\bat_usart.o
                0x08012f8c                USART3_Init
 .text.Init_Bat_Usart
                0x08013048       0x5c App\powerBank\bat_usart.o
                0x08013048                Init_Bat_Usart
 .text.communicateWithPort
                0x080130a4       0xec App\powerBank\bat_usart.o
                0x080130a4                communicateWithPort
 .text.communicationTest
                0x08013190       0x88 App\powerBank\bat_usart.o
                0x08013190                communicationTest
 .text.checkPowerbankStatus
                0x08013218      0x1c4 App\powerBank\bat_usart.o
                0x08013218                checkPowerbankStatus
 .text.scanPowerBank
                0x080133dc       0x74 App\powerBank\bat_usart.o
                0x080133dc                scanPowerBank
 .text.setBATInstruction
                0x08013450      0x18c App\powerBank\bat_usart.o
                0x08013450                setBATInstruction
 .text.BSP_UART_SendOneByte
                0x080135dc       0x34 App\powerBank\bat_usart.o
                0x080135dc                BSP_UART_SendOneByte
 .text.get_crc  0x08013610       0x78 App\powerBank\bat_usart.o
                0x08013610                get_crc
 .text.get_crc_2
                0x08013688       0x7a App\powerBank\bat_usart.o
                0x08013688                get_crc_2
 *fill*         0x08013702        0x2 
 .text.BSP_UART_SendMultipleBytes
                0x08013704       0x40 App\powerBank\bat_usart.o
                0x08013704                BSP_UART_SendMultipleBytes
 .text.app_frame_anasys
                0x08013744       0x94 App\powerBank\bat_usart.o
                0x08013744                app_frame_anasys
 .text.app_cmd_anasys
                0x080137d8      0x164 App\powerBank\bat_usart.o
                0x080137d8                app_cmd_anasys
 .text.controlPowerbank
                0x0801393c       0x52 App\powerBank\bat_usart.o
                0x0801393c                controlPowerbank
 *fill*         0x0801398e        0x2 
 .text.USART3_IRQHandler
                0x08013990       0xe0 App\powerBank\bat_usart.o
                0x08013990                USART3_IRQHandler
 .text.Init_BAT_Charge
                0x08013a70       0x88 App\powerBank\charge.o
                0x08013a70                Init_BAT_Charge
 .text.controlPowerBankCharge
                0x08013af8       0x8c App\powerBank\charge.o
                0x08013af8                controlPowerBankCharge
 .text.base64_encode
                0x08013b84      0x19c App\util\base64.o
                0x08013b84                base64_encode
 .text.num_strchr
                0x08013d20       0x32 App\util\base64.o
                0x08013d20                num_strchr
 *fill*         0x08013d52        0x2 
 .text.base64_decode
                0x08013d54      0x140 App\util\base64.o
                0x08013d54                base64_decode
 .text.UART4_IRQHandler
                0x08013e94       0xb8 App\wifi\drive\wifi_drive.o
                0x08013e94                UART4_IRQHandler
 .text.itoa     0x08013f4c       0xc0 App\wifi\public\wifi_public.o
 .text.Wifi_USART_printf
                0x0801400c      0x148 App\wifi\public\wifi_public.o
                0x0801400c                Wifi_USART_printf
 .text.NVIC_PriorityGroupConfig
                0x08014154       0x24 Libraries\STM32F10x_StdPeriph_Driver\src\misc.o
                0x08014154                NVIC_PriorityGroupConfig
 .text.NVIC_Init
                0x08014178       0xc4 Libraries\STM32F10x_StdPeriph_Driver\src\misc.o
                0x08014178                NVIC_Init
 .text.NVIC_SetVectorTable
                0x0801423c       0x2c Libraries\STM32F10x_StdPeriph_Driver\src\misc.o
                0x0801423c                NVIC_SetVectorTable
 .text.SysTick_CLKSourceConfig
                0x08014268       0x38 Libraries\STM32F10x_StdPeriph_Driver\src\misc.o
                0x08014268                SysTick_CLKSourceConfig
 .text.FLASH_SetLatency
                0x080142a0       0x38 Libraries\STM32F10x_StdPeriph_Driver\src\stm32f10x_flash.o
                0x080142a0                FLASH_SetLatency
 .text.FLASH_PrefetchBufferCmd
                0x080142d8       0x30 Libraries\STM32F10x_StdPeriph_Driver\src\stm32f10x_flash.o
                0x080142d8                FLASH_PrefetchBufferCmd
 .text.FLASH_Unlock
                0x08014308       0x24 Libraries\STM32F10x_StdPeriph_Driver\src\stm32f10x_flash.o
                0x08014308                FLASH_Unlock
 .text.FLASH_Lock
                0x0801432c       0x1c Libraries\STM32F10x_StdPeriph_Driver\src\stm32f10x_flash.o
                0x0801432c                FLASH_Lock
 .text.FLASH_ErasePage
                0x08014348       0x64 Libraries\STM32F10x_StdPeriph_Driver\src\stm32f10x_flash.o
                0x08014348                FLASH_ErasePage
 .text.FLASH_ProgramHalfWord
                0x080143ac       0x5c Libraries\STM32F10x_StdPeriph_Driver\src\stm32f10x_flash.o
                0x080143ac                FLASH_ProgramHalfWord
 .text.FLASH_GetBank1Status
                0x08014408       0x54 Libraries\STM32F10x_StdPeriph_Driver\src\stm32f10x_flash.o
                0x08014408                FLASH_GetBank1Status
 .text.FLASH_WaitForLastOperation
                0x0801445c       0x44 Libraries\STM32F10x_StdPeriph_Driver\src\stm32f10x_flash.o
                0x0801445c                FLASH_WaitForLastOperation
 .text.GPIO_Init
                0x080144a0      0x178 Libraries\STM32F10x_StdPeriph_Driver\src\stm32f10x_gpio.o
                0x080144a0                GPIO_Init
 .text.GPIO_ReadInputDataBit
                0x08014618       0x32 Libraries\STM32F10x_StdPeriph_Driver\src\stm32f10x_gpio.o
                0x08014618                GPIO_ReadInputDataBit
 .text.GPIO_SetBits
                0x0801464a       0x1c Libraries\STM32F10x_StdPeriph_Driver\src\stm32f10x_gpio.o
                0x0801464a                GPIO_SetBits
 .text.GPIO_ResetBits
                0x08014666       0x1c Libraries\STM32F10x_StdPeriph_Driver\src\stm32f10x_gpio.o
                0x08014666                GPIO_ResetBits
 *fill*         0x08014682        0x2 
 .text.GPIO_PinRemapConfig
                0x08014684       0xe0 Libraries\STM32F10x_StdPeriph_Driver\src\stm32f10x_gpio.o
                0x08014684                GPIO_PinRemapConfig
 .text.RCC_DeInit
                0x08014764       0x5c Libraries\STM32F10x_StdPeriph_Driver\src\stm32f10x_rcc.o
                0x08014764                RCC_DeInit
 .text.RCC_HSICmd
                0x080147c0       0x20 Libraries\STM32F10x_StdPeriph_Driver\src\stm32f10x_rcc.o
                0x080147c0                RCC_HSICmd
 .text.RCC_PLLConfig
                0x080147e0       0x3c Libraries\STM32F10x_StdPeriph_Driver\src\stm32f10x_rcc.o
                0x080147e0                RCC_PLLConfig
 .text.RCC_PLLCmd
                0x0801481c       0x20 Libraries\STM32F10x_StdPeriph_Driver\src\stm32f10x_rcc.o
                0x0801481c                RCC_PLLCmd
 .text.RCC_SYSCLKConfig
                0x0801483c       0x38 Libraries\STM32F10x_StdPeriph_Driver\src\stm32f10x_rcc.o
                0x0801483c                RCC_SYSCLKConfig
 .text.RCC_GetSYSCLKSource
                0x08014874       0x1c Libraries\STM32F10x_StdPeriph_Driver\src\stm32f10x_rcc.o
                0x08014874                RCC_GetSYSCLKSource
 .text.RCC_HCLKConfig
                0x08014890       0x38 Libraries\STM32F10x_StdPeriph_Driver\src\stm32f10x_rcc.o
                0x08014890                RCC_HCLKConfig
 .text.RCC_PCLK1Config
                0x080148c8       0x38 Libraries\STM32F10x_StdPeriph_Driver\src\stm32f10x_rcc.o
                0x080148c8                RCC_PCLK1Config
 .text.RCC_PCLK2Config
                0x08014900       0x38 Libraries\STM32F10x_StdPeriph_Driver\src\stm32f10x_rcc.o
                0x08014900                RCC_PCLK2Config
 .text.RCC_GetClocksFreq
                0x08014938      0x160 Libraries\STM32F10x_StdPeriph_Driver\src\stm32f10x_rcc.o
                0x08014938                RCC_GetClocksFreq
 .text.RCC_APB2PeriphClockCmd
                0x08014a98       0x3c Libraries\STM32F10x_StdPeriph_Driver\src\stm32f10x_rcc.o
                0x08014a98                RCC_APB2PeriphClockCmd
 .text.RCC_APB1PeriphClockCmd
                0x08014ad4       0x3c Libraries\STM32F10x_StdPeriph_Driver\src\stm32f10x_rcc.o
                0x08014ad4                RCC_APB1PeriphClockCmd
 .text.RCC_APB2PeriphResetCmd
                0x08014b10       0x3c Libraries\STM32F10x_StdPeriph_Driver\src\stm32f10x_rcc.o
                0x08014b10                RCC_APB2PeriphResetCmd
 .text.RCC_APB1PeriphResetCmd
                0x08014b4c       0x3c Libraries\STM32F10x_StdPeriph_Driver\src\stm32f10x_rcc.o
                0x08014b4c                RCC_APB1PeriphResetCmd
 .text.RCC_GetFlagStatus
                0x08014b88       0x74 Libraries\STM32F10x_StdPeriph_Driver\src\stm32f10x_rcc.o
                0x08014b88                RCC_GetFlagStatus
 .text.TIM_DeInit
                0x08014bfc      0x22c Libraries\STM32F10x_StdPeriph_Driver\src\stm32f10x_tim.o
                0x08014bfc                TIM_DeInit
 .text.TIM_TimeBaseInit
                0x08014e28       0xf8 Libraries\STM32F10x_StdPeriph_Driver\src\stm32f10x_tim.o
                0x08014e28                TIM_TimeBaseInit
 .text.TIM_Cmd  0x08014f20       0x3e Libraries\STM32F10x_StdPeriph_Driver\src\stm32f10x_tim.o
                0x08014f20                TIM_Cmd
 .text.TIM_ITConfig
                0x08014f5e       0x46 Libraries\STM32F10x_StdPeriph_Driver\src\stm32f10x_tim.o
                0x08014f5e                TIM_ITConfig
 .text.TIM_GetITStatus
                0x08014fa4       0x52 Libraries\STM32F10x_StdPeriph_Driver\src\stm32f10x_tim.o
                0x08014fa4                TIM_GetITStatus
 .text.TIM_ClearITPendingBit
                0x08014ff6       0x20 Libraries\STM32F10x_StdPeriph_Driver\src\stm32f10x_tim.o
                0x08014ff6                TIM_ClearITPendingBit
 *fill*         0x08015016        0x2 
 .text.USART_DeInit
                0x08015018       0xb8 Libraries\STM32F10x_StdPeriph_Driver\src\stm32f10x_usart.o
                0x08015018                USART_DeInit
 .text.USART_Init
                0x080150d0      0x174 Libraries\STM32F10x_StdPeriph_Driver\src\stm32f10x_usart.o
                0x080150d0                USART_Init
 .text.USART_Cmd
                0x08015244       0x3e Libraries\STM32F10x_StdPeriph_Driver\src\stm32f10x_usart.o
                0x08015244                USART_Cmd
 .text.USART_ITConfig
                0x08015282       0x8e Libraries\STM32F10x_StdPeriph_Driver\src\stm32f10x_usart.o
                0x08015282                USART_ITConfig
 .text.USART_SendData
                0x08015310       0x22 Libraries\STM32F10x_StdPeriph_Driver\src\stm32f10x_usart.o
                0x08015310                USART_SendData
 .text.USART_ReceiveData
                0x08015332       0x1e Libraries\STM32F10x_StdPeriph_Driver\src\stm32f10x_usart.o
                0x08015332                USART_ReceiveData
 .text.USART_GetFlagStatus
                0x08015350       0x36 Libraries\STM32F10x_StdPeriph_Driver\src\stm32f10x_usart.o
                0x08015350                USART_GetFlagStatus
 .text.USART_ClearFlag
                0x08015386       0x20 Libraries\STM32F10x_StdPeriph_Driver\src\stm32f10x_usart.o
                0x08015386                USART_ClearFlag
 .text.USART_GetITStatus
                0x080153a6       0xb4 Libraries\STM32F10x_StdPeriph_Driver\src\stm32f10x_usart.o
                0x080153a6                USART_GetITStatus
 .text.USART_ClearITPendingBit
                0x0801545a       0x38 Libraries\STM32F10x_StdPeriph_Driver\src\stm32f10x_usart.o
                0x0801545a                USART_ClearITPendingBit
 *fill*         0x08015492        0x2 
 .text.SysTick_Init
                0x08015494       0x44 Public\systick.o
                0x08015494                SysTick_Init
 .text.delay_us
                0x080154d8       0x68 Public\systick.o
                0x080154d8                delay_us
 .text.delay_ms
                0x08015540       0x68 Public\systick.o
                0x08015540                delay_ms
 .text.USART1_Init
                0x080155a8      0x20c Public\usart.o
                0x080155a8                USART1_Init
 .text.USART1_IRQHandler
                0x080157b4      0x464 Public\usart.o
                0x080157b4                USART1_IRQHandler
 .text.hexStr2Byte
                0x08015c18       0x58 Public\usart.o
                0x08015c18                hexStr2Byte
 .text.NVIC_SystemReset
                0x08015c70       0x28 src\main.o
 .text.HSI_SetSysClock
                0x08015c98       0x84 src\main.o
                0x08015c98                HSI_SetSysClock
 .text.main     0x08015d1c      0x254 src\main.o
                0x08015d1c                main
 .text.Reset_Handler
                0x08015f70       0x50 src\startup_stm32f10x_hd.o
                0x08015f70                Reset_Handler
 .text.Default_Handler
                0x08015fc0        0x2 src\startup_stm32f10x_hd.o
                0x08015fc0                EXTI2_IRQHandler
                0x08015fc0                TIM8_TRG_COM_IRQHandler
                0x08015fc0                TIM8_CC_IRQHandler
                0x08015fc0                TIM1_CC_IRQHandler
                0x08015fc0                TIM6_IRQHandler
                0x08015fc0                PVD_IRQHandler
                0x08015fc0                SDIO_IRQHandler
                0x08015fc0                EXTI3_IRQHandler
                0x08015fc0                EXTI0_IRQHandler
                0x08015fc0                I2C2_EV_IRQHandler
                0x08015fc0                ADC1_2_IRQHandler
                0x08015fc0                SPI1_IRQHandler
                0x08015fc0                TAMPER_IRQHandler
                0x08015fc0                TIM8_UP_IRQHandler
                0x08015fc0                DMA2_Channel2_IRQHandler
                0x08015fc0                DMA1_Channel4_IRQHandler
                0x08015fc0                RTC_IRQHandler
                0x08015fc0                DMA1_Channel7_IRQHandler
                0x08015fc0                CAN1_RX1_IRQHandler
                0x08015fc0                UART5_IRQHandler
                0x08015fc0                ADC3_IRQHandler
                0x08015fc0                DMA2_Channel1_IRQHandler
                0x08015fc0                I2C1_EV_IRQHandler
                0x08015fc0                DMA1_Channel6_IRQHandler
                0x08015fc0                TIM3_IRQHandler
                0x08015fc0                RCC_IRQHandler
                0x08015fc0                TIM1_TRG_COM_IRQHandler
                0x08015fc0                DMA1_Channel1_IRQHandler
                0x08015fc0                Default_Handler
                0x08015fc0                EXTI15_10_IRQHandler
                0x08015fc0                TIM7_IRQHandler
                0x08015fc0                TIM5_IRQHandler
                0x08015fc0                EXTI9_5_IRQHandler
                0x08015fc0                SPI2_IRQHandler
                0x08015fc0                DMA1_Channel5_IRQHandler
                0x08015fc0                EXTI4_IRQHandler
                0x08015fc0                USB_LP_CAN1_RX0_IRQHandler
                0x08015fc0                USB_HP_CAN1_TX_IRQHandler
                0x08015fc0                DMA1_Channel3_IRQHandler
                0x08015fc0                FSMC_IRQHandler
                0x08015fc0                TIM1_UP_IRQHandler
                0x08015fc0                WWDG_IRQHandler
                0x08015fc0                TIM2_IRQHandler
                0x08015fc0                TIM1_BRK_IRQHandler
                0x08015fc0                EXTI1_IRQHandler
                0x08015fc0                RTCAlarm_IRQHandler
                0x08015fc0                DMA2_Channel4_5_IRQHandler
                0x08015fc0                I2C2_ER_IRQHandler
                0x08015fc0                DMA1_Channel2_IRQHandler
                0x08015fc0                TIM8_BRK_IRQHandler
                0x08015fc0                CAN1_SCE_IRQHandler
                0x08015fc0                FLASH_IRQHandler
                0x08015fc0                SPI3_IRQHandler
                0x08015fc0                I2C1_ER_IRQHandler
                0x08015fc0                USBWakeUp_IRQHandler
                0x08015fc0                DMA2_Channel3_IRQHandler
 .text.NMI_Handler
                0x08015fc2        0xc src\stm32f1xx_it.o
                0x08015fc2                NMI_Handler
 .text.HardFault_Handler
                0x08015fce        0x6 src\stm32f1xx_it.o
                0x08015fce                HardFault_Handler
 .text.MemManage_Handler
                0x08015fd4        0x6 src\stm32f1xx_it.o
                0x08015fd4                MemManage_Handler
 .text.BusFault_Handler
                0x08015fda        0x6 src\stm32f1xx_it.o
                0x08015fda                BusFault_Handler
 .text.UsageFault_Handler
                0x08015fe0        0x6 src\stm32f1xx_it.o
                0x08015fe0                UsageFault_Handler
 .text.SVC_Handler
                0x08015fe6        0xc src\stm32f1xx_it.o
                0x08015fe6                SVC_Handler
 .text.DebugMon_Handler
                0x08015ff2        0xc src\stm32f1xx_it.o
                0x08015ff2                DebugMon_Handler
 .text.PendSV_Handler
                0x08015ffe        0xc src\stm32f1xx_it.o
                0x08015ffe                PendSV_Handler
 .text.SysTick_Handler
                0x0801600a        0xc src\stm32f1xx_it.o
                0x0801600a                SysTick_Handler
 *fill*         0x08016016        0x2 
 .text.__io_putchar
                0x08016018       0x34 src\syscalls.o
                0x08016018                __io_putchar
 .text._write   0x0801604c       0x38 src\syscalls.o
                0x0801604c                _write
 .text._sbrk    0x08016084       0x3c src\syscalls.o
                0x08016084                _sbrk
 .text._close   0x080160c0       0x20 src\syscalls.o
                0x080160c0                _close
 .text._fstat   0x080160e0       0x24 src\syscalls.o
                0x080160e0                _fstat
 .text._isatty  0x08016104       0x20 src\syscalls.o
                0x08016104                _isatty
 .text._lseek   0x08016124       0x24 src\syscalls.o
                0x08016124                _lseek
 .text._read    0x08016148       0x24 src\syscalls.o
                0x08016148                _read
 .text.SystemInit
                0x0801616c       0x68 src\system_stm32f10x.o
                0x0801616c                SystemInit
 .text.SetSysClock
                0x080161d4        0xc src\system_stm32f10x.o
 .text.SetSysClockTo72
                0x080161e0      0x100 src\system_stm32f10x.o
 .text.atoi     0x080162e0        0x8 d:/aboutstm32/truestudio/truestudio for stm32 9.3.0/armtools/bin/../lib/gcc/arm-atollic-eabi/6.3.1/../../../../arm-atollic-eabi/lib/armv7-m\libc.a(lib_a-atoi.o)
                0x080162e0                atoi
 .text.__libc_init_array
                0x080162e8       0x48 d:/aboutstm32/truestudio/truestudio for stm32 9.3.0/armtools/bin/../lib/gcc/arm-atollic-eabi/6.3.1/../../../../arm-atollic-eabi/lib/armv7-m\libc.a(lib_a-init.o)
                0x080162e8                __libc_init_array
 .text.__itoa   0x08016330       0x30 d:/aboutstm32/truestudio/truestudio for stm32 9.3.0/armtools/bin/../lib/gcc/arm-atollic-eabi/6.3.1/../../../../arm-atollic-eabi/lib/armv7-m\libc.a(lib_a-itoa.o)
                0x08016330                __itoa
 .text.itoa     0x08016360        0x4 d:/aboutstm32/truestudio/truestudio for stm32 9.3.0/armtools/bin/../lib/gcc/arm-atollic-eabi/6.3.1/../../../../arm-atollic-eabi/lib/armv7-m\libc.a(lib_a-itoa.o)
                0x08016360                itoa
 .text.memcmp   0x08016364       0x1e d:/aboutstm32/truestudio/truestudio for stm32 9.3.0/armtools/bin/../lib/gcc/arm-atollic-eabi/6.3.1/../../../../arm-atollic-eabi/lib/armv7-m\libc.a(lib_a-memcmp.o)
                0x08016364                memcmp
 .text.memcpy   0x08016382       0x16 d:/aboutstm32/truestudio/truestudio for stm32 9.3.0/armtools/bin/../lib/gcc/arm-atollic-eabi/6.3.1/../../../../arm-atollic-eabi/lib/armv7-m\libc.a(lib_a-memcpy-stub.o)
                0x08016382                memcpy
 .text.memset   0x08016398       0x10 d:/aboutstm32/truestudio/truestudio for stm32 9.3.0/armtools/bin/../lib/gcc/arm-atollic-eabi/6.3.1/../../../../arm-atollic-eabi/lib/armv7-m\libc.a(lib_a-memset.o)
                0x08016398                memset
 .text.printf   0x080163a8       0x30 d:/aboutstm32/truestudio/truestudio for stm32 9.3.0/armtools/bin/../lib/gcc/arm-atollic-eabi/6.3.1/../../../../arm-atollic-eabi/lib/armv7-m\libc.a(lib_a-printf.o)
                0x080163a8                printf
 .text._puts_r  0x080163d8       0xc0 d:/aboutstm32/truestudio/truestudio for stm32 9.3.0/armtools/bin/../lib/gcc/arm-atollic-eabi/6.3.1/../../../../arm-atollic-eabi/lib/armv7-m\libc.a(lib_a-puts.o)
                0x080163d8                _puts_r
 .text.puts     0x08016498       0x10 d:/aboutstm32/truestudio/truestudio for stm32 9.3.0/armtools/bin/../lib/gcc/arm-atollic-eabi/6.3.1/../../../../arm-atollic-eabi/lib/armv7-m\libc.a(lib_a-puts.o)
                0x08016498                puts
 .text.snprintf
                0x080164a8       0x68 d:/aboutstm32/truestudio/truestudio for stm32 9.3.0/armtools/bin/../lib/gcc/arm-atollic-eabi/6.3.1/../../../../arm-atollic-eabi/lib/armv7-m\libc.a(lib_a-snprintf.o)
                0x080164a8                snprintf
 .text.sprintf  0x08016510       0x48 d:/aboutstm32/truestudio/truestudio for stm32 9.3.0/armtools/bin/../lib/gcc/arm-atollic-eabi/6.3.1/../../../../arm-atollic-eabi/lib/armv7-m\libc.a(lib_a-sprintf.o)
                0x08016510                sprintf
 .text.strcat   0x08016558       0x1e d:/aboutstm32/truestudio/truestudio for stm32 9.3.0/armtools/bin/../lib/gcc/arm-atollic-eabi/6.3.1/../../../../arm-atollic-eabi/lib/armv7-m\libc.a(lib_a-strcat.o)
                0x08016558                strcat
 .text.strchr   0x08016576       0x1c d:/aboutstm32/truestudio/truestudio for stm32 9.3.0/armtools/bin/../lib/gcc/arm-atollic-eabi/6.3.1/../../../../arm-atollic-eabi/lib/armv7-m\libc.a(lib_a-strchr.o)
                0x08016576                strchr
 .text.strcpy   0x08016592       0x10 d:/aboutstm32/truestudio/truestudio for stm32 9.3.0/armtools/bin/../lib/gcc/arm-atollic-eabi/6.3.1/../../../../arm-atollic-eabi/lib/armv7-m\libc.a(lib_a-strcpy.o)
                0x08016592                strcpy
 .text.strncat  0x080165a2       0x28 d:/aboutstm32/truestudio/truestudio for stm32 9.3.0/armtools/bin/../lib/gcc/arm-atollic-eabi/6.3.1/../../../../arm-atollic-eabi/lib/armv7-m\libc.a(lib_a-strncat.o)
                0x080165a2                strncat
 .text.strncmp  0x080165ca       0x24 d:/aboutstm32/truestudio/truestudio for stm32 9.3.0/armtools/bin/../lib/gcc/arm-atollic-eabi/6.3.1/../../../../arm-atollic-eabi/lib/armv7-m\libc.a(lib_a-strncmp.o)
                0x080165ca                strncmp
 .text.strncpy  0x080165ee       0x2a d:/aboutstm32/truestudio/truestudio for stm32 9.3.0/armtools/bin/../lib/gcc/arm-atollic-eabi/6.3.1/../../../../arm-atollic-eabi/lib/armv7-m\libc.a(lib_a-strncpy.o)
                0x080165ee                strncpy
 .text.strstr   0x08016618       0x36 d:/aboutstm32/truestudio/truestudio for stm32 9.3.0/armtools/bin/../lib/gcc/arm-atollic-eabi/6.3.1/../../../../arm-atollic-eabi/lib/armv7-m\libc.a(lib_a-strstr.o)
                0x08016618                strstr
 *fill*         0x0801664e        0x2 
 .text.strtok   0x08016650       0x58 d:/aboutstm32/truestudio/truestudio for stm32 9.3.0/armtools/bin/../lib/gcc/arm-atollic-eabi/6.3.1/../../../../arm-atollic-eabi/lib/armv7-m\libc.a(lib_a-strtok.o)
                0x08016650                strtok
 .text.__strtok_r
                0x080166a8       0x52 d:/aboutstm32/truestudio/truestudio for stm32 9.3.0/armtools/bin/../lib/gcc/arm-atollic-eabi/6.3.1/../../../../arm-atollic-eabi/lib/armv7-m\libc.a(lib_a-strtok_r.o)
                0x080166a8                __strtok_r
 .text._strtol_l.isra.0
                0x080166fa      0x100 d:/aboutstm32/truestudio/truestudio for stm32 9.3.0/armtools/bin/../lib/gcc/arm-atollic-eabi/6.3.1/../../../../arm-atollic-eabi/lib/armv7-m\libc.a(lib_a-strtol.o)
 *fill*         0x080167fa        0x2 
 .text.strtol   0x080167fc       0x2c d:/aboutstm32/truestudio/truestudio for stm32 9.3.0/armtools/bin/../lib/gcc/arm-atollic-eabi/6.3.1/../../../../arm-atollic-eabi/lib/armv7-m\libc.a(lib_a-strtol.o)
                0x080167fc                strtol
 .text._svfprintf_r
                0x08016828      0xfa0 d:/aboutstm32/truestudio/truestudio for stm32 9.3.0/armtools/bin/../lib/gcc/arm-atollic-eabi/6.3.1/../../../../arm-atollic-eabi/lib/armv7-m\libc.a(lib_a-svfprintf.o)
                0x08016828                _svfprintf_r
 .text.__utoa   0x080177c8       0x80 d:/aboutstm32/truestudio/truestudio for stm32 9.3.0/armtools/bin/../lib/gcc/arm-atollic-eabi/6.3.1/../../../../arm-atollic-eabi/lib/armv7-m\libc.a(lib_a-utoa.o)
                0x080177c8                __utoa
 .text._vfprintf_r
                0x08017848     0x106c d:/aboutstm32/truestudio/truestudio for stm32 9.3.0/armtools/bin/../lib/gcc/arm-atollic-eabi/6.3.1/../../../../arm-atollic-eabi/lib/armv7-m\libc.a(lib_a-vfprintf.o)
                0x08017848                _vfprintf_r
 .text.__sbprintf
                0x080188b4       0x80 d:/aboutstm32/truestudio/truestudio for stm32 9.3.0/armtools/bin/../lib/gcc/arm-atollic-eabi/6.3.1/../../../../arm-atollic-eabi/lib/armv7-m\libc.a(lib_a-vfprintf.o)
 .text.__swsetup_r
                0x08018934       0xdc d:/aboutstm32/truestudio/truestudio for stm32 9.3.0/armtools/bin/../lib/gcc/arm-atollic-eabi/6.3.1/../../../../arm-atollic-eabi/lib/armv7-m\libc.a(lib_a-wsetup.o)
                0x08018934                __swsetup_r
 .text.quorem   0x08018a10      0x118 d:/aboutstm32/truestudio/truestudio for stm32 9.3.0/armtools/bin/../lib/gcc/arm-atollic-eabi/6.3.1/../../../../arm-atollic-eabi/lib/armv7-m\libc.a(lib_a-dtoa.o)
 .text._dtoa_r  0x08018b28      0xba8 d:/aboutstm32/truestudio/truestudio for stm32 9.3.0/armtools/bin/../lib/gcc/arm-atollic-eabi/6.3.1/../../../../arm-atollic-eabi/lib/armv7-m\libc.a(lib_a-dtoa.o)
                0x08018b28                _dtoa_r
 .text.__sflush_r
                0x080196d0      0x124 d:/aboutstm32/truestudio/truestudio for stm32 9.3.0/armtools/bin/../lib/gcc/arm-atollic-eabi/6.3.1/../../../../arm-atollic-eabi/lib/armv7-m\libc.a(lib_a-fflush.o)
                0x080196d0                __sflush_r
 .text._fflush_r
                0x080197f4       0x78 d:/aboutstm32/truestudio/truestudio for stm32 9.3.0/armtools/bin/../lib/gcc/arm-atollic-eabi/6.3.1/../../../../arm-atollic-eabi/lib/armv7-m\libc.a(lib_a-fflush.o)
                0x080197f4                _fflush_r
 .text._cleanup_r
                0x0801986c        0xc d:/aboutstm32/truestudio/truestudio for stm32 9.3.0/armtools/bin/../lib/gcc/arm-atollic-eabi/6.3.1/../../../../arm-atollic-eabi/lib/armv7-m\libc.a(lib_a-findfp.o)
                0x0801986c                _cleanup_r
 .text.std.isra.0
                0x08019878       0x48 d:/aboutstm32/truestudio/truestudio for stm32 9.3.0/armtools/bin/../lib/gcc/arm-atollic-eabi/6.3.1/../../../../arm-atollic-eabi/lib/armv7-m\libc.a(lib_a-findfp.o)
 .text.__sfmoreglue
                0x080198c0       0x2c d:/aboutstm32/truestudio/truestudio for stm32 9.3.0/armtools/bin/../lib/gcc/arm-atollic-eabi/6.3.1/../../../../arm-atollic-eabi/lib/armv7-m\libc.a(lib_a-findfp.o)
                0x080198c0                __sfmoreglue
 .text.__sfp_lock_acquire
                0x080198ec        0xc d:/aboutstm32/truestudio/truestudio for stm32 9.3.0/armtools/bin/../lib/gcc/arm-atollic-eabi/6.3.1/../../../../arm-atollic-eabi/lib/armv7-m\libc.a(lib_a-findfp.o)
                0x080198ec                __sfp_lock_acquire
 .text.__sfp_lock_release
                0x080198f8        0xc d:/aboutstm32/truestudio/truestudio for stm32 9.3.0/armtools/bin/../lib/gcc/arm-atollic-eabi/6.3.1/../../../../arm-atollic-eabi/lib/armv7-m\libc.a(lib_a-findfp.o)
                0x080198f8                __sfp_lock_release
 .text.__sinit_lock_acquire
                0x08019904        0xc d:/aboutstm32/truestudio/truestudio for stm32 9.3.0/armtools/bin/../lib/gcc/arm-atollic-eabi/6.3.1/../../../../arm-atollic-eabi/lib/armv7-m\libc.a(lib_a-findfp.o)
                0x08019904                __sinit_lock_acquire
 .text.__sinit_lock_release
                0x08019910        0xc d:/aboutstm32/truestudio/truestudio for stm32 9.3.0/armtools/bin/../lib/gcc/arm-atollic-eabi/6.3.1/../../../../arm-atollic-eabi/lib/armv7-m\libc.a(lib_a-findfp.o)
                0x08019910                __sinit_lock_release
 .text.__sinit  0x0801991c       0x78 d:/aboutstm32/truestudio/truestudio for stm32 9.3.0/armtools/bin/../lib/gcc/arm-atollic-eabi/6.3.1/../../../../arm-atollic-eabi/lib/armv7-m\libc.a(lib_a-findfp.o)
                0x0801991c                __sinit
 .text.__sfp    0x08019994       0x8c d:/aboutstm32/truestudio/truestudio for stm32 9.3.0/armtools/bin/../lib/gcc/arm-atollic-eabi/6.3.1/../../../../arm-atollic-eabi/lib/armv7-m\libc.a(lib_a-findfp.o)
                0x08019994                __sfp
 .text._malloc_trim_r
                0x08019a20       0xac d:/aboutstm32/truestudio/truestudio for stm32 9.3.0/armtools/bin/../lib/gcc/arm-atollic-eabi/6.3.1/../../../../arm-atollic-eabi/lib/armv7-m\libc.a(lib_a-freer.o)
                0x08019a20                _malloc_trim_r
 .text._free_r  0x08019acc      0x178 d:/aboutstm32/truestudio/truestudio for stm32 9.3.0/armtools/bin/../lib/gcc/arm-atollic-eabi/6.3.1/../../../../arm-atollic-eabi/lib/armv7-m\libc.a(lib_a-freer.o)
                0x08019acc                _free_r
 .text.__sfvwrite_r
                0x08019c44      0x29c d:/aboutstm32/truestudio/truestudio for stm32 9.3.0/armtools/bin/../lib/gcc/arm-atollic-eabi/6.3.1/../../../../arm-atollic-eabi/lib/armv7-m\libc.a(lib_a-fvwrite.o)
                0x08019c44                __sfvwrite_r
 .text._fwalk_reent
                0x08019ee0       0x3c d:/aboutstm32/truestudio/truestudio for stm32 9.3.0/armtools/bin/../lib/gcc/arm-atollic-eabi/6.3.1/../../../../arm-atollic-eabi/lib/armv7-m\libc.a(lib_a-fwalk.o)
                0x08019ee0                _fwalk_reent
 .text.__locale_mb_cur_max
                0x08019f1c       0x1c d:/aboutstm32/truestudio/truestudio for stm32 9.3.0/armtools/bin/../lib/gcc/arm-atollic-eabi/6.3.1/../../../../arm-atollic-eabi/lib/armv7-m\libc.a(lib_a-locale.o)
                0x08019f1c                __locale_mb_cur_max
 .text.__locale_ctype_ptr_l
                0x08019f38        0x6 d:/aboutstm32/truestudio/truestudio for stm32 9.3.0/armtools/bin/../lib/gcc/arm-atollic-eabi/6.3.1/../../../../arm-atollic-eabi/lib/armv7-m\libc.a(lib_a-locale.o)
                0x08019f38                __locale_ctype_ptr_l
 *fill*         0x08019f3e        0x2 
 .text._localeconv_r
                0x08019f40       0x1c d:/aboutstm32/truestudio/truestudio for stm32 9.3.0/armtools/bin/../lib/gcc/arm-atollic-eabi/6.3.1/../../../../arm-atollic-eabi/lib/armv7-m\libc.a(lib_a-localeconv.o)
                0x08019f40                _localeconv_r
 .text.__retarget_lock_init_recursive
                0x08019f5c        0x2 d:/aboutstm32/truestudio/truestudio for stm32 9.3.0/armtools/bin/../lib/gcc/arm-atollic-eabi/6.3.1/../../../../arm-atollic-eabi/lib/armv7-m\libc.a(lib_a-lock.o)
                0x08019f5c                __retarget_lock_init_recursive
 .text.__retarget_lock_close_recursive
                0x08019f5e        0x2 d:/aboutstm32/truestudio/truestudio for stm32 9.3.0/armtools/bin/../lib/gcc/arm-atollic-eabi/6.3.1/../../../../arm-atollic-eabi/lib/armv7-m\libc.a(lib_a-lock.o)
                0x08019f5e                __retarget_lock_close_recursive
 .text.__retarget_lock_acquire_recursive
                0x08019f60        0x2 d:/aboutstm32/truestudio/truestudio for stm32 9.3.0/armtools/bin/../lib/gcc/arm-atollic-eabi/6.3.1/../../../../arm-atollic-eabi/lib/armv7-m\libc.a(lib_a-lock.o)
                0x08019f60                __retarget_lock_acquire_recursive
 .text.__retarget_lock_release_recursive
                0x08019f62        0x2 d:/aboutstm32/truestudio/truestudio for stm32 9.3.0/armtools/bin/../lib/gcc/arm-atollic-eabi/6.3.1/../../../../arm-atollic-eabi/lib/armv7-m\libc.a(lib_a-lock.o)
                0x08019f62                __retarget_lock_release_recursive
 .text.__swhatbuf_r
                0x08019f64       0x56 d:/aboutstm32/truestudio/truestudio for stm32 9.3.0/armtools/bin/../lib/gcc/arm-atollic-eabi/6.3.1/../../../../arm-atollic-eabi/lib/armv7-m\libc.a(lib_a-makebuf.o)
                0x08019f64                __swhatbuf_r
 *fill*         0x08019fba        0x2 
 .text.__smakebuf_r
                0x08019fbc       0x80 d:/aboutstm32/truestudio/truestudio for stm32 9.3.0/armtools/bin/../lib/gcc/arm-atollic-eabi/6.3.1/../../../../arm-atollic-eabi/lib/armv7-m\libc.a(lib_a-makebuf.o)
                0x08019fbc                __smakebuf_r
 .text.malloc   0x0801a03c       0x10 d:/aboutstm32/truestudio/truestudio for stm32 9.3.0/armtools/bin/../lib/gcc/arm-atollic-eabi/6.3.1/../../../../arm-atollic-eabi/lib/armv7-m\libc.a(lib_a-malloc.o)
                0x0801a03c                malloc
 .text._malloc_r
                0x0801a04c      0x418 d:/aboutstm32/truestudio/truestudio for stm32 9.3.0/armtools/bin/../lib/gcc/arm-atollic-eabi/6.3.1/../../../../arm-atollic-eabi/lib/armv7-m\libc.a(lib_a-mallocr.o)
                0x0801a04c                _malloc_r
 .text.__ascii_mbtowc
                0x0801a464       0x24 d:/aboutstm32/truestudio/truestudio for stm32 9.3.0/armtools/bin/../lib/gcc/arm-atollic-eabi/6.3.1/../../../../arm-atollic-eabi/lib/armv7-m\libc.a(lib_a-mbtowc_r.o)
                0x0801a464                __ascii_mbtowc
 .text.memchr   0x0801a488       0x1c d:/aboutstm32/truestudio/truestudio for stm32 9.3.0/armtools/bin/../lib/gcc/arm-atollic-eabi/6.3.1/../../../../arm-atollic-eabi/lib/armv7-m\libc.a(lib_a-memchr-stub.o)
                0x0801a488                memchr
 .text.memmove  0x0801a4a4       0x34 d:/aboutstm32/truestudio/truestudio for stm32 9.3.0/armtools/bin/../lib/gcc/arm-atollic-eabi/6.3.1/../../../../arm-atollic-eabi/lib/armv7-m\libc.a(lib_a-memmove.o)
                0x0801a4a4                memmove
 .text.__malloc_lock
                0x0801a4d8        0xc d:/aboutstm32/truestudio/truestudio for stm32 9.3.0/armtools/bin/../lib/gcc/arm-atollic-eabi/6.3.1/../../../../arm-atollic-eabi/lib/armv7-m\libc.a(lib_a-mlock.o)
                0x0801a4d8                __malloc_lock
 .text.__malloc_unlock
                0x0801a4e4        0xc d:/aboutstm32/truestudio/truestudio for stm32 9.3.0/armtools/bin/../lib/gcc/arm-atollic-eabi/6.3.1/../../../../arm-atollic-eabi/lib/armv7-m\libc.a(lib_a-mlock.o)
                0x0801a4e4                __malloc_unlock
 .text._Balloc  0x0801a4f0       0x68 d:/aboutstm32/truestudio/truestudio for stm32 9.3.0/armtools/bin/../lib/gcc/arm-atollic-eabi/6.3.1/../../../../arm-atollic-eabi/lib/armv7-m\libc.a(lib_a-mprec.o)
                0x0801a4f0                _Balloc
 .text._Bfree   0x0801a558       0x2e d:/aboutstm32/truestudio/truestudio for stm32 9.3.0/armtools/bin/../lib/gcc/arm-atollic-eabi/6.3.1/../../../../arm-atollic-eabi/lib/armv7-m\libc.a(lib_a-mprec.o)
                0x0801a558                _Bfree
 .text.__multadd
                0x0801a586       0x76 d:/aboutstm32/truestudio/truestudio for stm32 9.3.0/armtools/bin/../lib/gcc/arm-atollic-eabi/6.3.1/../../../../arm-atollic-eabi/lib/armv7-m\libc.a(lib_a-mprec.o)
                0x0801a586                __multadd
 .text.__hi0bits
                0x0801a5fc       0x3e d:/aboutstm32/truestudio/truestudio for stm32 9.3.0/armtools/bin/../lib/gcc/arm-atollic-eabi/6.3.1/../../../../arm-atollic-eabi/lib/armv7-m\libc.a(lib_a-mprec.o)
                0x0801a5fc                __hi0bits
 .text.__lo0bits
                0x0801a63a       0x5e d:/aboutstm32/truestudio/truestudio for stm32 9.3.0/armtools/bin/../lib/gcc/arm-atollic-eabi/6.3.1/../../../../arm-atollic-eabi/lib/armv7-m\libc.a(lib_a-mprec.o)
                0x0801a63a                __lo0bits
 .text.__i2b    0x0801a698       0x12 d:/aboutstm32/truestudio/truestudio for stm32 9.3.0/armtools/bin/../lib/gcc/arm-atollic-eabi/6.3.1/../../../../arm-atollic-eabi/lib/armv7-m\libc.a(lib_a-mprec.o)
                0x0801a698                __i2b
 .text.__multiply
                0x0801a6aa      0x118 d:/aboutstm32/truestudio/truestudio for stm32 9.3.0/armtools/bin/../lib/gcc/arm-atollic-eabi/6.3.1/../../../../arm-atollic-eabi/lib/armv7-m\libc.a(lib_a-mprec.o)
                0x0801a6aa                __multiply
 *fill*         0x0801a7c2        0x2 
 .text.__pow5mult
                0x0801a7c4       0x9c d:/aboutstm32/truestudio/truestudio for stm32 9.3.0/armtools/bin/../lib/gcc/arm-atollic-eabi/6.3.1/../../../../arm-atollic-eabi/lib/armv7-m\libc.a(lib_a-mprec.o)
                0x0801a7c4                __pow5mult
 .text.__lshift
                0x0801a860       0xa2 d:/aboutstm32/truestudio/truestudio for stm32 9.3.0/armtools/bin/../lib/gcc/arm-atollic-eabi/6.3.1/../../../../arm-atollic-eabi/lib/armv7-m\libc.a(lib_a-mprec.o)
                0x0801a860                __lshift
 .text.__mcmp   0x0801a902       0x34 d:/aboutstm32/truestudio/truestudio for stm32 9.3.0/armtools/bin/../lib/gcc/arm-atollic-eabi/6.3.1/../../../../arm-atollic-eabi/lib/armv7-m\libc.a(lib_a-mprec.o)
                0x0801a902                __mcmp
 .text.__mdiff  0x0801a936       0xbe d:/aboutstm32/truestudio/truestudio for stm32 9.3.0/armtools/bin/../lib/gcc/arm-atollic-eabi/6.3.1/../../../../arm-atollic-eabi/lib/armv7-m\libc.a(lib_a-mprec.o)
                0x0801a936                __mdiff
 .text.__d2b    0x0801a9f4       0x9e d:/aboutstm32/truestudio/truestudio for stm32 9.3.0/armtools/bin/../lib/gcc/arm-atollic-eabi/6.3.1/../../../../arm-atollic-eabi/lib/armv7-m\libc.a(lib_a-mprec.o)
                0x0801a9f4                __d2b
 *fill*         0x0801aa92        0x2 
 .text._realloc_r
                0x0801aa94      0x304 d:/aboutstm32/truestudio/truestudio for stm32 9.3.0/armtools/bin/../lib/gcc/arm-atollic-eabi/6.3.1/../../../../arm-atollic-eabi/lib/armv7-m\libc.a(lib_a-reallocr.o)
                0x0801aa94                _realloc_r
 .text._sbrk_r  0x0801ad98       0x20 d:/aboutstm32/truestudio/truestudio for stm32 9.3.0/armtools/bin/../lib/gcc/arm-atollic-eabi/6.3.1/../../../../arm-atollic-eabi/lib/armv7-m\libc.a(lib_a-sbrkr.o)
                0x0801ad98                _sbrk_r
 .text.__sread  0x0801adb8       0x22 d:/aboutstm32/truestudio/truestudio for stm32 9.3.0/armtools/bin/../lib/gcc/arm-atollic-eabi/6.3.1/../../../../arm-atollic-eabi/lib/armv7-m\libc.a(lib_a-stdio.o)
                0x0801adb8                __sread
 .text.__swrite
                0x0801adda       0x38 d:/aboutstm32/truestudio/truestudio for stm32 9.3.0/armtools/bin/../lib/gcc/arm-atollic-eabi/6.3.1/../../../../arm-atollic-eabi/lib/armv7-m\libc.a(lib_a-stdio.o)
                0x0801adda                __swrite
 .text.__sseek  0x0801ae12       0x24 d:/aboutstm32/truestudio/truestudio for stm32 9.3.0/armtools/bin/../lib/gcc/arm-atollic-eabi/6.3.1/../../../../arm-atollic-eabi/lib/armv7-m\libc.a(lib_a-stdio.o)
                0x0801ae12                __sseek
 .text.__sclose
                0x0801ae36        0x8 d:/aboutstm32/truestudio/truestudio for stm32 9.3.0/armtools/bin/../lib/gcc/arm-atollic-eabi/6.3.1/../../../../arm-atollic-eabi/lib/armv7-m\libc.a(lib_a-stdio.o)
                0x0801ae36                __sclose
 .text.__ssprint_r
                0x0801ae3e       0xf4 d:/aboutstm32/truestudio/truestudio for stm32 9.3.0/armtools/bin/../lib/gcc/arm-atollic-eabi/6.3.1/../../../../arm-atollic-eabi/lib/armv7-m\libc.a(lib_a-svfiprintf.o)
                0x0801ae3e                __ssprint_r
 .text.__sprint_r
                0x0801af32       0x6a d:/aboutstm32/truestudio/truestudio for stm32 9.3.0/armtools/bin/../lib/gcc/arm-atollic-eabi/6.3.1/../../../../arm-atollic-eabi/lib/armv7-m\libc.a(lib_a-vfiprintf.o)
                0x0801af32                __sprint_r
 .text.__ascii_wctomb
                0x0801af9c       0x1a d:/aboutstm32/truestudio/truestudio for stm32 9.3.0/armtools/bin/../lib/gcc/arm-atollic-eabi/6.3.1/../../../../arm-atollic-eabi/lib/armv7-m\libc.a(lib_a-wctomb_r.o)
                0x0801af9c                __ascii_wctomb
 *fill*         0x0801afb6        0x2 
 .text._write_r
                0x0801afb8       0x24 d:/aboutstm32/truestudio/truestudio for stm32 9.3.0/armtools/bin/../lib/gcc/arm-atollic-eabi/6.3.1/../../../../arm-atollic-eabi/lib/armv7-m\libc.a(lib_a-writer.o)
                0x0801afb8                _write_r
 .text._calloc_r
                0x0801afdc       0x5a d:/aboutstm32/truestudio/truestudio for stm32 9.3.0/armtools/bin/../lib/gcc/arm-atollic-eabi/6.3.1/../../../../arm-atollic-eabi/lib/armv7-m\libc.a(lib_a-callocr.o)
                0x0801afdc                _calloc_r
 *fill*         0x0801b036        0x2 
 .text._close_r
                0x0801b038       0x20 d:/aboutstm32/truestudio/truestudio for stm32 9.3.0/armtools/bin/../lib/gcc/arm-atollic-eabi/6.3.1/../../../../arm-atollic-eabi/lib/armv7-m\libc.a(lib_a-closer.o)
                0x0801b038                _close_r
 .text._fclose_r
                0x0801b058       0xd8 d:/aboutstm32/truestudio/truestudio for stm32 9.3.0/armtools/bin/../lib/gcc/arm-atollic-eabi/6.3.1/../../../../arm-atollic-eabi/lib/armv7-m\libc.a(lib_a-fclose.o)
                0x0801b058                _fclose_r
 .text.__fputwc
                0x0801b130       0x82 d:/aboutstm32/truestudio/truestudio for stm32 9.3.0/armtools/bin/../lib/gcc/arm-atollic-eabi/6.3.1/../../../../arm-atollic-eabi/lib/armv7-m\libc.a(lib_a-fputwc.o)
                0x0801b130                __fputwc
 .text._fputwc_r
                0x0801b1b2       0x52 d:/aboutstm32/truestudio/truestudio for stm32 9.3.0/armtools/bin/../lib/gcc/arm-atollic-eabi/6.3.1/../../../../arm-atollic-eabi/lib/armv7-m\libc.a(lib_a-fputwc.o)
                0x0801b1b2                _fputwc_r
 .text._fstat_r
                0x0801b204       0x24 d:/aboutstm32/truestudio/truestudio for stm32 9.3.0/armtools/bin/../lib/gcc/arm-atollic-eabi/6.3.1/../../../../arm-atollic-eabi/lib/armv7-m\libc.a(lib_a-fstatr.o)
                0x0801b204                _fstat_r
 .text._isatty_r
                0x0801b228       0x20 d:/aboutstm32/truestudio/truestudio for stm32 9.3.0/armtools/bin/../lib/gcc/arm-atollic-eabi/6.3.1/../../../../arm-atollic-eabi/lib/armv7-m\libc.a(lib_a-isattyr.o)
                0x0801b228                _isatty_r
 .text._lseek_r
                0x0801b248       0x24 d:/aboutstm32/truestudio/truestudio for stm32 9.3.0/armtools/bin/../lib/gcc/arm-atollic-eabi/6.3.1/../../../../arm-atollic-eabi/lib/armv7-m\libc.a(lib_a-lseekr.o)
                0x0801b248                _lseek_r
 .text._read_r  0x0801b26c       0x24 d:/aboutstm32/truestudio/truestudio for stm32 9.3.0/armtools/bin/../lib/gcc/arm-atollic-eabi/6.3.1/../../../../arm-atollic-eabi/lib/armv7-m\libc.a(lib_a-readr.o)
                0x0801b26c                _read_r
 .text.__swbuf_r
                0x0801b290       0xbc d:/aboutstm32/truestudio/truestudio for stm32 9.3.0/armtools/bin/../lib/gcc/arm-atollic-eabi/6.3.1/../../../../arm-atollic-eabi/lib/armv7-m\libc.a(lib_a-wbuf.o)
                0x0801b290                __swbuf_r
 .text._wcrtomb_r
                0x0801b34c       0x50 d:/aboutstm32/truestudio/truestudio for stm32 9.3.0/armtools/bin/../lib/gcc/arm-atollic-eabi/6.3.1/../../../../arm-atollic-eabi/lib/armv7-m\libc.a(lib_a-wcrtomb.o)
                0x0801b34c                _wcrtomb_r
 *(.glue_7)
 .glue_7        0x0801b39c        0x0 linker stubs
 *(.glue_7t)
 .glue_7t       0x0801b39c        0x0 linker stubs
 *(.eh_frame)
 .eh_frame      0x0801b39c        0x0 d:/aboutstm32/truestudio/truestudio for stm32 9.3.0/armtools/bin/../lib/gcc/arm-atollic-eabi/6.3.1/armv7-m/crtbegin.o
 *(.init)
 .init          0x0801b39c        0x4 d:/aboutstm32/truestudio/truestudio for stm32 9.3.0/armtools/bin/../lib/gcc/arm-atollic-eabi/6.3.1/armv7-m/crti.o
                0x0801b39c                _init
 .init          0x0801b3a0        0x8 d:/aboutstm32/truestudio/truestudio for stm32 9.3.0/armtools/bin/../lib/gcc/arm-atollic-eabi/6.3.1/armv7-m/crtn.o
 *(.fini)
 .fini          0x0801b3a8        0x4 d:/aboutstm32/truestudio/truestudio for stm32 9.3.0/armtools/bin/../lib/gcc/arm-atollic-eabi/6.3.1/armv7-m/crti.o
                0x0801b3a8                _fini
 .fini          0x0801b3ac        0x8 d:/aboutstm32/truestudio/truestudio for stm32 9.3.0/armtools/bin/../lib/gcc/arm-atollic-eabi/6.3.1/armv7-m/crtn.o
                0x0801b3b4                . = ALIGN (0x4)
                0x0801b3b4                _etext = .

.vfp11_veneer   0x0801b3b4        0x0
 .vfp11_veneer  0x0801b3b4        0x0 linker stubs

.v4_bx          0x0801b3b4        0x0
 .v4_bx         0x0801b3b4        0x0 linker stubs

.iplt           0x0801b3b4        0x0
 .iplt          0x0801b3b4        0x0 d:/aboutstm32/truestudio/truestudio for stm32 9.3.0/armtools/bin/../lib/gcc/arm-atollic-eabi/6.3.1/armv7-m/crtbegin.o

.rodata         0x0801b3b8      0x928
                0x0801b3b8                . = ALIGN (0x4)
 *(.rodata)
 .rodata        0x0801b3b8       0x11 App\Loyer_74HC165\L74hc165.o
 *fill*         0x0801b3c9        0x3 
 .rodata        0x0801b3cc       0x13 App\Tim\tim4.o
 *fill*         0x0801b3df        0x1 
 .rodata        0x0801b3e0      0x2a3 App\module_4G\usart_4G.o
 *fill*         0x0801b683        0x1 
 .rodata        0x0801b684        0xb App\motor\motor.o
 *fill*         0x0801b68f        0x1 
 .rodata        0x0801b690       0x2f App\powerBank\bat_usart.o
 *fill*         0x0801b6bf        0x1 
 .rodata        0x0801b6c0       0x41 App\util\base64.o
 *fill*         0x0801b701        0x3 
 .rodata        0x0801b704      0x157 App\wifi\drive\wifi_drive.o
 *fill*         0x0801b85b        0x1 
 .rodata        0x0801b85c      0x146 Public\usart.o
 *fill*         0x0801b9a2        0x2 
 .rodata        0x0801b9a4        0xf src\main.o
 *(.rodata*)
 *fill*         0x0801b9b3        0x1 
 .rodata.bat_statuBuf
                0x0801b9b4       0x10 App\powerBank\bat_usart.o
                0x0801b9b4                bat_statuBuf
 .rodata._puts_r.str1.1
                0x0801b9c4        0x2 d:/aboutstm32/truestudio/truestudio for stm32 9.3.0/armtools/bin/../lib/gcc/arm-atollic-eabi/6.3.1/../../../../arm-atollic-eabi/lib/armv7-m\libc.a(lib_a-puts.o)
 .rodata._svfprintf_r.str1.1
                0x0801b9c6       0x34 d:/aboutstm32/truestudio/truestudio for stm32 9.3.0/armtools/bin/../lib/gcc/arm-atollic-eabi/6.3.1/../../../../arm-atollic-eabi/lib/armv7-m\libc.a(lib_a-svfprintf.o)
 .rodata.blanks.7236
                0x0801b9fa       0x10 d:/aboutstm32/truestudio/truestudio for stm32 9.3.0/armtools/bin/../lib/gcc/arm-atollic-eabi/6.3.1/../../../../arm-atollic-eabi/lib/armv7-m\libc.a(lib_a-svfprintf.o)
 .rodata.zeroes.7237
                0x0801ba0a       0x10 d:/aboutstm32/truestudio/truestudio for stm32 9.3.0/armtools/bin/../lib/gcc/arm-atollic-eabi/6.3.1/../../../../arm-atollic-eabi/lib/armv7-m\libc.a(lib_a-svfprintf.o)
 .rodata.__utoa.str1.1
                0x0801ba1a       0x25 d:/aboutstm32/truestudio/truestudio for stm32 9.3.0/armtools/bin/../lib/gcc/arm-atollic-eabi/6.3.1/../../../../arm-atollic-eabi/lib/armv7-m\libc.a(lib_a-utoa.o)
 .rodata._vfprintf_r.str1.1
                0x0801ba3f       0x34 d:/aboutstm32/truestudio/truestudio for stm32 9.3.0/armtools/bin/../lib/gcc/arm-atollic-eabi/6.3.1/../../../../arm-atollic-eabi/lib/armv7-m\libc.a(lib_a-vfprintf.o)
 .rodata.blanks.7251
                0x0801ba3f       0x10 d:/aboutstm32/truestudio/truestudio for stm32 9.3.0/armtools/bin/../lib/gcc/arm-atollic-eabi/6.3.1/../../../../arm-atollic-eabi/lib/armv7-m\libc.a(lib_a-vfprintf.o)
 .rodata.zeroes.7252
                0x0801ba4f       0x10 d:/aboutstm32/truestudio/truestudio for stm32 9.3.0/armtools/bin/../lib/gcc/arm-atollic-eabi/6.3.1/../../../../arm-atollic-eabi/lib/armv7-m\libc.a(lib_a-vfprintf.o)
 .rodata._dtoa_r.str1.1
                0x0801ba5f        0xd d:/aboutstm32/truestudio/truestudio for stm32 9.3.0/armtools/bin/../lib/gcc/arm-atollic-eabi/6.3.1/../../../../arm-atollic-eabi/lib/armv7-m\libc.a(lib_a-dtoa.o)
                                  0xf (size before relaxing)
 .rodata.__sf_fake_stderr
                0x0801ba6c       0x20 d:/aboutstm32/truestudio/truestudio for stm32 9.3.0/armtools/bin/../lib/gcc/arm-atollic-eabi/6.3.1/../../../../arm-atollic-eabi/lib/armv7-m\libc.a(lib_a-findfp.o)
                0x0801ba6c                __sf_fake_stderr
 .rodata.__sf_fake_stdin
                0x0801ba8c       0x20 d:/aboutstm32/truestudio/truestudio for stm32 9.3.0/armtools/bin/../lib/gcc/arm-atollic-eabi/6.3.1/../../../../arm-atollic-eabi/lib/armv7-m\libc.a(lib_a-findfp.o)
                0x0801ba8c                __sf_fake_stdin
 .rodata.__sf_fake_stdout
                0x0801baac       0x20 d:/aboutstm32/truestudio/truestudio for stm32 9.3.0/armtools/bin/../lib/gcc/arm-atollic-eabi/6.3.1/../../../../arm-atollic-eabi/lib/armv7-m\libc.a(lib_a-findfp.o)
                0x0801baac                __sf_fake_stdout
 .rodata._global_impure_ptr
                0x0801bacc        0x4 d:/aboutstm32/truestudio/truestudio for stm32 9.3.0/armtools/bin/../lib/gcc/arm-atollic-eabi/6.3.1/../../../../arm-atollic-eabi/lib/armv7-m\libc.a(lib_a-impure.o)
                0x0801bacc                _global_impure_ptr
 .rodata._setlocale_r.str1.1
                0x0801bad0        0x8 d:/aboutstm32/truestudio/truestudio for stm32 9.3.0/armtools/bin/../lib/gcc/arm-atollic-eabi/6.3.1/../../../../arm-atollic-eabi/lib/armv7-m\libc.a(lib_a-locale.o)
                                  0x9 (size before relaxing)
 .rodata.str1.1
                0x0801bad8        0x2 d:/aboutstm32/truestudio/truestudio for stm32 9.3.0/armtools/bin/../lib/gcc/arm-atollic-eabi/6.3.1/../../../../arm-atollic-eabi/lib/armv7-m\libc.a(lib_a-locale.o)
 *fill*         0x0801bada        0x6 
 .rodata.__mprec_bigtens
                0x0801bae0       0x28 d:/aboutstm32/truestudio/truestudio for stm32 9.3.0/armtools/bin/../lib/gcc/arm-atollic-eabi/6.3.1/../../../../arm-atollic-eabi/lib/armv7-m\libc.a(lib_a-mprec.o)
                0x0801bae0                __mprec_bigtens
 .rodata.__mprec_tens
                0x0801bb08       0xc8 d:/aboutstm32/truestudio/truestudio for stm32 9.3.0/armtools/bin/../lib/gcc/arm-atollic-eabi/6.3.1/../../../../arm-atollic-eabi/lib/armv7-m\libc.a(lib_a-mprec.o)
                0x0801bb08                __mprec_tens
 .rodata.p05.6073
                0x0801bbd0        0xc d:/aboutstm32/truestudio/truestudio for stm32 9.3.0/armtools/bin/../lib/gcc/arm-atollic-eabi/6.3.1/../../../../arm-atollic-eabi/lib/armv7-m\libc.a(lib_a-mprec.o)
 .rodata._ctype_
                0x0801bbdc      0x101 d:/aboutstm32/truestudio/truestudio for stm32 9.3.0/armtools/bin/../lib/gcc/arm-atollic-eabi/6.3.1/../../../../arm-atollic-eabi/lib/armv7-m\libc.a(lib_a-ctype_.o)
                0x0801bbdc                _ctype_
                0x0801bce0                . = ALIGN (0x4)
 *fill*         0x0801bcdd        0x3 

.ARM.extab
 *(.ARM.extab* .gnu.linkonce.armextab.*)

.ARM            0x0801bce0        0x8
                0x0801bce0                __exidx_start = .
 *(.ARM.exidx*)
 .ARM.exidx     0x0801bce0        0x8 d:/aboutstm32/truestudio/truestudio for stm32 9.3.0/armtools/bin/../lib/gcc/arm-atollic-eabi/6.3.1/armv7-m\libgcc.a(_udivmoddi4.o)
                0x0801bce8                __exidx_end = .

.rel.dyn        0x0801bce8        0x0
 .rel.iplt      0x0801bce8        0x0 d:/aboutstm32/truestudio/truestudio for stm32 9.3.0/armtools/bin/../lib/gcc/arm-atollic-eabi/6.3.1/armv7-m/crtbegin.o

.preinit_array  0x0801bce8        0x0
                0x0801bce8                PROVIDE (__preinit_array_start, .)
 *(.preinit_array*)
                0x0801bce8                PROVIDE (__preinit_array_end, .)

.init_array     0x0801bce8        0x4
                0x0801bce8                PROVIDE (__init_array_start, .)
 *(SORT(.init_array.*))
 *(.init_array*)
 .init_array    0x0801bce8        0x4 d:/aboutstm32/truestudio/truestudio for stm32 9.3.0/armtools/bin/../lib/gcc/arm-atollic-eabi/6.3.1/armv7-m/crtbegin.o
                0x0801bcec                PROVIDE (__init_array_end, .)

.fini_array     0x0801bcec        0x4
                [!provide]                PROVIDE (__fini_array_start, .)
 *(SORT(.fini_array.*))
 *(.fini_array*)
 .fini_array    0x0801bcec        0x4 d:/aboutstm32/truestudio/truestudio for stm32 9.3.0/armtools/bin/../lib/gcc/arm-atollic-eabi/6.3.1/armv7-m/crtbegin.o
                [!provide]                PROVIDE (__fini_array_end, .)
                0x0801bcf0                _sidata = LOADADDR (.data)

.data           0x20000000      0x690 load address 0x0801bcf0
                0x20000000                . = ALIGN (0x4)
                0x20000000                _sdata = .
 *(.data)
 *(.data*)
 .data.key_statu
                0x20000000        0x2 App\Loyer_74HC165\L74hc165.o
                0x20000000                key_statu
 .data.old_statu.7601
                0x20000002        0x2 App\Loyer_74HC165\L74hc165.o
 .data.curPort  0x20000004        0x1 App\Tim\tim4.o
                0x20000004                curPort
 *fill*         0x20000005        0x3 
 .data.base64char
                0x20000008        0x4 App\util\base64.o
                0x20000008                base64char
 .data.APBAHBPrescTable
                0x2000000c       0x10 Libraries\STM32F10x_StdPeriph_Driver\src\stm32f10x_rcc.o
 .data.ADCPrescTable
                0x2000001c        0x4 Libraries\STM32F10x_StdPeriph_Driver\src\stm32f10x_rcc.o
 .data._impure_ptr
                0x20000020        0x4 d:/aboutstm32/truestudio/truestudio for stm32 9.3.0/armtools/bin/../lib/gcc/arm-atollic-eabi/6.3.1/../../../../arm-atollic-eabi/lib/armv7-m\libc.a(lib_a-impure.o)
                0x20000020                _impure_ptr
 .data.impure_data
                0x20000024       0xf0 d:/aboutstm32/truestudio/truestudio for stm32 9.3.0/armtools/bin/../lib/gcc/arm-atollic-eabi/6.3.1/../../../../arm-atollic-eabi/lib/armv7-m\libc.a(lib_a-impure.o)
 .data.__global_locale
                0x20000114      0x16c d:/aboutstm32/truestudio/truestudio for stm32 9.3.0/armtools/bin/../lib/gcc/arm-atollic-eabi/6.3.1/../../../../arm-atollic-eabi/lib/armv7-m\libc.a(lib_a-locale.o)
                0x20000114                __global_locale
 .data.__malloc_av_
                0x20000280      0x408 d:/aboutstm32/truestudio/truestudio for stm32 9.3.0/armtools/bin/../lib/gcc/arm-atollic-eabi/6.3.1/../../../../arm-atollic-eabi/lib/armv7-m\libc.a(lib_a-mallocr.o)
                0x20000280                __malloc_av_
 .data.__malloc_sbrk_base
                0x20000688        0x4 d:/aboutstm32/truestudio/truestudio for stm32 9.3.0/armtools/bin/../lib/gcc/arm-atollic-eabi/6.3.1/../../../../arm-atollic-eabi/lib/armv7-m\libc.a(lib_a-mallocr.o)
                0x20000688                __malloc_sbrk_base
 .data.__malloc_trim_threshold
                0x2000068c        0x4 d:/aboutstm32/truestudio/truestudio for stm32 9.3.0/armtools/bin/../lib/gcc/arm-atollic-eabi/6.3.1/../../../../arm-atollic-eabi/lib/armv7-m\libc.a(lib_a-mallocr.o)
                0x2000068c                __malloc_trim_threshold
                0x20000690                . = ALIGN (0x4)
                0x20000690                _edata = .

.igot.plt       0x20000690        0x0 load address 0x0801c380
 .igot.plt      0x20000690        0x0 d:/aboutstm32/truestudio/truestudio for stm32 9.3.0/armtools/bin/../lib/gcc/arm-atollic-eabi/6.3.1/armv7-m/crtbegin.o
                0x20000690                . = ALIGN (0x4)

.bss            0x20000690     0x1ca4 load address 0x0801c380
                0x20000690                _sbss = .
                0x20000690                __bss_start__ = _sbss
 *(.bss)
 .bss           0x20000690       0x1c d:/aboutstm32/truestudio/truestudio for stm32 9.3.0/armtools/bin/../lib/gcc/arm-atollic-eabi/6.3.1/armv7-m/crtbegin.o
 *(.bss*)
 .bss.HC595_STATUS
                0x200006ac       0x1a App\Loyer_74HC595\L74HC595.o
                0x200006ac                HC595_STATUS
 .bss.allowTCSamePort
                0x200006c6        0x1 App\Tim\tim4.o
                0x200006c6                allowTCSamePort
 .bss.allowModuleUpdate
                0x200006c7        0x1 App\Tim\tim4.o
                0x200006c7                allowModuleUpdate
 .bss.initCnt   0x200006c8        0x1 App\Tim\tim4.o
                0x200006c8                initCnt
 *fill*         0x200006c9        0x3 
 .bss.heartCnt  0x200006cc        0x4 App\Tim\tim4.o
                0x200006cc                heartCnt
 .bss.statuHeartCnt
                0x200006d0        0x1 App\Tim\tim4.o
                0x200006d0                statuHeartCnt
 *fill*         0x200006d1        0x1 
 .bss.firstStatuHeartCnt
                0x200006d2        0x2 App\Tim\tim4.o
                0x200006d2                firstStatuHeartCnt
 .bss.checkCnt  0x200006d4        0x1 App\Tim\tim4.o
                0x200006d4                checkCnt
 *fill*         0x200006d5        0x1 
 .bss.allowTCSamePortCnt
                0x200006d6        0x2 App\Tim\tim4.o
                0x200006d6                allowTCSamePortCnt
 .bss.WDeviceID
                0x200006d8        0x4 App\flash\STMFlash.o
                0x200006d8                WDeviceID
 .bss.F4G_Fram_Record_Struct
                0x200006dc      0xa44 App\module_4G\usart_4G.o
                0x200006dc                F4G_Fram_Record_Struct
 .bss.F4G_Params
                0x20001120       0x38 App\module_4G\usart_4G.o
                0x20001120                F4G_Params
 .bss.tem.8663  0x20001158        0x3 App\module_4G\usart_4G.o
 *fill*         0x2000115b        0x1 
 .bss.UART3_RX_BUF
                0x2000115c       0x17 App\powerBank\bat_usart.o
                0x2000115c                UART3_RX_BUF
 *fill*         0x20001173        0x1 
 .bss.framMag   0x20001174       0x12 App\powerBank\bat_usart.o
                0x20001174                framMag
 *fill*         0x20001186        0x2 
 .bss.powerbankStatu
                0x20001188       0x82 App\powerBank\bat_usart.o
                0x20001188                powerbankStatu
 *fill*         0x2000120a        0x2 
 .bss.WIFI_Fram_Record_Struct
                0x2000120c      0x402 App\wifi\drive\wifi_drive.o
                0x2000120c                WIFI_Fram_Record_Struct
 .bss.TcpClosedFlag
                0x2000160e        0x1 App\wifi\test\sta_tcpclent_test.o
                0x2000160e                TcpClosedFlag
 .bss.fac_us    0x2000160f        0x1 Public\systick.o
 .bss.fac_ms    0x20001610        0x2 Public\systick.o
 *fill*         0x20001612        0x2 
 .bss.USART1_Record_Struct
                0x20001614      0x402 Public\usart.o
                0x20001614                USART1_Record_Struct
 *fill*         0x20001a16        0x2 
 .bss.RegisterParams
                0x20001a18       0x39 Public\usart.o
                0x20001a18                RegisterParams
 *fill*         0x20001a51        0x3 
 .bss.usart1TestBuf
                0x20001a54       0x12 Public\usart.o
                0x20001a54                usart1TestBuf
 *fill*         0x20001a66        0x2 
 .bss.heap_end.8347
                0x20001a68        0x4 src\syscalls.o
 .bss.__malloc_current_mallinfo
                0x20001a6c       0x28 d:/aboutstm32/truestudio/truestudio for stm32 9.3.0/armtools/bin/../lib/gcc/arm-atollic-eabi/6.3.1/../../../../arm-atollic-eabi/lib/armv7-m\libc.a(lib_a-mallocr.o)
                0x20001a6c                __malloc_current_mallinfo
 .bss.__malloc_max_sbrked_mem
                0x20001a94        0x4 d:/aboutstm32/truestudio/truestudio for stm32 9.3.0/armtools/bin/../lib/gcc/arm-atollic-eabi/6.3.1/../../../../arm-atollic-eabi/lib/armv7-m\libc.a(lib_a-mallocr.o)
                0x20001a94                __malloc_max_sbrked_mem
 .bss.__malloc_max_total_mem
                0x20001a98        0x4 d:/aboutstm32/truestudio/truestudio for stm32 9.3.0/armtools/bin/../lib/gcc/arm-atollic-eabi/6.3.1/../../../../arm-atollic-eabi/lib/armv7-m\libc.a(lib_a-mallocr.o)
                0x20001a98                __malloc_max_total_mem
 .bss.__malloc_top_pad
                0x20001a9c        0x4 d:/aboutstm32/truestudio/truestudio for stm32 9.3.0/armtools/bin/../lib/gcc/arm-atollic-eabi/6.3.1/../../../../arm-atollic-eabi/lib/armv7-m\libc.a(lib_a-mallocr.o)
                0x20001a9c                __malloc_top_pad
 *(COMMON)
 COMMON         0x20001aa0      0x884 App\flash\STMFlash.o
                0x20001aa0                WVersion
                0x20001aa4                STMFLASH_BUF
                0x200022a4                RVersion
                0x200022b8                RDeviceID
                0x200022c0                APPServer
 COMMON         0x20002324        0x4 d:/aboutstm32/truestudio/truestudio for stm32 9.3.0/armtools/bin/../lib/gcc/arm-atollic-eabi/6.3.1/../../../../arm-atollic-eabi/lib/armv7-m\libc.a(lib_a-reent.o)
                0x20002324                errno
 COMMON         0x20002328        0x9 d:/aboutstm32/truestudio/truestudio for stm32 9.3.0/armtools/bin/../lib/gcc/arm-atollic-eabi/6.3.1/../../../../arm-atollic-eabi/lib/armv7-m\libc.a(lib_a-lock.o)
                0x20002328                __lock___atexit_recursive_mutex
                0x20002329                __lock___arc4random_mutex
                0x2000232a                __lock___env_recursive_mutex
                0x2000232b                __lock___sinit_recursive_mutex
                0x2000232c                __lock___malloc_recursive_mutex
                0x2000232d                __lock___at_quick_exit_mutex
                0x2000232e                __lock___dd_hash_mutex
                0x2000232f                __lock___tz_mutex
                0x20002330                __lock___sfp_recursive_mutex
                0x20002334                . = ALIGN (0x4)
 *fill*         0x20002331        0x3 
                0x20002334                _ebss = .
                0x20002334                __bss_end__ = _ebss

._user_heap_stack
                0x20002334      0x200 load address 0x0801c380
                0x20002334                . = ALIGN (0x4)
                0x20002334                PROVIDE (end, .)
                [!provide]                PROVIDE (_end, .)
                0x20002334                . = (. + _Min_Heap_Size)
                0x20002534                . = (. + _Min_Stack_Size)
 *fill*         0x20002334      0x200 
                0x20002534                . = ALIGN (0x4)

.memory_b1_text
 *(.mb1text)
 *(.mb1text*)
 *(.mb1rodata)
 *(.mb1rodata*)

/DISCARD/
 libc.a(*)
 libm.a(*)
 libgcc.a(*)

.ARM.attributes
                0x00000000       0x29
 *(.ARM.attributes)
 .ARM.attributes
                0x00000000       0x1d d:/aboutstm32/truestudio/truestudio for stm32 9.3.0/armtools/bin/../lib/gcc/arm-atollic-eabi/6.3.1/armv7-m/crti.o
 .ARM.attributes
                0x0000001d       0x2d d:/aboutstm32/truestudio/truestudio for stm32 9.3.0/armtools/bin/../lib/gcc/arm-atollic-eabi/6.3.1/armv7-m/crtbegin.o
 .ARM.attributes
                0x0000004a       0x33 App\Loyer_74HC165\L74hc165.o
 .ARM.attributes
                0x0000007d       0x33 App\Loyer_74HC595\L74HC595.o
 .ARM.attributes
                0x000000b0       0x33 App\Tim\tim4.o
 .ARM.attributes
                0x000000e3       0x33 App\audio\audio.o
 .ARM.attributes
                0x00000116       0x33 App\flash\STMFlash.o
 .ARM.attributes
                0x00000149       0x33 App\led\led.o
 .ARM.attributes
                0x0000017c       0x33 App\module_4G\usart_4G.o
 .ARM.attributes
                0x000001af       0x33 App\motor\motor.o
 .ARM.attributes
                0x000001e2       0x33 App\powerBank\bat_usart.o
 .ARM.attributes
                0x00000215       0x33 App\powerBank\charge.o
 .ARM.attributes
                0x00000248       0x33 App\util\base64.o
 .ARM.attributes
                0x0000027b       0x33 App\wifi\drive\wifi_drive.o
 .ARM.attributes
                0x000002ae       0x33 App\wifi\public\wifi_public.o
 .ARM.attributes
                0x000002e1       0x33 App\wifi\test\sta_tcpclent_test.o
 .ARM.attributes
                0x00000314       0x33 Libraries\STM32F10x_StdPeriph_Driver\src\misc.o
 .ARM.attributes
                0x00000347       0x33 Libraries\STM32F10x_StdPeriph_Driver\src\stm32f10x_flash.o
 .ARM.attributes
                0x0000037a       0x33 Libraries\STM32F10x_StdPeriph_Driver\src\stm32f10x_gpio.o
 .ARM.attributes
                0x000003ad       0x33 Libraries\STM32F10x_StdPeriph_Driver\src\stm32f10x_rcc.o
 .ARM.attributes
                0x000003e0       0x33 Libraries\STM32F10x_StdPeriph_Driver\src\stm32f10x_tim.o
 .ARM.attributes
                0x00000413       0x33 Libraries\STM32F10x_StdPeriph_Driver\src\stm32f10x_usart.o
 .ARM.attributes
                0x00000446       0x33 Public\systick.o
 .ARM.attributes
                0x00000479       0x33 Public\usart.o
 .ARM.attributes
                0x000004ac       0x33 src\main.o
 .ARM.attributes
                0x000004df       0x21 src\startup_stm32f10x_hd.o
 .ARM.attributes
                0x00000500       0x33 src\stm32f1xx_it.o
 .ARM.attributes
                0x00000533       0x33 src\syscalls.o
 .ARM.attributes
                0x00000566       0x33 src\system_stm32f10x.o
 .ARM.attributes
                0x00000599       0x2d d:/aboutstm32/truestudio/truestudio for stm32 9.3.0/armtools/bin/../lib/gcc/arm-atollic-eabi/6.3.1/../../../../arm-atollic-eabi/lib/armv7-m\libc.a(lib_a-atoi.o)
 .ARM.attributes
                0x000005c6       0x2d d:/aboutstm32/truestudio/truestudio for stm32 9.3.0/armtools/bin/../lib/gcc/arm-atollic-eabi/6.3.1/../../../../arm-atollic-eabi/lib/armv7-m\libc.a(lib_a-init.o)
 .ARM.attributes
                0x000005f3       0x2d d:/aboutstm32/truestudio/truestudio for stm32 9.3.0/armtools/bin/../lib/gcc/arm-atollic-eabi/6.3.1/../../../../arm-atollic-eabi/lib/armv7-m\libc.a(lib_a-itoa.o)
 .ARM.attributes
                0x00000620       0x2d d:/aboutstm32/truestudio/truestudio for stm32 9.3.0/armtools/bin/../lib/gcc/arm-atollic-eabi/6.3.1/../../../../arm-atollic-eabi/lib/armv7-m\libc.a(lib_a-memcmp.o)
 .ARM.attributes
                0x0000064d       0x2d d:/aboutstm32/truestudio/truestudio for stm32 9.3.0/armtools/bin/../lib/gcc/arm-atollic-eabi/6.3.1/../../../../arm-atollic-eabi/lib/armv7-m\libc.a(lib_a-memcpy-stub.o)
 .ARM.attributes
                0x0000067a       0x2d d:/aboutstm32/truestudio/truestudio for stm32 9.3.0/armtools/bin/../lib/gcc/arm-atollic-eabi/6.3.1/../../../../arm-atollic-eabi/lib/armv7-m\libc.a(lib_a-memset.o)
 .ARM.attributes
                0x000006a7       0x2d d:/aboutstm32/truestudio/truestudio for stm32 9.3.0/armtools/bin/../lib/gcc/arm-atollic-eabi/6.3.1/../../../../arm-atollic-eabi/lib/armv7-m\libc.a(lib_a-printf.o)
 .ARM.attributes
                0x000006d4       0x2d d:/aboutstm32/truestudio/truestudio for stm32 9.3.0/armtools/bin/../lib/gcc/arm-atollic-eabi/6.3.1/../../../../arm-atollic-eabi/lib/armv7-m\libc.a(lib_a-puts.o)
 .ARM.attributes
                0x00000701       0x2d d:/aboutstm32/truestudio/truestudio for stm32 9.3.0/armtools/bin/../lib/gcc/arm-atollic-eabi/6.3.1/../../../../arm-atollic-eabi/lib/armv7-m\libc.a(lib_a-reent.o)
 .ARM.attributes
                0x0000072e       0x2d d:/aboutstm32/truestudio/truestudio for stm32 9.3.0/armtools/bin/../lib/gcc/arm-atollic-eabi/6.3.1/../../../../arm-atollic-eabi/lib/armv7-m\libc.a(lib_a-snprintf.o)
 .ARM.attributes
                0x0000075b       0x2d d:/aboutstm32/truestudio/truestudio for stm32 9.3.0/armtools/bin/../lib/gcc/arm-atollic-eabi/6.3.1/../../../../arm-atollic-eabi/lib/armv7-m\libc.a(lib_a-sprintf.o)
 .ARM.attributes
                0x00000788       0x2d d:/aboutstm32/truestudio/truestudio for stm32 9.3.0/armtools/bin/../lib/gcc/arm-atollic-eabi/6.3.1/../../../../arm-atollic-eabi/lib/armv7-m\libc.a(lib_a-strcat.o)
 .ARM.attributes
                0x000007b5       0x2d d:/aboutstm32/truestudio/truestudio for stm32 9.3.0/armtools/bin/../lib/gcc/arm-atollic-eabi/6.3.1/../../../../arm-atollic-eabi/lib/armv7-m\libc.a(lib_a-strchr.o)
 .ARM.attributes
                0x000007e2       0x1b d:/aboutstm32/truestudio/truestudio for stm32 9.3.0/armtools/bin/../lib/gcc/arm-atollic-eabi/6.3.1/../../../../arm-atollic-eabi/lib/armv7-m\libc.a(lib_a-strcmp.o)
 .ARM.attributes
                0x000007fd       0x2d d:/aboutstm32/truestudio/truestudio for stm32 9.3.0/armtools/bin/../lib/gcc/arm-atollic-eabi/6.3.1/../../../../arm-atollic-eabi/lib/armv7-m\libc.a(lib_a-strcpy.o)
 .ARM.attributes
                0x0000082a       0x17 d:/aboutstm32/truestudio/truestudio for stm32 9.3.0/armtools/bin/../lib/gcc/arm-atollic-eabi/6.3.1/../../../../arm-atollic-eabi/lib/armv7-m\libc.a(lib_a-strlen.o)
 .ARM.attributes
                0x00000841       0x2d d:/aboutstm32/truestudio/truestudio for stm32 9.3.0/armtools/bin/../lib/gcc/arm-atollic-eabi/6.3.1/../../../../arm-atollic-eabi/lib/armv7-m\libc.a(lib_a-strncat.o)
 .ARM.attributes
                0x0000086e       0x2d d:/aboutstm32/truestudio/truestudio for stm32 9.3.0/armtools/bin/../lib/gcc/arm-atollic-eabi/6.3.1/../../../../arm-atollic-eabi/lib/armv7-m\libc.a(lib_a-strncmp.o)
 .ARM.attributes
                0x0000089b       0x2d d:/aboutstm32/truestudio/truestudio for stm32 9.3.0/armtools/bin/../lib/gcc/arm-atollic-eabi/6.3.1/../../../../arm-atollic-eabi/lib/armv7-m\libc.a(lib_a-strncpy.o)
 .ARM.attributes
                0x000008c8       0x2d d:/aboutstm32/truestudio/truestudio for stm32 9.3.0/armtools/bin/../lib/gcc/arm-atollic-eabi/6.3.1/../../../../arm-atollic-eabi/lib/armv7-m\libc.a(lib_a-strstr.o)
 .ARM.attributes
                0x000008f5       0x2d d:/aboutstm32/truestudio/truestudio for stm32 9.3.0/armtools/bin/../lib/gcc/arm-atollic-eabi/6.3.1/../../../../arm-atollic-eabi/lib/armv7-m\libc.a(lib_a-strtok.o)
 .ARM.attributes
                0x00000922       0x2d d:/aboutstm32/truestudio/truestudio for stm32 9.3.0/armtools/bin/../lib/gcc/arm-atollic-eabi/6.3.1/../../../../arm-atollic-eabi/lib/armv7-m\libc.a(lib_a-strtok_r.o)
 .ARM.attributes
                0x0000094f       0x2d d:/aboutstm32/truestudio/truestudio for stm32 9.3.0/armtools/bin/../lib/gcc/arm-atollic-eabi/6.3.1/../../../../arm-atollic-eabi/lib/armv7-m\libc.a(lib_a-strtol.o)
 .ARM.attributes
                0x0000097c       0x2d d:/aboutstm32/truestudio/truestudio for stm32 9.3.0/armtools/bin/../lib/gcc/arm-atollic-eabi/6.3.1/../../../../arm-atollic-eabi/lib/armv7-m\libc.a(lib_a-svfprintf.o)
 .ARM.attributes
                0x000009a9       0x2d d:/aboutstm32/truestudio/truestudio for stm32 9.3.0/armtools/bin/../lib/gcc/arm-atollic-eabi/6.3.1/../../../../arm-atollic-eabi/lib/armv7-m\libc.a(lib_a-utoa.o)
 .ARM.attributes
                0x000009d6       0x2d d:/aboutstm32/truestudio/truestudio for stm32 9.3.0/armtools/bin/../lib/gcc/arm-atollic-eabi/6.3.1/../../../../arm-atollic-eabi/lib/armv7-m\libc.a(lib_a-vfprintf.o)
 .ARM.attributes
                0x00000a03       0x2d d:/aboutstm32/truestudio/truestudio for stm32 9.3.0/armtools/bin/../lib/gcc/arm-atollic-eabi/6.3.1/../../../../arm-atollic-eabi/lib/armv7-m\libc.a(lib_a-wsetup.o)
 .ARM.attributes
                0x00000a30       0x2d d:/aboutstm32/truestudio/truestudio for stm32 9.3.0/armtools/bin/../lib/gcc/arm-atollic-eabi/6.3.1/../../../../arm-atollic-eabi/lib/armv7-m\libc.a(lib_a-dtoa.o)
 .ARM.attributes
                0x00000a5d       0x2d d:/aboutstm32/truestudio/truestudio for stm32 9.3.0/armtools/bin/../lib/gcc/arm-atollic-eabi/6.3.1/../../../../arm-atollic-eabi/lib/armv7-m\libc.a(lib_a-fflush.o)
 .ARM.attributes
                0x00000a8a       0x2d d:/aboutstm32/truestudio/truestudio for stm32 9.3.0/armtools/bin/../lib/gcc/arm-atollic-eabi/6.3.1/../../../../arm-atollic-eabi/lib/armv7-m\libc.a(lib_a-findfp.o)
 .ARM.attributes
                0x00000ab7       0x2d d:/aboutstm32/truestudio/truestudio for stm32 9.3.0/armtools/bin/../lib/gcc/arm-atollic-eabi/6.3.1/../../../../arm-atollic-eabi/lib/armv7-m\libc.a(lib_a-freer.o)
 .ARM.attributes
                0x00000ae4       0x2d d:/aboutstm32/truestudio/truestudio for stm32 9.3.0/armtools/bin/../lib/gcc/arm-atollic-eabi/6.3.1/../../../../arm-atollic-eabi/lib/armv7-m\libc.a(lib_a-fvwrite.o)
 .ARM.attributes
                0x00000b11       0x2d d:/aboutstm32/truestudio/truestudio for stm32 9.3.0/armtools/bin/../lib/gcc/arm-atollic-eabi/6.3.1/../../../../arm-atollic-eabi/lib/armv7-m\libc.a(lib_a-fwalk.o)
 .ARM.attributes
                0x00000b3e       0x2d d:/aboutstm32/truestudio/truestudio for stm32 9.3.0/armtools/bin/../lib/gcc/arm-atollic-eabi/6.3.1/../../../../arm-atollic-eabi/lib/armv7-m\libc.a(lib_a-impure.o)
 .ARM.attributes
                0x00000b6b       0x2d d:/aboutstm32/truestudio/truestudio for stm32 9.3.0/armtools/bin/../lib/gcc/arm-atollic-eabi/6.3.1/../../../../arm-atollic-eabi/lib/armv7-m\libc.a(lib_a-locale.o)
 .ARM.attributes
                0x00000b98       0x2d d:/aboutstm32/truestudio/truestudio for stm32 9.3.0/armtools/bin/../lib/gcc/arm-atollic-eabi/6.3.1/../../../../arm-atollic-eabi/lib/armv7-m\libc.a(lib_a-localeconv.o)
 .ARM.attributes
                0x00000bc5       0x2d d:/aboutstm32/truestudio/truestudio for stm32 9.3.0/armtools/bin/../lib/gcc/arm-atollic-eabi/6.3.1/../../../../arm-atollic-eabi/lib/armv7-m\libc.a(lib_a-lock.o)
 .ARM.attributes
                0x00000bf2       0x2d d:/aboutstm32/truestudio/truestudio for stm32 9.3.0/armtools/bin/../lib/gcc/arm-atollic-eabi/6.3.1/../../../../arm-atollic-eabi/lib/armv7-m\libc.a(lib_a-makebuf.o)
 .ARM.attributes
                0x00000c1f       0x2d d:/aboutstm32/truestudio/truestudio for stm32 9.3.0/armtools/bin/../lib/gcc/arm-atollic-eabi/6.3.1/../../../../arm-atollic-eabi/lib/armv7-m\libc.a(lib_a-malloc.o)
 .ARM.attributes
                0x00000c4c       0x2d d:/aboutstm32/truestudio/truestudio for stm32 9.3.0/armtools/bin/../lib/gcc/arm-atollic-eabi/6.3.1/../../../../arm-atollic-eabi/lib/armv7-m\libc.a(lib_a-mallocr.o)
 .ARM.attributes
                0x00000c79       0x2d d:/aboutstm32/truestudio/truestudio for stm32 9.3.0/armtools/bin/../lib/gcc/arm-atollic-eabi/6.3.1/../../../../arm-atollic-eabi/lib/armv7-m\libc.a(lib_a-mbtowc_r.o)
 .ARM.attributes
                0x00000ca6       0x2d d:/aboutstm32/truestudio/truestudio for stm32 9.3.0/armtools/bin/../lib/gcc/arm-atollic-eabi/6.3.1/../../../../arm-atollic-eabi/lib/armv7-m\libc.a(lib_a-memchr-stub.o)
 .ARM.attributes
                0x00000cd3       0x2d d:/aboutstm32/truestudio/truestudio for stm32 9.3.0/armtools/bin/../lib/gcc/arm-atollic-eabi/6.3.1/../../../../arm-atollic-eabi/lib/armv7-m\libc.a(lib_a-memmove.o)
 .ARM.attributes
                0x00000d00       0x2d d:/aboutstm32/truestudio/truestudio for stm32 9.3.0/armtools/bin/../lib/gcc/arm-atollic-eabi/6.3.1/../../../../arm-atollic-eabi/lib/armv7-m\libc.a(lib_a-mlock.o)
 .ARM.attributes
                0x00000d2d       0x2d d:/aboutstm32/truestudio/truestudio for stm32 9.3.0/armtools/bin/../lib/gcc/arm-atollic-eabi/6.3.1/../../../../arm-atollic-eabi/lib/armv7-m\libc.a(lib_a-mprec.o)
 .ARM.attributes
                0x00000d5a       0x2d d:/aboutstm32/truestudio/truestudio for stm32 9.3.0/armtools/bin/../lib/gcc/arm-atollic-eabi/6.3.1/../../../../arm-atollic-eabi/lib/armv7-m\libc.a(lib_a-reallocr.o)
 .ARM.attributes
                0x00000d87       0x2d d:/aboutstm32/truestudio/truestudio for stm32 9.3.0/armtools/bin/../lib/gcc/arm-atollic-eabi/6.3.1/../../../../arm-atollic-eabi/lib/armv7-m\libc.a(lib_a-sbrkr.o)
 .ARM.attributes
                0x00000db4       0x2d d:/aboutstm32/truestudio/truestudio for stm32 9.3.0/armtools/bin/../lib/gcc/arm-atollic-eabi/6.3.1/../../../../arm-atollic-eabi/lib/armv7-m\libc.a(lib_a-stdio.o)
 .ARM.attributes
                0x00000de1       0x2d d:/aboutstm32/truestudio/truestudio for stm32 9.3.0/armtools/bin/../lib/gcc/arm-atollic-eabi/6.3.1/../../../../arm-atollic-eabi/lib/armv7-m\libc.a(lib_a-svfiprintf.o)
 .ARM.attributes
                0x00000e0e       0x2d d:/aboutstm32/truestudio/truestudio for stm32 9.3.0/armtools/bin/../lib/gcc/arm-atollic-eabi/6.3.1/../../../../arm-atollic-eabi/lib/armv7-m\libc.a(lib_a-vfiprintf.o)
 .ARM.attributes
                0x00000e3b       0x2d d:/aboutstm32/truestudio/truestudio for stm32 9.3.0/armtools/bin/../lib/gcc/arm-atollic-eabi/6.3.1/../../../../arm-atollic-eabi/lib/armv7-m\libc.a(lib_a-wctomb_r.o)
 .ARM.attributes
                0x00000e68       0x2d d:/aboutstm32/truestudio/truestudio for stm32 9.3.0/armtools/bin/../lib/gcc/arm-atollic-eabi/6.3.1/../../../../arm-atollic-eabi/lib/armv7-m\libc.a(lib_a-writer.o)
 .ARM.attributes
                0x00000e95       0x2d d:/aboutstm32/truestudio/truestudio for stm32 9.3.0/armtools/bin/../lib/gcc/arm-atollic-eabi/6.3.1/../../../../arm-atollic-eabi/lib/armv7-m\libc.a(lib_a-callocr.o)
 .ARM.attributes
                0x00000ec2       0x2d d:/aboutstm32/truestudio/truestudio for stm32 9.3.0/armtools/bin/../lib/gcc/arm-atollic-eabi/6.3.1/../../../../arm-atollic-eabi/lib/armv7-m\libc.a(lib_a-closer.o)
 .ARM.attributes
                0x00000eef       0x2d d:/aboutstm32/truestudio/truestudio for stm32 9.3.0/armtools/bin/../lib/gcc/arm-atollic-eabi/6.3.1/../../../../arm-atollic-eabi/lib/armv7-m\libc.a(lib_a-ctype_.o)
 .ARM.attributes
                0x00000f1c       0x2d d:/aboutstm32/truestudio/truestudio for stm32 9.3.0/armtools/bin/../lib/gcc/arm-atollic-eabi/6.3.1/../../../../arm-atollic-eabi/lib/armv7-m\libc.a(lib_a-fclose.o)
 .ARM.attributes
                0x00000f49       0x2d d:/aboutstm32/truestudio/truestudio for stm32 9.3.0/armtools/bin/../lib/gcc/arm-atollic-eabi/6.3.1/../../../../arm-atollic-eabi/lib/armv7-m\libc.a(lib_a-fputwc.o)
 .ARM.attributes
                0x00000f76       0x2d d:/aboutstm32/truestudio/truestudio for stm32 9.3.0/armtools/bin/../lib/gcc/arm-atollic-eabi/6.3.1/../../../../arm-atollic-eabi/lib/armv7-m\libc.a(lib_a-fstatr.o)
 .ARM.attributes
                0x00000fa3       0x2d d:/aboutstm32/truestudio/truestudio for stm32 9.3.0/armtools/bin/../lib/gcc/arm-atollic-eabi/6.3.1/../../../../arm-atollic-eabi/lib/armv7-m\libc.a(lib_a-isattyr.o)
 .ARM.attributes
                0x00000fd0       0x2d d:/aboutstm32/truestudio/truestudio for stm32 9.3.0/armtools/bin/../lib/gcc/arm-atollic-eabi/6.3.1/../../../../arm-atollic-eabi/lib/armv7-m\libc.a(lib_a-lseekr.o)
 .ARM.attributes
                0x00000ffd       0x2d d:/aboutstm32/truestudio/truestudio for stm32 9.3.0/armtools/bin/../lib/gcc/arm-atollic-eabi/6.3.1/../../../../arm-atollic-eabi/lib/armv7-m\libc.a(lib_a-readr.o)
 .ARM.attributes
                0x0000102a       0x2d d:/aboutstm32/truestudio/truestudio for stm32 9.3.0/armtools/bin/../lib/gcc/arm-atollic-eabi/6.3.1/../../../../arm-atollic-eabi/lib/armv7-m\libc.a(lib_a-wbuf.o)
 .ARM.attributes