core_cm3.h:1107:22:NVIC_SystemReset	4	static
usart_4G.c:15:6:USART2_Init	40	static
usart_4G.c:57:6:F4G_Init	32	static
usart_4G.c:141:6:USART2_IRQHandler	32	static
usart_4G.c:342:6:reset_4G_module	8	static
usart_4G.c:353:6:powerOn4G	8	static
usart_4G.c:368:6:split	24	static
usart_4G.c:396:6:Send_AT_Cmd	24	static
usart_4G.c:426:4:F4G_AT_Test	16	static
usart_4G.c:448:6:connectToTCPServer	120	static
usart_4G.c:461:6:F4G_sendStr	536	static
usart_4G.c:484:6:F4G_ExitUnvarnishSend	8	static
usart_4G.c:491:6:getModuleMes	16	static
usart_4G.c:613:6:communicateWithHost	64	static
usart_4G.c:622:6:catRequestStr	40	static
usart_4G.c:634:6:request	144	static
usart_4G.c:642:6:response2reset	144	static
usart_4G.c:653:6:common_heart	16	static
usart_4G.c:670:6:checkLinkedStatus	112	static
usart_4G.c:698:6:statu_heart	312	static
usart_4G.c:717:6:dd_tc	304	static
usart_4G.c:733:6:sys_tc	296	static
usart_4G.c:747:6:currentPortStatuChanged	288	static
usart_4G.c:759:7:Int2Strs	16	static
usart_4G.c:770:6:request2Server	16	static
