wifi_drive.c:18:6:UART4_Init	40	static
wifi_drive.c:59:6:UART4_IRQHandler	8	static
wifi_drive.c:97:6:WIFI_Init	32	static
wifi_drive.c:119:6:Wifi_Rst	8	static
wifi_drive.c:131:6:WIFI_Send_AT_Cmd	24	static
wifi_drive.c:158:6:WIFI_AT_Test	16	static
wifi_drive.c:178:6:WIFI_Net_Mode_Choose	0	static
wifi_drive.c:200:6:WIFI_JoinAP	128	static
wifi_drive.c:213:6:WIFI_Enable_MultipleId	32	static
wifi_drive.c:228:6:WIFI_Link_Server	256	static
wifi_drive.c:260:6:WIFI_UnvarnishSend	8	static
wifi_drive.c:275:6:WIFI_SendString	32	static
wifi_drive.c:308:6:WIFI_ExitUnvarnishSend	8	static
wifi_drive.c:320:4:WIFI_Get_LinkStatus	8	static
