Archive member included to satisfy reference by file (symbol)

d:/aboutstm32/truestudio/truestudio for stm32 9.3.0/armtools/bin/../lib/gcc/arm-atollic-eabi/6.3.1/../../../../arm-atollic-eabi/lib/armv7-m\libc.a(lib_a-atoi.o)
                              App\module_4G\usart_4G.o (atoi)
d:/aboutstm32/truestudio/truestudio for stm32 9.3.0/armtools/bin/../lib/gcc/arm-atollic-eabi/6.3.1/../../../../arm-atollic-eabi/lib/armv7-m\libc.a(lib_a-init.o)
                              src\startup_stm32f10x_hd.o (__libc_init_array)
d:/aboutstm32/truestudio/truestudio for stm32 9.3.0/armtools/bin/../lib/gcc/arm-atollic-eabi/6.3.1/../../../../arm-atollic-eabi/lib/armv7-m\libc.a(lib_a-itoa.o)
                              App\powerBank\bat_usart.o (itoa)
d:/aboutstm32/truestudio/truestudio for stm32 9.3.0/armtools/bin/../lib/gcc/arm-atollic-eabi/6.3.1/../../../../arm-atollic-eabi/lib/armv7-m\libc.a(lib_a-memcmp.o)
                              App\module_4G\usart_4G.o (memcmp)
d:/aboutstm32/truestudio/truestudio for stm32 9.3.0/armtools/bin/../lib/gcc/arm-atollic-eabi/6.3.1/../../../../arm-atollic-eabi/lib/armv7-m\libc.a(lib_a-memcpy-stub.o)
                              App\module_4G\usart_4G.o (memcpy)
d:/aboutstm32/truestudio/truestudio for stm32 9.3.0/armtools/bin/../lib/gcc/arm-atollic-eabi/6.3.1/../../../../arm-atollic-eabi/lib/armv7-m\libc.a(lib_a-memset.o)
                              App\module_4G\usart_4G.o (memset)
d:/aboutstm32/truestudio/truestudio for stm32 9.3.0/armtools/bin/../lib/gcc/arm-atollic-eabi/6.3.1/../../../../arm-atollic-eabi/lib/armv7-m\libc.a(lib_a-printf.o)
                              App\Loyer_74HC165\L74hc165.o (printf)
d:/aboutstm32/truestudio/truestudio for stm32 9.3.0/armtools/bin/../lib/gcc/arm-atollic-eabi/6.3.1/../../../../arm-atollic-eabi/lib/armv7-m\libc.a(lib_a-puts.o)
                              App\Tim\tim4.o (puts)
d:/aboutstm32/truestudio/truestudio for stm32 9.3.0/armtools/bin/../lib/gcc/arm-atollic-eabi/6.3.1/../../../../arm-atollic-eabi/lib/armv7-m\libc.a(lib_a-reent.o)
                              src\syscalls.o (errno)
d:/aboutstm32/truestudio/truestudio for stm32 9.3.0/armtools/bin/../lib/gcc/arm-atollic-eabi/6.3.1/../../../../arm-atollic-eabi/lib/armv7-m\libc.a(lib_a-snprintf.o)
                              App\module_4G\usart_4G.o (snprintf)
d:/aboutstm32/truestudio/truestudio for stm32 9.3.0/armtools/bin/../lib/gcc/arm-atollic-eabi/6.3.1/../../../../arm-atollic-eabi/lib/armv7-m\libc.a(lib_a-sprintf.o)
                              App\module_4G\usart_4G.o (sprintf)
d:/aboutstm32/truestudio/truestudio for stm32 9.3.0/armtools/bin/../lib/gcc/arm-atollic-eabi/6.3.1/../../../../arm-atollic-eabi/lib/armv7-m\libc.a(lib_a-strcat.o)
                              App\module_4G\usart_4G.o (strcat)
d:/aboutstm32/truestudio/truestudio for stm32 9.3.0/armtools/bin/../lib/gcc/arm-atollic-eabi/6.3.1/../../../../arm-atollic-eabi/lib/armv7-m\libc.a(lib_a-strchr.o)
                              App\module_4G\usart_4G.o (strchr)
d:/aboutstm32/truestudio/truestudio for stm32 9.3.0/armtools/bin/../lib/gcc/arm-atollic-eabi/6.3.1/../../../../arm-atollic-eabi/lib/armv7-m\libc.a(lib_a-strcmp.o)
                              Public\usart.o (strcmp)
d:/aboutstm32/truestudio/truestudio for stm32 9.3.0/armtools/bin/../lib/gcc/arm-atollic-eabi/6.3.1/../../../../arm-atollic-eabi/lib/armv7-m\libc.a(lib_a-strcpy.o)
                              App\Tim\tim4.o (strcpy)
d:/aboutstm32/truestudio/truestudio for stm32 9.3.0/armtools/bin/../lib/gcc/arm-atollic-eabi/6.3.1/../../../../arm-atollic-eabi/lib/armv7-m\libc.a(lib_a-strlen.o)
                              App\util\base64.o (strlen)
d:/aboutstm32/truestudio/truestudio for stm32 9.3.0/armtools/bin/../lib/gcc/arm-atollic-eabi/6.3.1/../../../../arm-atollic-eabi/lib/armv7-m\libc.a(lib_a-strncat.o)
                              App\powerBank\bat_usart.o (strncat)
d:/aboutstm32/truestudio/truestudio for stm32 9.3.0/armtools/bin/../lib/gcc/arm-atollic-eabi/6.3.1/../../../../arm-atollic-eabi/lib/armv7-m\libc.a(lib_a-strncmp.o)
                              Public\usart.o (strncmp)
d:/aboutstm32/truestudio/truestudio for stm32 9.3.0/armtools/bin/../lib/gcc/arm-atollic-eabi/6.3.1/../../../../arm-atollic-eabi/lib/armv7-m\libc.a(lib_a-strncpy.o)
                              Public\usart.o (strncpy)
d:/aboutstm32/truestudio/truestudio for stm32 9.3.0/armtools/bin/../lib/gcc/arm-atollic-eabi/6.3.1/../../../../arm-atollic-eabi/lib/armv7-m\libc.a(lib_a-strstr.o)
                              App\module_4G\usart_4G.o (strstr)
d:/aboutstm32/truestudio/truestudio for stm32 9.3.0/armtools/bin/../lib/gcc/arm-atollic-eabi/6.3.1/../../../../arm-atollic-eabi/lib/armv7-m\libc.a(lib_a-strtok.o)
                              App\module_4G\usart_4G.o (strtok)
d:/aboutstm32/truestudio/truestudio for stm32 9.3.0/armtools/bin/../lib/gcc/arm-atollic-eabi/6.3.1/../../../../arm-atollic-eabi/lib/armv7-m\libc.a(lib_a-strtok_r.o)
[...]
Memory Configuration

Name             Origin             Length             Attributes
FLASH            0x08010000         0x00030000         xr
RAM              0x20000000         0x0000c000         xrw
MEMORY_B1        0x60000000         0x00000000         xr
*default*        0x00000000         0xffffffff

Linker script and memory map

LOAD d:/aboutstm32/truestudio/truestudio for stm32 9.3.0/armtools/bin/../lib/gcc/arm-atollic-eabi/6.3.1/armv7-m/crti.o
LOAD d:/aboutstm32/truestudio/truestudio for stm32 9.3.0/armtools/bin/../lib/gcc/arm-atollic-eabi/6.3.1/armv7-m/crtbegin.o
LOAD App\Loyer_74HC165\L74hc165.o
LOAD App\Loyer_74HC595\L74HC595.o
LOAD App\Tim\tim4.o
LOAD App\audio\audio.o
LOAD App\flash\STMFlash.o
LOAD App\led\led.o
LOAD App\module_4G\usart_4G.o
LOAD App\motor\motor.o
LOAD App\powerBank\bat_usart.o
LOAD App\powerBank\charge.o
LOAD App\util\base64.o
LOAD App\wifi\drive\wifi_drive.o
LOAD App\wifi\public\wifi_public.o
LOAD App\wifi\test\sta_tcpclent_test.o
LOAD Libraries\STM32F10x_StdPeriph_Driver\src\misc.o
LOAD Libraries\STM32F10x_StdPeriph_Driver\src\stm32f10x_adc.o
LOAD Libraries\STM32F10x_StdPeriph_Driver\src\stm32f10x_bkp.o
LOAD Libraries\STM32F10x_StdPeriph_Driver\src\stm32f10x_can.o
LOAD Libraries\STM32F10x_StdPeriph_Driver\src\stm32f10x_cec.o
LOAD Libraries\STM32F10x_StdPeriph_Driver\src\stm32f10x_crc.o
LOAD Libraries\STM32F10x_StdPeriph_Driver\src\stm32f10x_dac.o
LOAD Libraries\STM32F10x_StdPeriph_Driver\src\stm32f10x_dbgmcu.o
LOAD Libraries\STM32F10x_StdPeriph_Driver\src\stm32f10x_dma.o
LOAD Libraries\STM32F10x_StdPeriph_Driver\src\stm32f10x_exti.o
LOAD Libraries\STM32F10x_StdPeriph_Driver\src\stm32f10x_flash.o
LOAD Libraries\STM32F10x_StdPeriph_Driver\src\stm32f10x_fsmc.o
LOAD Libraries\STM32F10x_StdPeriph_Driver\src\stm32f10x_gpio.o
LOAD Libraries\STM32F10x_StdPeriph_Driver\src\stm32f10x_i2c.o
LOAD Libraries\STM32F10x_StdPeriph_Driver\src\stm32f10x_iwdg.o
LOAD Libraries\STM32F10x_StdPeriph_Driver\src\stm32f10x_pwr.o
LOAD Libraries\STM32F10x_StdPeriph_Driver\src\stm32f10x_rcc.o
LOAD Libraries\STM32F10x_StdPeriph_Driver\src\stm32f10x_rtc.o
LOAD Libraries\STM32F10x_StdPeriph_Driver\src\stm32f10x_sdio.o
LOAD Libraries\STM32F10x_StdPeriph_Driver\src\stm32f10x_spi.o
LOAD Libraries\STM32F10x_StdPeriph_Driver\src\stm32f10x_tim.o
LOAD Libraries\STM32F10x_StdPeriph_Driver\src\stm32f10x_usart.o
LOAD Libraries\STM32F10x_StdPeriph_Driver\src\stm32f10x_wwdg.o
LOAD Public\bit_band.o
LOAD Public\systick.o
LOAD Public\usart.o
LOAD src\app.o
LOAD src\main.o
LOAD src\startup_stm32f10x_hd.o
LOAD src\stm32f1xx_it.o
LOAD src\syscalls.o
LOAD src\system_stm32f10x.o
                0x00000080                malloc_getpagesize_P = 0x80
START GROUP
LOAD d:/aboutstm32/truestudio/truestudio for stm32 9.3.0/armtools/bin/../lib/gcc/arm-atollic-eabi/6.3.1/../../../../arm-atollic-eabi/lib/armv7-m\libc.a
LOAD d:/aboutstm32/truestudio/truestudio for stm32 9.3.0/armtools/bin/../lib/gcc/arm-atollic-eabi/6.3.1/../../../../arm-atollic-eabi/lib/armv7-m\libm.a
END GROUP
START GROUP
LOAD d:/aboutstm32/truestudio/truestudio for stm32 9.3.0/armtools/bin/../lib/gcc/arm-atollic-eabi/6.3.1/armv7-m\libgcc.a
LOAD d:/aboutstm32/truestudio/truestudio for stm32 9.3.0/armtools/bin/../lib/gcc/arm-atollic-eabi/6.3.1/../../../../arm-atollic-eabi/lib/armv7-m\libc.a
END GROUP
START GROUP
LOAD d:/aboutstm32/truestudio/truestudio for stm32 9.3.0/armtools/bin/../lib/gcc/arm-atollic-eabi/6.3.1/armv7-m\libgcc.a
LOAD d:/aboutstm32/truestudio/truestudio for stm32 9.3.0/armtools/bin/../lib/gcc/arm-atollic-eabi/6.3.1/../../../../arm-atollic-eabi/lib/armv7-m\libc.a
LOAD d:/aboutstm32/truestudio/truestudio for stm32 9.3.0/armtools/bin/../lib/gcc/arm-atollic-eabi/6.3.1/../../../../arm-atollic-eabi/lib/armv7-m\libnosys.a
END GROUP
LOAD d:/aboutstm32/truestudio/truestudio for stm32 9.3.0/armtools/bin/../lib/gcc/arm-atollic-eabi/6.3.1/armv7-m/crtend.o
LOAD d:/aboutstm32/truestudio/truestudio for stm32 9.3.0/armtools/bin/../lib/gcc/arm-atollic-eabi/6.3.1/armv7-m/crtn.o
                0x2000c000                _estack = 0x2000c000
                0x00000000                _Min_Heap_Size = 0x0
                0x00000200                _Min_Stack_Size = 0x200

.isr_vector     0x08010000      0x1e4
                0x08010000                . = ALIGN (0x4)
 *(.isr_vector)
 .isr_vector    0x08010000      0x1e4 src\startup_stm32f10x_hd.o
                0x08010000                g_pfnVectors
                0x080101e4                . = ALIGN (0x4)

.text           0x080101e8     0x926c
                0x080101e8                . = ALIGN (0x4)
 *(.text)
 .text          0x080101e8       0x40 d:/aboutstm32/truestudio/truestudio for stm32 9.3.0/armtools/bin/../lib/gcc/arm-atollic-eabi/6.3.1/armv7-m/crtbegin.o
 .text          0x08010228       0x14 d:/aboutstm32/truestudio/truestudio for stm32 9.3.0/armtools/bin/../lib/gcc/arm-atollic-eabi/6.3.1/../../../../arm-atollic-eabi/lib/armv7-m\libc.a(lib_a-strcmp.o)
                0x08010228                strcmp
 .text          0x0801023c       0x10 d:/aboutstm32/truestudio/truestudio for stm32 9.3.0/armtools/bin/../lib/gcc/arm-atollic-eabi/6.3.1/../../../../arm-atollic-eabi/lib/armv7-m\libc.a(lib_a-strlen.o)
                0x0801023c                strlen
 .text          0x0801024c      0x370 d:/aboutstm32/truestudio/truestudio for stm32 9.3.0/armtools/bin/../lib/gcc/arm-atollic-eabi/6.3.1/armv7-m\libgcc.a(_arm_addsubdf3.o)
                0x0801024c                __aeabi_drsub
                0x08010254                __aeabi_dsub
                0x08010254                __subdf3
                0x08010258                __aeabi_dadd
                0x08010258                __adddf3
                0x080104d0                __floatunsidf
                0x080104d0                __aeabi_ui2d
                0x080104f0                __floatsidf
                0x080104f0                __aeabi_i2d
                0x08010514                __aeabi_f2d
                0x08010514                __extendsfdf2
                0x08010550                __floatundidf
                0x08010550                __aeabi_ul2d
                0x08010560                __floatdidf
                0x08010560                __aeabi_l2d
 .text          0x080105bc      0x424 d:/aboutstm32/truestudio/truestudio for stm32 9.3.0/armtools/bin/../lib/gcc/arm-atollic-eabi/6.3.1/armv7-m\libgcc.a(_arm_muldivdf3.o)
                0x080105bc                __aeabi_dmul
                0x080105bc                __muldf3
                0x08010810                __divdf3
                0x08010810                __aeabi_ddiv
 .text          0x080109e0      0x110 d:/aboutstm32/truestudio/truestudio for stm32 9.3.0/armtools/bin/../lib/gcc/arm-atollic-eabi/6.3.1/armv7-m\libgcc.a(_arm_cmpdf2.o)
                0x080109e0                __gtdf2
                0x080109e0                __gedf2
                0x080109e8                __ltdf2
                0x080109e8                __ledf2
                0x080109f0                __nedf2
                0x080109f0                __eqdf2
                0x080109f0                __cmpdf2
                0x08010a6c                __aeabi_cdrcmple
                0x08010a7c                __aeabi_cdcmpeq
                0x08010a7c                __aeabi_cdcmple
                0x08010a8c                __aeabi_dcmpeq
                0x08010aa0                __aeabi_dcmplt
                0x08010ab4                __aeabi_dcmple
                0x08010ac8                __aeabi_dcmpge
                0x08010adc                __aeabi_dcmpgt
 .text          0x08010af0       0x2c d:/aboutstm32/truestudio/truestudio for stm32 9.3.0/armtools/bin/../lib/gcc/arm-atollic-eabi/6.3.1/armv7-m\libgcc.a(_arm_unorddf2.o)
                0x08010af0                __unorddf2
                0x08010af0                __aeabi_dcmpun
 .text          0x08010b1c       0x50 d:/aboutstm32/truestudio/truestudio for stm32 9.3.0/armtools/bin/../lib/gcc/arm-atollic-eabi/6.3.1/armv7-m\libgcc.a(_arm_fixdfsi.o)
                0x08010b1c                __aeabi_d2iz
                0x08010b1c                __fixdfsi
 .text          0x08010b6c       0x30 d:/aboutstm32/truestudio/truestudio for stm32 9.3.0/armtools/bin/../lib/gcc/arm-atollic-eabi/6.3.1/armv7-m\libgcc.a(_aeabi_uldivmod.o)
                0x08010b6c                __aeabi_uldivmod
 .text          0x08010b9c      0x2dc d:/aboutstm32/truestudio/truestudio for stm32 9.3.0/armtools/bin/../lib/gcc/arm-atollic-eabi/6.3.1/armv7-m\libgcc.a(_udivmoddi4.o)
                0x08010b9c                __udivmoddi4
 .text          0x08010e78        0x4 d:/aboutstm32/truestudio/truestudio for stm32 9.3.0/armtools/bin/../lib/gcc/arm-atollic-eabi/6.3.1/armv7-m\libgcc.a(_dvmd_tls.o)
                0x08010e78                __aeabi_idiv0
                0x08010e78                __aeabi_ldiv0
 *(.text*)
 .text.read_74HC165
                0x08010e7c       0xb4 App\Loyer_74HC165\L74hc165.o
                0x08010e7c                read_74HC165
 .text.Init_74HC165
                0x08010f30       0x64 App\Loyer_74HC165\L74hc165.o
                0x08010f30                Init_74HC165
 .text.Init_74HC595
                0x08010f94       0x6c App\Loyer_74HC595\L74HC595.o
                0x08010f94                Init_74HC595
 .text.HC595_Send_Byte
                0x08011000       0x68 App\Loyer_74HC595\L74HC595.o
                0x08011000                HC595_Send_Byte
 .text.ledON    0x08011068       0x24 App\Loyer_74HC595\L74HC595.o
                0x08011068                ledON
 .text.ledOFF   0x0801108c       0x20 App\Loyer_74HC595\L74HC595.o
                0x0801108c                ledOFF
 .text.ledBLINK
                0x080110ac       0x20 App\Loyer_74HC595\L74HC595.o
                0x080110ac                ledBLINK
 .text.TIM4_Init
                0x080110cc       0x70 App\Tim\tim4.o
                0x080110cc                TIM4_Init
 .text.TIM4_IRQHandler
                0x0801113c      0x2b8 App\Tim\tim4.o
                0x0801113c                TIM4_IRQHandler
 .text.Init_Audio
                0x080113f4       0x38 App\audio\audio.o
                0x080113f4                Init_Audio
 .text.play_audio
                0x0801142c       0x38 App\audio\audio.o
                0x0801142c                play_audio
 .text.STMFLASH_Write_NoCheck
                0x08011464       0x1e App\flash\STMFlash.o
                0x08011464                STMFLASH_Write_NoCheck
 .text.STMFLASH_Read
                0x08011482       0x14 App\flash\STMFlash.o
                0x08011482                STMFLASH_Read
 *fill*         0x08011496        0x2 
 .text.STMFLASH_Write
                0x08011498       0xc8 App\flash\STMFlash.o
                0x08011498                STMFLASH_Write
 .text.ReadDeviceID
                0x08011560       0x14 App\flash\STMFlash.o
                0x08011560                ReadDeviceID
 .text.ReadVersion
                0x08011574       0x14 App\flash\STMFlash.o
                0x08011574                ReadVersion
 .text.ReadAPPServer
                0x08011588       0x14 App\flash\STMFlash.o
                0x08011588                ReadAPPServer
 .text.WriteIgnoreLock
                0x0801159c       0x18 App\flash\STMFlash.o
                0x0801159c                WriteIgnoreLock
 .text.ReadIgnoreLock
                0x080115b4       0x1c App\flash\STMFlash.o
                0x080115b4                ReadIgnoreLock
 .text.Init_led
                0x080115d0       0x4c App\led\led.o
                0x080115d0                Init_led
 .text.NVIC_SystemReset
                0x0801161c       0x20 App\module_4G\usart_4G.o
 .text.USART2_Init
                0x0801163c       0xb0 App\module_4G\usart_4G.o
                0x0801163c                USART2_Init
 .text.split    0x080116ec       0x4c App\module_4G\usart_4G.o
                0x080116ec                split
 .text.Send_AT_Cmd
                0x08011738       0x6c App\module_4G\usart_4G.o
                0x08011738                Send_AT_Cmd
 .text.F4G_AT_Test
                0x080117a4       0x50 App\module_4G\usart_4G.o
                0x080117a4                F4G_AT_Test
 .text.connectToTCPServer
                0x080117f4       0x4c App\module_4G\usart_4G.o
                0x080117f4                connectToTCPServer
 .text.F4G_sendStr
                0x08011840       0x70 App\module_4G\usart_4G.o
                0x08011840                F4G_sendStr
 .text.F4G_ExitUnvarnishSend
                0x080118b0       0x28 App\module_4G\usart_4G.o
                0x080118b0                F4G_ExitUnvarnishSend
 .text.getModuleMes
                0x080118d8      0x1c8 App\module_4G\usart_4G.o
                0x080118d8                getModuleMes
 .text.communicateWithHost
                0x08011aa0       0x40 App\module_4G\usart_4G.o
                0x08011aa0                communicateWithHost
 .text.catRequestStr
                0x08011ae0       0x4c App\module_4G\usart_4G.o
                0x08011ae0                catRequestStr
 .text.common_heart
                0x08011b2c       0x54 App\module_4G\usart_4G.o
                0x08011b2c                common_heart
 .text.Int2Strs
                0x08011b80       0x1c App\module_4G\usart_4G.o
                0x08011b80                Int2Strs
 .text.request2Server
                0x08011b9c       0x28 App\module_4G\usart_4G.o
                0x08011b9c                request2Server
 .text.request  0x08011bc4       0x22 App\module_4G\usart_4G.o
                0x08011bc4                request
 *fill*         0x08011be6        0x2 
 .text.F4G_Init
                0x08011be8      0x18c App\module_4G\usart_4G.o
                0x08011be8                F4G_Init
 .text.response2reset
                0x08011d74       0x34 App\module_4G\usart_4G.o
                0x08011d74                response2reset
 .text.USART2_IRQHandler
                0x08011da8      0x340 App\module_4G\usart_4G.o
                0x08011da8                USART2_IRQHandler
 .text.statu_heart
                0x080120e8       0x70 App\module_4G\usart_4G.o
                0x080120e8                statu_heart
 .text.dd_tc    0x08012158       0x64 App\module_4G\usart_4G.o
                0x08012158                dd_tc
 .text.sys_tc   0x080121bc       0x60 App\module_4G\usart_4G.o
                0x080121bc                sys_tc
 .text.currentPortStatuChanged
                0x0801221c       0x50 App\module_4G\usart_4G.o
                0x0801221c                currentPortStatuChanged
 .text.Init_Motor
                0x0801226c       0xa0 App\motor\motor.o
                0x0801226c                Init_Motor
 .text.motor_run
                0x0801230c       0x6c App\motor\motor.o
                0x0801230c                motor_run
 .text.motor_stop
                0x08012378       0x64 App\motor\motor.o
                0x08012378                motor_stop
 .text.popUP_powerBank
                0x080123dc      0x20c App\motor\motor.o
                0x080123dc                popUP_powerBank
 .text.popUP_All
                0x080125e8       0x64 App\motor\motor.o
                0x080125e8                popUP_All
 .text.USART3_Init
                0x0801264c       0xb8 App\powerBank\bat_usart.o
                0x0801264c                USART3_Init
 .text.Init_Bat_Usart
                0x08012704       0x50 App\powerBank\bat_usart.o
                0x08012704                Init_Bat_Usart
 .text.communicateWithPort
                0x08012754       0xb0 App\powerBank\bat_usart.o
                0x08012754                communicateWithPort
 .text.setBATInstruction
                0x08012804       0x7c App\powerBank\bat_usart.o
                0x08012804                setBATInstruction
 .text.BSP_UART_SendOneByte
                0x08012880       0x24 App\powerBank\bat_usart.o
                0x08012880                BSP_UART_SendOneByte
 .text.get_crc  0x080128a4       0x3a App\powerBank\bat_usart.o
                0x080128a4                get_crc
 .text.get_crc_2
                0x080128de       0x44 App\powerBank\bat_usart.o
                0x080128de                get_crc_2
 *fill*         0x08012922        0x2 
 .text.BSP_UART_SendMultipleBytes
                0x08012924       0x24 App\powerBank\bat_usart.o
                0x08012924                BSP_UART_SendMultipleBytes
 .text.app_cmd_anasys
                0x08012948       0xd0 App\powerBank\bat_usart.o
                0x08012948                app_cmd_anasys
 .text.app_frame_anasys
                0x08012a18       0x58 App\powerBank\bat_usart.o
                0x08012a18                app_frame_anasys
 .text.controlPowerbank
                0x08012a70       0x3c App\powerBank\bat_usart.o
                0x08012a70                controlPowerbank
 .text.communicationTest
                0x08012aac       0x58 App\powerBank\bat_usart.o
                0x08012aac                communicationTest
 .text.checkPowerbankStatus
                0x08012b04       0xf0 App\powerBank\bat_usart.o
                0x08012b04                checkPowerbankStatus
 .text.scanPowerBank
                0x08012bf4       0x40 App\powerBank\bat_usart.o
                0x08012bf4                scanPowerBank
 .text.USART3_IRQHandler
                0x08012c34       0x94 App\powerBank\bat_usart.o
                0x08012c34                USART3_IRQHandler
 .text.Init_BAT_Charge
                0x08012cc8       0x64 App\powerBank\charge.o
                0x08012cc8                Init_BAT_Charge
 .text.controlPowerBankCharge
                0x08012d2c       0x44 App\powerBank\charge.o
                0x08012d2c                controlPowerBankCharge
 .text.base64_encode
                0x08012d70       0xc4 App\util\base64.o
                0x08012d70                base64_encode
 .text.num_strchr
                0x08012e34       0x14 App\util\base64.o
                0x08012e34                num_strchr
 .text.base64_decode
                0x08012e48       0x84 App\util\base64.o
                0x08012e48                base64_decode
 .text.UART4_IRQHandler
                0x08012ecc       0x84 App\wifi\drive\wifi_drive.o
                0x08012ecc                UART4_IRQHandler
 .text.Wifi_USART_printf
                0x08012f50       0xfc App\wifi\public\wifi_public.o
                0x08012f50                Wifi_USART_printf
 .text.NVIC_PriorityGroupConfig
                0x0801304c       0x14 Libraries\STM32F10x_StdPeriph_Driver\src\misc.o
                0x0801304c                NVIC_PriorityGroupConfig
 .text.NVIC_Init
                0x08013060       0x5c Libraries\STM32F10x_StdPeriph_Driver\src\misc.o
                0x08013060                NVIC_Init
 .text.NVIC_SetVectorTable
                0x080130bc       0x14 Libraries\STM32F10x_StdPeriph_Driver\src\misc.o
                0x080130bc                NVIC_SetVectorTable
 .text.SysTick_CLKSourceConfig
                0x080130d0       0x18 Libraries\STM32F10x_StdPeriph_Driver\src\misc.o
                0x080130d0                SysTick_CLKSourceConfig
 .text.FLASH_SetLatency
                0x080130e8       0x14 Libraries\STM32F10x_StdPeriph_Driver\src\stm32f10x_flash.o
                0x080130e8                FLASH_SetLatency
 .text.FLASH_PrefetchBufferCmd
                0x080130fc       0x18 Libraries\STM32F10x_StdPeriph_Driver\src\stm32f10x_flash.o
                0x080130fc                FLASH_PrefetchBufferCmd
 .text.FLASH_UnlockBank1
                0x08013114       0x18 Libraries\STM32F10x_StdPeriph_Driver\src\stm32f10x_flash.o
                0x08013114                FLASH_UnlockBank1
 .text.FLASH_Unlock
                0x0801312c        0x4 Libraries\STM32F10x_StdPeriph_Driver\src\stm32f10x_flash.o
                0x0801312c                FLASH_Unlock
 .text.FLASH_LockBank1
                0x08013130       0x10 Libraries\STM32F10x_StdPeriph_Driver\src\stm32f10x_flash.o
                0x08013130                FLASH_LockBank1
 .text.FLASH_Lock
                0x08013140        0x4 Libraries\STM32F10x_StdPeriph_Driver\src\stm32f10x_flash.o
                0x08013140                FLASH_Lock
 .text.FLASH_GetBank1Status
                0x08013144       0x28 Libraries\STM32F10x_StdPeriph_Driver\src\stm32f10x_flash.o
                0x08013144                FLASH_GetBank1Status
 .text.FLASH_WaitForLastBank1Operation
                0x0801316c       0x22 Libraries\STM32F10x_StdPeriph_Driver\src\stm32f10x_flash.o
                0x0801316c                FLASH_WaitForLastBank1Operation
 *fill*         0x0801318e        0x2 
 .text.FLASH_ProgramHalfWord
                0x08013190       0x38 Libraries\STM32F10x_StdPeriph_Driver\src\stm32f10x_flash.o
                0x08013190                FLASH_ProgramHalfWord
 .text.FLASH_ErasePage
                0x080131c8       0x40 Libraries\STM32F10x_StdPeriph_Driver\src\stm32f10x_flash.o
                0x080131c8                FLASH_ErasePage
 .text.GPIO_Init
                0x08013208       0xa4 Libraries\STM32F10x_StdPeriph_Driver\src\stm32f10x_gpio.o
                0x08013208                GPIO_Init
 .text.GPIO_ReadInputDataBit
                0x080132ac        0xc Libraries\STM32F10x_StdPeriph_Driver\src\stm32f10x_gpio.o
                0x080132ac                GPIO_ReadInputDataBit
 .text.GPIO_SetBits
                0x080132b8        0x4 Libraries\STM32F10x_StdPeriph_Driver\src\stm32f10x_gpio.o
                0x080132b8                GPIO_SetBits
 .text.GPIO_ResetBits
                0x080132bc        0x4 Libraries\STM32F10x_StdPeriph_Driver\src\stm32f10x_gpio.o
                0x080132bc                GPIO_ResetBits
 .text.GPIO_PinRemapConfig
                0x080132c0       0x60 Libraries\STM32F10x_StdPeriph_Driver\src\stm32f10x_gpio.o
                0x080132c0                GPIO_PinRemapConfig
 .text.RCC_DeInit
                0x08013320       0x40 Libraries\STM32F10x_StdPeriph_Driver\src\stm32f10x_rcc.o
                0x08013320                RCC_DeInit
 .text.RCC_HSICmd
                0x08013360        0xc Libraries\STM32F10x_StdPeriph_Driver\src\stm32f10x_rcc.o
                0x08013360                RCC_HSICmd
 .text.RCC_PLLConfig
                0x0801336c       0x14 Libraries\STM32F10x_StdPeriph_Driver\src\stm32f10x_rcc.o
                0x0801336c                RCC_PLLConfig
 .text.RCC_PLLCmd
                0x08013380        0xc Libraries\STM32F10x_StdPeriph_Driver\src\stm32f10x_rcc.o
                0x08013380                RCC_PLLCmd
 .text.RCC_SYSCLKConfig
                0x0801338c       0x14 Libraries\STM32F10x_StdPeriph_Driver\src\stm32f10x_rcc.o
                0x0801338c                RCC_SYSCLKConfig
 .text.RCC_GetSYSCLKSource
                0x080133a0       0x10 Libraries\STM32F10x_StdPeriph_Driver\src\stm32f10x_rcc.o
                0x080133a0                RCC_GetSYSCLKSource
 .text.RCC_HCLKConfig
                0x080133b0       0x14 Libraries\STM32F10x_StdPeriph_Driver\src\stm32f10x_rcc.o
                0x080133b0                RCC_HCLKConfig
 .text.RCC_PCLK1Config
                0x080133c4       0x14 Libraries\STM32F10x_StdPeriph_Driver\src\stm32f10x_rcc.o
                0x080133c4                RCC_PCLK1Config
 .text.RCC_PCLK2Config
                0x080133d8       0x14 Libraries\STM32F10x_StdPeriph_Driver\src\stm32f10x_rcc.o
                0x080133d8                RCC_PCLK2Config
 .text.RCC_GetClocksFreq
                0x080133ec       0x88 Libraries\STM32F10x_StdPeriph_Driver\src\stm32f10x_rcc.o
                0x080133ec                RCC_GetClocksFreq
 .text.RCC_APB2PeriphClockCmd
                0x08013474       0x18 Libraries\STM32F10x_StdPeriph_Driver\src\stm32f10x_rcc.o
                0x08013474                RCC_APB2PeriphClockCmd
 .text.RCC_APB1PeriphClockCmd
                0x0801348c       0x18 Libraries\STM32F10x_StdPeriph_Driver\src\stm32f10x_rcc.o
                0x0801348c                RCC_APB1PeriphClockCmd
 .text.RCC_APB2PeriphResetCmd
                0x080134a4       0x18 Libraries\STM32F10x_StdPeriph_Driver\src\stm32f10x_rcc.o
                0x080134a4                RCC_APB2PeriphResetCmd
 .text.RCC_APB1PeriphResetCmd
                0x080134bc       0x18 Libraries\STM32F10x_StdPeriph_Driver\src\stm32f10x_rcc.o
                0x080134bc                RCC_APB1PeriphResetCmd
 .text.RCC_GetFlagStatus
                0x080134d4       0x28 Libraries\STM32F10x_StdPeriph_Driver\src\stm32f10x_rcc.o
                0x080134d4                RCC_GetFlagStatus
 .text.TIM_DeInit
                0x080134fc      0x1c8 Libraries\STM32F10x_StdPeriph_Driver\src\stm32f10x_tim.o
                0x080134fc                TIM_DeInit
 .text.TIM_TimeBaseInit
                0x080136c4       0x94 Libraries\STM32F10x_StdPeriph_Driver\src\stm32f10x_tim.o
                0x080136c4                TIM_TimeBaseInit
 .text.TIM_Cmd  0x08013758       0x18 Libraries\STM32F10x_StdPeriph_Driver\src\stm32f10x_tim.o
                0x08013758                TIM_Cmd
 .text.TIM_DMACmd
                0x08013770       0x12 Libraries\STM32F10x_StdPeriph_Driver\src\stm32f10x_tim.o
                0x08013770                TIM_DMACmd
 .text.TIM_ITConfig
                0x08013782        0x4 Libraries\STM32F10x_StdPeriph_Driver\src\stm32f10x_tim.o
                0x08013782                TIM_ITConfig
 .text.TIM_GetITStatus
                0x08013786       0x16 Libraries\STM32F10x_StdPeriph_Driver\src\stm32f10x_tim.o
                0x08013786                TIM_GetITStatus
 .text.TIM_ClearITPendingBit
                0x0801379c        0x8 Libraries\STM32F10x_StdPeriph_Driver\src\stm32f10x_tim.o
                0x0801379c                TIM_ClearITPendingBit
 .text.USART_DeInit
                0x080137a4       0x9c Libraries\STM32F10x_StdPeriph_Driver\src\stm32f10x_usart.o
                0x080137a4                USART_DeInit
 .text.USART_Init
                0x08013840       0xac Libraries\STM32F10x_StdPeriph_Driver\src\stm32f10x_usart.o
                0x08013840                USART_Init
 .text.USART_Cmd
                0x080138ec       0x18 Libraries\STM32F10x_StdPeriph_Driver\src\stm32f10x_usart.o
                0x080138ec                USART_Cmd
 .text.USART_ITConfig
                0x08013904       0x30 Libraries\STM32F10x_StdPeriph_Driver\src\stm32f10x_usart.o
                0x08013904                USART_ITConfig
 .text.USART_SendData
                0x08013934        0x8 Libraries\STM32F10x_StdPeriph_Driver\src\stm32f10x_usart.o
                0x08013934                USART_SendData
 .text.USART_ReceiveData
                0x0801393c        0x8 Libraries\STM32F10x_StdPeriph_Driver\src\stm32f10x_usart.o
                0x0801393c                USART_ReceiveData
 .text.USART_GetFlagStatus
                0x08013944        0xc Libraries\STM32F10x_StdPeriph_Driver\src\stm32f10x_usart.o
                0x08013944                USART_GetFlagStatus
 .text.USART_ClearFlag
                0x08013950        0x8 Libraries\STM32F10x_StdPeriph_Driver\src\stm32f10x_usart.o
                0x08013950                USART_ClearFlag
 .text.USART_GetITStatus
                0x08013958       0x40 Libraries\STM32F10x_StdPeriph_Driver\src\stm32f10x_usart.o
                0x08013958                USART_GetITStatus
 .text.USART_ClearITPendingBit
                0x08013998        0xe Libraries\STM32F10x_StdPeriph_Driver\src\stm32f10x_usart.o
                0x08013998                USART_ClearITPendingBit
 *fill*         0x080139a6        0x2 
 .text.SysTick_Init
                0x080139a8       0x2c Public\systick.o
                0x080139a8                SysTick_Init
 .text.delay_us
                0x080139d4       0x38 Public\systick.o
                0x080139d4                delay_us
 .text.delay_ms
                0x08013a0c       0x38 Public\systick.o
                0x08013a0c                delay_ms
 .text.USART1_Init
                0x08013a44      0x1b8 Public\usart.o
                0x08013a44                USART1_Init
 .text.hexStr2Byte
                0x08013bfc       0x20 Public\usart.o
                0x08013bfc                hexStr2Byte
 .text.USART1_IRQHandler
                0x08013c1c      0x2a0 Public\usart.o
                0x08013c1c                USART1_IRQHandler
 .text.RunApp   0x08013ebc       0x9c src\app.o
                0x08013ebc                RunApp
 .text.HSI_SetSysClock
                0x08013f58       0x74 src\main.o
                0x08013f58                HSI_SetSysClock
 .text.startup.main
                0x08013fcc      0x1b0 src\main.o
                0x08013fcc                main
 .text.Reset_Handler
                0x0801417c       0x50 src\startup_stm32f10x_hd.o
                0x0801417c                Reset_Handler
 .text.Default_Handler
                0x080141cc        0x2 src\startup_stm32f10x_hd.o
                0x080141cc                EXTI2_IRQHandler
                0x080141cc                TIM8_TRG_COM_IRQHandler
                0x080141cc                TIM8_CC_IRQHandler
                0x080141cc                TIM1_CC_IRQHandler
                0x080141cc                TIM6_IRQHandler
                0x080141cc                PVD_IRQHandler
                0x080141cc                SDIO_IRQHandler
                0x080141cc                EXTI3_IRQHandler
                0x080141cc                EXTI0_IRQHandler
                0x080141cc                I2C2_EV_IRQHandler
                0x080141cc                ADC1_2_IRQHandler
                0x080141cc                SPI1_IRQHandler
                0x080141cc                TAMPER_IRQHandler
                0x080141cc                TIM8_UP_IRQHandler
                0x080141cc                DMA2_Channel2_IRQHandler
                0x080141cc                DMA1_Channel4_IRQHandler
                0x080141cc                RTC_IRQHandler
                0x080141cc                DMA1_Channel7_IRQHandler
                0x080141cc                CAN1_RX1_IRQHandler
                0x080141cc                UART5_IRQHandler
                0x080141cc                ADC3_IRQHandler
                0x080141cc                DMA2_Channel1_IRQHandler
                0x080141cc                I2C1_EV_IRQHandler
                0x080141cc                DMA1_Channel6_IRQHandler
                0x080141cc                TIM3_IRQHandler
                0x080141cc                RCC_IRQHandler
                0x080141cc                TIM1_TRG_COM_IRQHandler
                0x080141cc                DMA1_Channel1_IRQHandler
                0x080141cc                Default_Handler
                0x080141cc                EXTI15_10_IRQHandler
                0x080141cc                TIM7_IRQHandler
                0x080141cc                TIM5_IRQHandler
                0x080141cc                EXTI9_5_IRQHandler
                0x080141cc                SPI2_IRQHandler
                0x080141cc                DMA1_Channel5_IRQHandler
                0x080141cc                EXTI4_IRQHandler
                0x080141cc                USB_LP_CAN1_RX0_IRQHandler
                0x080141cc                USB_HP_CAN1_TX_IRQHandler
                0x080141cc                DMA1_Channel3_IRQHandler
                0x080141cc                FSMC_IRQHandler
                0x080141cc                TIM1_UP_IRQHandler
                0x080141cc                WWDG_IRQHandler
                0x080141cc                TIM2_IRQHandler
                0x080141cc                TIM1_BRK_IRQHandler
                0x080141cc                EXTI1_IRQHandler
                0x080141cc                RTCAlarm_IRQHandler
                0x080141cc                DMA2_Channel4_5_IRQHandler
                0x080141cc                I2C2_ER_IRQHandler
                0x080141cc                DMA1_Channel2_IRQHandler
                0x080141cc                TIM8_BRK_IRQHandler
                0x080141cc                CAN1_SCE_IRQHandler
                0x080141cc                FLASH_IRQHandler
                0x080141cc                SPI3_IRQHandler
                0x080141cc                I2C1_ER_IRQHandler
                0x080141cc                USBWakeUp_IRQHandler
                0x080141cc                DMA2_Channel3_IRQHandler
 .text.NMI_Handler
                0x080141ce        0x2 src\stm32f1xx_it.o
                0x080141ce                NMI_Handler
 .text.HardFault_Handler
                0x080141d0        0x2 src\stm32f1xx_it.o
                0x080141d0                HardFault_Handler
 .text.MemManage_Handler
                0x080141d2        0x2 src\stm32f1xx_it.o
                0x080141d2                MemManage_Handler
 .text.BusFault_Handler
                0x080141d4        0x2 src\stm32f1xx_it.o
                0x080141d4                BusFault_Handler
 .text.UsageFault_Handler
                0x080141d6        0x2 src\stm32f1xx_it.o
                0x080141d6                UsageFault_Handler
 .text.SVC_Handler
                0x080141d8        0x2 src\stm32f1xx_it.o
                0x080141d8                SVC_Handler
 .text.DebugMon_Handler
                0x080141da        0x2 src\stm32f1xx_it.o
                0x080141da                DebugMon_Handler
 .text.PendSV_Handler
                0x080141dc        0x2 src\stm32f1xx_it.o
                0x080141dc                PendSV_Handler
 .text.SysTick_Handler
                0x080141de        0x2 src\stm32f1xx_it.o
                0x080141de                SysTick_Handler
 .text.__io_putchar
                0x080141e0       0x24 src\syscalls.o
                0x080141e0                __io_putchar
 .text._write   0x08014204       0x1c src\syscalls.o
                0x08014204                _write
 .text._sbrk    0x08014220       0x1c src\syscalls.o
                0x08014220                _sbrk
 .text._close   0x0801423c       0x10 src\syscalls.o
                0x0801423c                _close
 .text._fstat   0x0801424c       0x10 src\syscalls.o
                0x0801424c                _fstat
 .text._isatty  0x0801425c       0x10 src\syscalls.o
                0x0801425c                _isatty
 .text._lseek   0x0801426c       0x10 src\syscalls.o
                0x0801426c                _lseek
 .text._read    0x0801427c       0x10 src\syscalls.o
                0x0801427c                _read
 .text.SystemInit
                0x0801428c       0xf0 src\system_stm32f10x.o
                0x0801428c                SystemInit
 .text.atoi     0x0801437c        0x8 d:/aboutstm32/truestudio/truestudio for stm32 9.3.0/armtools/bin/../lib/gcc/arm-atollic-eabi/6.3.1/../../../../arm-atollic-eabi/lib/armv7-m\libc.a(lib_a-atoi.o)
                0x0801437c                atoi
 .text.__libc_init_array
                0x08014384       0x48 d:/aboutstm32/truestudio/truestudio for stm32 9.3.0/armtools/bin/../lib/gcc/arm-atollic-eabi/6.3.1/../../../../arm-atollic-eabi/lib/armv7-m\libc.a(lib_a-init.o)
                0x08014384                __libc_init_array
 .text.__itoa   0x080143cc       0x30 d:/aboutstm32/truestudio/truestudio for stm32 9.3.0/armtools/bin/../lib/gcc/arm-atollic-eabi/6.3.1/../../../../arm-atollic-eabi/lib/armv7-m\libc.a(lib_a-itoa.o)
                0x080143cc                __itoa
 .text.itoa     0x080143fc        0x4 d:/aboutstm32/truestudio/truestudio for stm32 9.3.0/armtools/bin/../lib/gcc/arm-atollic-eabi/6.3.1/../../../../arm-atollic-eabi/lib/armv7-m\libc.a(lib_a-itoa.o)
                0x080143fc                itoa
 .text.memcmp   0x08014400       0x1e d:/aboutstm32/truestudio/truestudio for stm32 9.3.0/armtools/bin/../lib/gcc/arm-atollic-eabi/6.3.1/../../../../arm-atollic-eabi/lib/armv7-m\libc.a(lib_a-memcmp.o)
                0x08014400                memcmp
 .text.memcpy   0x0801441e       0x16 d:/aboutstm32/truestudio/truestudio for stm32 9.3.0/armtools/bin/../lib/gcc/arm-atollic-eabi/6.3.1/../../../../arm-atollic-eabi/lib/armv7-m\libc.a(lib_a-memcpy-stub.o)
                0x0801441e                memcpy
 .text.memset   0x08014434       0x10 d:/aboutstm32/truestudio/truestudio for stm32 9.3.0/armtools/bin/../lib/gcc/arm-atollic-eabi/6.3.1/../../../../arm-atollic-eabi/lib/armv7-m\libc.a(lib_a-memset.o)
                0x08014434                memset
 .text.printf   0x08014444       0x30 d:/aboutstm32/truestudio/truestudio for stm32 9.3.0/armtools/bin/../lib/gcc/arm-atollic-eabi/6.3.1/../../../../arm-atollic-eabi/lib/armv7-m\libc.a(lib_a-printf.o)
                0x08014444                printf
 .text._puts_r  0x08014474       0xc0 d:/aboutstm32/truestudio/truestudio for stm32 9.3.0/armtools/bin/../lib/gcc/arm-atollic-eabi/6.3.1/../../../../arm-atollic-eabi/lib/armv7-m\libc.a(lib_a-puts.o)
                0x08014474                _puts_r
 .text.puts     0x08014534       0x10 d:/aboutstm32/truestudio/truestudio for stm32 9.3.0/armtools/bin/../lib/gcc/arm-atollic-eabi/6.3.1/../../../../arm-atollic-eabi/lib/armv7-m\libc.a(lib_a-puts.o)
                0x08014534                puts
 .text.snprintf
                0x08014544       0x68 d:/aboutstm32/truestudio/truestudio for stm32 9.3.0/armtools/bin/../lib/gcc/arm-atollic-eabi/6.3.1/../../../../arm-atollic-eabi/lib/armv7-m\libc.a(lib_a-snprintf.o)
                0x08014544                snprintf
 .text.sprintf  0x080145ac       0x48 d:/aboutstm32/truestudio/truestudio for stm32 9.3.0/armtools/bin/../lib/gcc/arm-atollic-eabi/6.3.1/../../../../arm-atollic-eabi/lib/armv7-m\libc.a(lib_a-sprintf.o)
                0x080145ac                sprintf
 .text.strcat   0x080145f4       0x1e d:/aboutstm32/truestudio/truestudio for stm32 9.3.0/armtools/bin/../lib/gcc/arm-atollic-eabi/6.3.1/../../../../arm-atollic-eabi/lib/armv7-m\libc.a(lib_a-strcat.o)
                0x080145f4                strcat
 .text.strchr   0x08014612       0x1c d:/aboutstm32/truestudio/truestudio for stm32 9.3.0/armtools/bin/../lib/gcc/arm-atollic-eabi/6.3.1/../../../../arm-atollic-eabi/lib/armv7-m\libc.a(lib_a-strchr.o)
                0x08014612                strchr
 .text.strcpy   0x0801462e       0x10 d:/aboutstm32/truestudio/truestudio for stm32 9.3.0/armtools/bin/../lib/gcc/arm-atollic-eabi/6.3.1/../../../../arm-atollic-eabi/lib/armv7-m\libc.a(lib_a-strcpy.o)
                0x0801462e                strcpy
 .text.strncat  0x0801463e       0x28 d:/aboutstm32/truestudio/truestudio for stm32 9.3.0/armtools/bin/../lib/gcc/arm-atollic-eabi/6.3.1/../../../../arm-atollic-eabi/lib/armv7-m\libc.a(lib_a-strncat.o)
                0x0801463e                strncat
 .text.strncmp  0x08014666       0x24 d:/aboutstm32/truestudio/truestudio for stm32 9.3.0/armtools/bin/../lib/gcc/arm-atollic-eabi/6.3.1/../../../../arm-atollic-eabi/lib/armv7-m\libc.a(lib_a-strncmp.o)
                0x08014666                strncmp
 .text.strncpy  0x0801468a       0x2a d:/aboutstm32/truestudio/truestudio for stm32 9.3.0/armtools/bin/../lib/gcc/arm-atollic-eabi/6.3.1/../../../../arm-atollic-eabi/lib/armv7-m\libc.a(lib_a-strncpy.o)
                0x0801468a                strncpy
 .text.strstr   0x080146b4       0x36 d:/aboutstm32/truestudio/truestudio for stm32 9.3.0/armtools/bin/../lib/gcc/arm-atollic-eabi/6.3.1/../../../../arm-atollic-eabi/lib/armv7-m\libc.a(lib_a-strstr.o)
                0x080146b4                strstr
 *fill*         0x080146ea        0x2 
 .text.strtok   0x080146ec       0x58 d:/aboutstm32/truestudio/truestudio for stm32 9.3.0/armtools/bin/../lib/gcc/arm-atollic-eabi/6.3.1/../../../../arm-atollic-eabi/lib/armv7-m\libc.a(lib_a-strtok.o)
                0x080146ec                strtok
 .text.__strtok_r
                0x08014744       0x52 d:/aboutstm32/truestudio/truestudio for stm32 9.3.0/armtools/bin/../lib/gcc/arm-atollic-eabi/6.3.1/../../../../arm-atollic-eabi/lib/armv7-m\libc.a(lib_a-strtok_r.o)
                0x08014744                __strtok_r
 .text._strtol_l.isra.0
                0x08014796      0x100 d:/aboutstm32/truestudio/truestudio for stm32 9.3.0/armtools/bin/../lib/gcc/arm-atollic-eabi/6.3.1/../../../../arm-atollic-eabi/lib/armv7-m\libc.a(lib_a-strtol.o)
 *fill*         0x08014896        0x2 
 .text.strtol   0x08014898       0x2c d:/aboutstm32/truestudio/truestudio for stm32 9.3.0/armtools/bin/../lib/gcc/arm-atollic-eabi/6.3.1/../../../../arm-atollic-eabi/lib/armv7-m\libc.a(lib_a-strtol.o)
                0x08014898                strtol
 .text._svfprintf_r
                0x080148c4      0xfa0 d:/aboutstm32/truestudio/truestudio for stm32 9.3.0/armtools/bin/../lib/gcc/arm-atollic-eabi/6.3.1/../../../../arm-atollic-eabi/lib/armv7-m\libc.a(lib_a-svfprintf.o)
                0x080148c4                _svfprintf_r
 .text.__utoa   0x08015864       0x80 d:/aboutstm32/truestudio/truestudio for stm32 9.3.0/armtools/bin/../lib/gcc/arm-atollic-eabi/6.3.1/../../../../arm-atollic-eabi/lib/armv7-m\libc.a(lib_a-utoa.o)
                0x08015864                __utoa
 .text._vfprintf_r
                0x080158e4     0x106c d:/aboutstm32/truestudio/truestudio for stm32 9.3.0/armtools/bin/../lib/gcc/arm-atollic-eabi/6.3.1/../../../../arm-atollic-eabi/lib/armv7-m\libc.a(lib_a-vfprintf.o)
                0x080158e4                _vfprintf_r
 .text.__sbprintf
                0x08016950       0x80 d:/aboutstm32/truestudio/truestudio for stm32 9.3.0/armtools/bin/../lib/gcc/arm-atollic-eabi/6.3.1/../../../../arm-atollic-eabi/lib/armv7-m\libc.a(lib_a-vfprintf.o)
 .text.__swsetup_r
                0x080169d0       0xdc d:/aboutstm32/truestudio/truestudio for stm32 9.3.0/armtools/bin/../lib/gcc/arm-atollic-eabi/6.3.1/../../../../arm-atollic-eabi/lib/armv7-m\libc.a(lib_a-wsetup.o)
                0x080169d0                __swsetup_r
 .text.quorem   0x08016aac      0x118 d:/aboutstm32/truestudio/truestudio for stm32 9.3.0/armtools/bin/../lib/gcc/arm-atollic-eabi/6.3.1/../../../../arm-atollic-eabi/lib/armv7-m\libc.a(lib_a-dtoa.o)
 *fill*         0x08016bc4        0x4 
 .text._dtoa_r  0x08016bc8      0xba8 d:/aboutstm32/truestudio/truestudio for stm32 9.3.0/armtools/bin/../lib/gcc/arm-atollic-eabi/6.3.1/../../../../arm-atollic-eabi/lib/armv7-m\libc.a(lib_a-dtoa.o)
                0x08016bc8                _dtoa_r
 .text.__sflush_r
                0x08017770      0x124 d:/aboutstm32/truestudio/truestudio for stm32 9.3.0/armtools/bin/../lib/gcc/arm-atollic-eabi/6.3.1/../../../../arm-atollic-eabi/lib/armv7-m\libc.a(lib_a-fflush.o)
                0x08017770                __sflush_r
 .text._fflush_r
                0x08017894       0x78 d:/aboutstm32/truestudio/truestudio for stm32 9.3.0/armtools/bin/../lib/gcc/arm-atollic-eabi/6.3.1/../../../../arm-atollic-eabi/lib/armv7-m\libc.a(lib_a-fflush.o)
                0x08017894                _fflush_r
 .text._cleanup_r
                0x0801790c        0xc d:/aboutstm32/truestudio/truestudio for stm32 9.3.0/armtools/bin/../lib/gcc/arm-atollic-eabi/6.3.1/../../../../arm-atollic-eabi/lib/armv7-m\libc.a(lib_a-findfp.o)
                0x0801790c                _cleanup_r
 .text.std.isra.0
                0x08017918       0x48 d:/aboutstm32/truestudio/truestudio for stm32 9.3.0/armtools/bin/../lib/gcc/arm-atollic-eabi/6.3.1/../../../../arm-atollic-eabi/lib/armv7-m\libc.a(lib_a-findfp.o)
 .text.__sfmoreglue
                0x08017960       0x2c d:/aboutstm32/truestudio/truestudio for stm32 9.3.0/armtools/bin/../lib/gcc/arm-atollic-eabi/6.3.1/../../../../arm-atollic-eabi/lib/armv7-m\libc.a(lib_a-findfp.o)
                0x08017960                __sfmoreglue
 .text.__sfp_lock_acquire
                0x0801798c        0xc d:/aboutstm32/truestudio/truestudio for stm32 9.3.0/armtools/bin/../lib/gcc/arm-atollic-eabi/6.3.1/../../../../arm-atollic-eabi/lib/armv7-m\libc.a(lib_a-findfp.o)
                0x0801798c                __sfp_lock_acquire
 .text.__sfp_lock_release
                0x08017998        0xc d:/aboutstm32/truestudio/truestudio for stm32 9.3.0/armtools/bin/../lib/gcc/arm-atollic-eabi/6.3.1/../../../../arm-atollic-eabi/lib/armv7-m\libc.a(lib_a-findfp.o)
                0x08017998                __sfp_lock_release
 .text.__sinit_lock_acquire
                0x080179a4        0xc d:/aboutstm32/truestudio/truestudio for stm32 9.3.0/armtools/bin/../lib/gcc/arm-atollic-eabi/6.3.1/../../../../arm-atollic-eabi/lib/armv7-m\libc.a(lib_a-findfp.o)
                0x080179a4                __sinit_lock_acquire
 .text.__sinit_lock_release
                0x080179b0        0xc d:/aboutstm32/truestudio/truestudio for stm32 9.3.0/armtools/bin/../lib/gcc/arm-atollic-eabi/6.3.1/../../../../arm-atollic-eabi/lib/armv7-m\libc.a(lib_a-findfp.o)
                0x080179b0                __sinit_lock_release
 .text.__sinit  0x080179bc       0x78 d:/aboutstm32/truestudio/truestudio for stm32 9.3.0/armtools/bin/../lib/gcc/arm-atollic-eabi/6.3.1/../../../../arm-atollic-eabi/lib/armv7-m\libc.a(lib_a-findfp.o)
                0x080179bc                __sinit
 .text.__sfp    0x08017a34       0x8c d:/aboutstm32/truestudio/truestudio for stm32 9.3.0/armtools/bin/../lib/gcc/arm-atollic-eabi/6.3.1/../../../../arm-atollic-eabi/lib/armv7-m\libc.a(lib_a-findfp.o)
                0x08017a34                __sfp
 .text._malloc_trim_r
                0x08017ac0       0xac d:/aboutstm32/truestudio/truestudio for stm32 9.3.0/armtools/bin/../lib/gcc/arm-atollic-eabi/6.3.1/../../../../arm-atollic-eabi/lib/armv7-m\libc.a(lib_a-freer.o)
                0x08017ac0                _malloc_trim_r
 .text._free_r  0x08017b6c      0x178 d:/aboutstm32/truestudio/truestudio for stm32 9.3.0/armtools/bin/../lib/gcc/arm-atollic-eabi/6.3.1/../../../../arm-atollic-eabi/lib/armv7-m\libc.a(lib_a-freer.o)
                0x08017b6c                _free_r
 .text.__sfvwrite_r
                0x08017ce4      0x29c d:/aboutstm32/truestudio/truestudio for stm32 9.3.0/armtools/bin/../lib/gcc/arm-atollic-eabi/6.3.1/../../../../arm-atollic-eabi/lib/armv7-m\libc.a(lib_a-fvwrite.o)
                0x08017ce4                __sfvwrite_r
 .text._fwalk_reent
                0x08017f80       0x3c d:/aboutstm32/truestudio/truestudio for stm32 9.3.0/armtools/bin/../lib/gcc/arm-atollic-eabi/6.3.1/../../../../arm-atollic-eabi/lib/armv7-m\libc.a(lib_a-fwalk.o)
                0x08017f80                _fwalk_reent
 .text.__locale_mb_cur_max
                0x08017fbc       0x1c d:/aboutstm32/truestudio/truestudio for stm32 9.3.0/armtools/bin/../lib/gcc/arm-atollic-eabi/6.3.1/../../../../arm-atollic-eabi/lib/armv7-m\libc.a(lib_a-locale.o)
                0x08017fbc                __locale_mb_cur_max
 .text.__locale_ctype_ptr_l
                0x08017fd8        0x6 d:/aboutstm32/truestudio/truestudio for stm32 9.3.0/armtools/bin/../lib/gcc/arm-atollic-eabi/6.3.1/../../../../arm-atollic-eabi/lib/armv7-m\libc.a(lib_a-locale.o)
                0x08017fd8                __locale_ctype_ptr_l
 *fill*         0x08017fde        0x2 
 .text._localeconv_r
                0x08017fe0       0x1c d:/aboutstm32/truestudio/truestudio for stm32 9.3.0/armtools/bin/../lib/gcc/arm-atollic-eabi/6.3.1/../../../../arm-atollic-eabi/lib/armv7-m\libc.a(lib_a-localeconv.o)
                0x08017fe0                _localeconv_r
 .text.__retarget_lock_init_recursive
                0x08017ffc        0x2 d:/aboutstm32/truestudio/truestudio for stm32 9.3.0/armtools/bin/../lib/gcc/arm-atollic-eabi/6.3.1/../../../../arm-atollic-eabi/lib/armv7-m\libc.a(lib_a-lock.o)
                0x08017ffc                __retarget_lock_init_recursive
 .text.__retarget_lock_close_recursive
                0x08017ffe        0x2 d:/aboutstm32/truestudio/truestudio for stm32 9.3.0/armtools/bin/../lib/gcc/arm-atollic-eabi/6.3.1/../../../../arm-atollic-eabi/lib/armv7-m\libc.a(lib_a-lock.o)
                0x08017ffe                __retarget_lock_close_recursive
 .text.__retarget_lock_acquire_recursive
                0x08018000        0x2 d:/aboutstm32/truestudio/truestudio for stm32 9.3.0/armtools/bin/../lib/gcc/arm-atollic-eabi/6.3.1/../../../../arm-atollic-eabi/lib/armv7-m\libc.a(lib_a-lock.o)
                0x08018000                __retarget_lock_acquire_recursive
 .text.__retarget_lock_release_recursive
                0x08018002        0x2 d:/aboutstm32/truestudio/truestudio for stm32 9.3.0/armtools/bin/../lib/gcc/arm-atollic-eabi/6.3.1/../../../../arm-atollic-eabi/lib/armv7-m\libc.a(lib_a-lock.o)
                0x08018002                __retarget_lock_release_recursive
 .text.__swhatbuf_r
                0x08018004       0x56 d:/aboutstm32/truestudio/truestudio for stm32 9.3.0/armtools/bin/../lib/gcc/arm-atollic-eabi/6.3.1/../../../../arm-atollic-eabi/lib/armv7-m\libc.a(lib_a-makebuf.o)
                0x08018004                __swhatbuf_r
 *fill*         0x0801805a        0x2 
 .text.__smakebuf_r
                0x0801805c       0x80 d:/aboutstm32/truestudio/truestudio for stm32 9.3.0/armtools/bin/../lib/gcc/arm-atollic-eabi/6.3.1/../../../../arm-atollic-eabi/lib/armv7-m\libc.a(lib_a-makebuf.o)
                0x0801805c                __smakebuf_r
 .text.malloc   0x080180dc       0x10 d:/aboutstm32/truestudio/truestudio for stm32 9.3.0/armtools/bin/../lib/gcc/arm-atollic-eabi/6.3.1/../../../../arm-atollic-eabi/lib/armv7-m\libc.a(lib_a-malloc.o)
                0x080180dc                malloc
 .text._malloc_r
                0x080180ec      0x418 d:/aboutstm32/truestudio/truestudio for stm32 9.3.0/armtools/bin/../lib/gcc/arm-atollic-eabi/6.3.1/../../../../arm-atollic-eabi/lib/armv7-m\libc.a(lib_a-mallocr.o)
                0x080180ec                _malloc_r
 .text.__ascii_mbtowc
                0x08018504       0x24 d:/aboutstm32/truestudio/truestudio for stm32 9.3.0/armtools/bin/../lib/gcc/arm-atollic-eabi/6.3.1/../../../../arm-atollic-eabi/lib/armv7-m\libc.a(lib_a-mbtowc_r.o)
                0x08018504                __ascii_mbtowc
 .text.memchr   0x08018528       0x1c d:/aboutstm32/truestudio/truestudio for stm32 9.3.0/armtools/bin/../lib/gcc/arm-atollic-eabi/6.3.1/../../../../arm-atollic-eabi/lib/armv7-m\libc.a(lib_a-memchr-stub.o)
                0x08018528                memchr
 .text.memmove  0x08018544       0x34 d:/aboutstm32/truestudio/truestudio for stm32 9.3.0/armtools/bin/../lib/gcc/arm-atollic-eabi/6.3.1/../../../../arm-atollic-eabi/lib/armv7-m\libc.a(lib_a-memmove.o)
                0x08018544                memmove
 .text.__malloc_lock
                0x08018578        0xc d:/aboutstm32/truestudio/truestudio for stm32 9.3.0/armtools/bin/../lib/gcc/arm-atollic-eabi/6.3.1/../../../../arm-atollic-eabi/lib/armv7-m\libc.a(lib_a-mlock.o)
                0x08018578                __malloc_lock
 .text.__malloc_unlock
                0x08018584        0xc d:/aboutstm32/truestudio/truestudio for stm32 9.3.0/armtools/bin/../lib/gcc/arm-atollic-eabi/6.3.1/../../../../arm-atollic-eabi/lib/armv7-m\libc.a(lib_a-mlock.o)
                0x08018584                __malloc_unlock
 .text._Balloc  0x08018590       0x68 d:/aboutstm32/truestudio/truestudio for stm32 9.3.0/armtools/bin/../lib/gcc/arm-atollic-eabi/6.3.1/../../../../arm-atollic-eabi/lib/armv7-m\libc.a(lib_a-mprec.o)
                0x08018590                _Balloc
 .text._Bfree   0x080185f8       0x2e d:/aboutstm32/truestudio/truestudio for stm32 9.3.0/armtools/bin/../lib/gcc/arm-atollic-eabi/6.3.1/../../../../arm-atollic-eabi/lib/armv7-m\libc.a(lib_a-mprec.o)
                0x080185f8                _Bfree
 .text.__multadd
                0x08018626       0x76 d:/aboutstm32/truestudio/truestudio for stm32 9.3.0/armtools/bin/../lib/gcc/arm-atollic-eabi/6.3.1/../../../../arm-atollic-eabi/lib/armv7-m\libc.a(lib_a-mprec.o)
                0x08018626                __multadd
 .text.__hi0bits
                0x0801869c       0x3e d:/aboutstm32/truestudio/truestudio for stm32 9.3.0/armtools/bin/../lib/gcc/arm-atollic-eabi/6.3.1/../../../../arm-atollic-eabi/lib/armv7-m\libc.a(lib_a-mprec.o)
                0x0801869c                __hi0bits
 .text.__lo0bits
                0x080186da       0x5e d:/aboutstm32/truestudio/truestudio for stm32 9.3.0/armtools/bin/../lib/gcc/arm-atollic-eabi/6.3.1/../../../../arm-atollic-eabi/lib/armv7-m\libc.a(lib_a-mprec.o)
                0x080186da                __lo0bits
 .text.__i2b    0x08018738       0x12 d:/aboutstm32/truestudio/truestudio for stm32 9.3.0/armtools/bin/../lib/gcc/arm-atollic-eabi/6.3.1/../../../../arm-atollic-eabi/lib/armv7-m\libc.a(lib_a-mprec.o)
                0x08018738                __i2b
 .text.__multiply
                0x0801874a      0x118 d:/aboutstm32/truestudio/truestudio for stm32 9.3.0/armtools/bin/../lib/gcc/arm-atollic-eabi/6.3.1/../../../../arm-atollic-eabi/lib/armv7-m\libc.a(lib_a-mprec.o)
                0x0801874a                __multiply
 *fill*         0x08018862        0x2 
 .text.__pow5mult
                0x08018864       0x9c d:/aboutstm32/truestudio/truestudio for stm32 9.3.0/armtools/bin/../lib/gcc/arm-atollic-eabi/6.3.1/../../../../arm-atollic-eabi/lib/armv7-m\libc.a(lib_a-mprec.o)
                0x08018864                __pow5mult
 .text.__lshift
                0x08018900       0xa2 d:/aboutstm32/truestudio/truestudio for stm32 9.3.0/armtools/bin/../lib/gcc/arm-atollic-eabi/6.3.1/../../../../arm-atollic-eabi/lib/armv7-m\libc.a(lib_a-mprec.o)
                0x08018900                __lshift
 .text.__mcmp   0x080189a2       0x34 d:/aboutstm32/truestudio/truestudio for stm32 9.3.0/armtools/bin/../lib/gcc/arm-atollic-eabi/6.3.1/../../../../arm-atollic-eabi/lib/armv7-m\libc.a(lib_a-mprec.o)
                0x080189a2                __mcmp
 .text.__mdiff  0x080189d6       0xbe d:/aboutstm32/truestudio/truestudio for stm32 9.3.0/armtools/bin/../lib/gcc/arm-atollic-eabi/6.3.1/../../../../arm-atollic-eabi/lib/armv7-m\libc.a(lib_a-mprec.o)
                0x080189d6                __mdiff
 .text.__d2b    0x08018a94       0x9e d:/aboutstm32/truestudio/truestudio for stm32 9.3.0/armtools/bin/../lib/gcc/arm-atollic-eabi/6.3.1/../../../../arm-atollic-eabi/lib/armv7-m\libc.a(lib_a-mprec.o)
                0x08018a94                __d2b
 *fill*         0x08018b32        0x2 
 .text._realloc_r
                0x08018b34      0x304 d:/aboutstm32/truestudio/truestudio for stm32 9.3.0/armtools/bin/../lib/gcc/arm-atollic-eabi/6.3.1/../../../../arm-atollic-eabi/lib/armv7-m\libc.a(lib_a-reallocr.o)
                0x08018b34                _realloc_r
 .text._sbrk_r  0x08018e38       0x20 d:/aboutstm32/truestudio/truestudio for stm32 9.3.0/armtools/bin/../lib/gcc/arm-atollic-eabi/6.3.1/../../../../arm-atollic-eabi/lib/armv7-m\libc.a(lib_a-sbrkr.o)
                0x08018e38                _sbrk_r
 .text.__sread  0x08018e58       0x22 d:/aboutstm32/truestudio/truestudio for stm32 9.3.0/armtools/bin/../lib/gcc/arm-atollic-eabi/6.3.1/../../../../arm-atollic-eabi/lib/armv7-m\libc.a(lib_a-stdio.o)
                0x08018e58                __sread
 .text.__swrite
                0x08018e7a       0x38 d:/aboutstm32/truestudio/truestudio for stm32 9.3.0/armtools/bin/../lib/gcc/arm-atollic-eabi/6.3.1/../../../../arm-atollic-eabi/lib/armv7-m\libc.a(lib_a-stdio.o)
                0x08018e7a                __swrite
 .text.__sseek  0x08018eb2       0x24 d:/aboutstm32/truestudio/truestudio for stm32 9.3.0/armtools/bin/../lib/gcc/arm-atollic-eabi/6.3.1/../../../../arm-atollic-eabi/lib/armv7-m\libc.a(lib_a-stdio.o)
                0x08018eb2                __sseek
 .text.__sclose
                0x08018ed6        0x8 d:/aboutstm32/truestudio/truestudio for stm32 9.3.0/armtools/bin/../lib/gcc/arm-atollic-eabi/6.3.1/../../../../arm-atollic-eabi/lib/armv7-m\libc.a(lib_a-stdio.o)
                0x08018ed6                __sclose
 .text.__ssprint_r
                0x08018ede       0xf4 d:/aboutstm32/truestudio/truestudio for stm32 9.3.0/armtools/bin/../lib/gcc/arm-atollic-eabi/6.3.1/../../../../arm-atollic-eabi/lib/armv7-m\libc.a(lib_a-svfiprintf.o)
                0x08018ede                __ssprint_r
 .text.__sprint_r
                0x08018fd2       0x6a d:/aboutstm32/truestudio/truestudio for stm32 9.3.0/armtools/bin/../lib/gcc/arm-atollic-eabi/6.3.1/../../../../arm-atollic-eabi/lib/armv7-m\libc.a(lib_a-vfiprintf.o)
                0x08018fd2                __sprint_r
 .text.__ascii_wctomb
                0x0801903c       0x1a d:/aboutstm32/truestudio/truestudio for stm32 9.3.0/armtools/bin/../lib/gcc/arm-atollic-eabi/6.3.1/../../../../arm-atollic-eabi/lib/armv7-m\libc.a(lib_a-wctomb_r.o)
                0x0801903c                __ascii_wctomb
 *fill*         0x08019056        0x2 
 .text._write_r
                0x08019058       0x24 d:/aboutstm32/truestudio/truestudio for stm32 9.3.0/armtools/bin/../lib/gcc/arm-atollic-eabi/6.3.1/../../../../arm-atollic-eabi/lib/armv7-m\libc.a(lib_a-writer.o)
                0x08019058                _write_r
 .text._calloc_r
                0x0801907c       0x5a d:/aboutstm32/truestudio/truestudio for stm32 9.3.0/armtools/bin/../lib/gcc/arm-atollic-eabi/6.3.1/../../../../arm-atollic-eabi/lib/armv7-m\libc.a(lib_a-callocr.o)
                0x0801907c                _calloc_r
 *fill*         0x080190d6        0x2 
 .text._close_r
                0x080190d8       0x20 d:/aboutstm32/truestudio/truestudio for stm32 9.3.0/armtools/bin/../lib/gcc/arm-atollic-eabi/6.3.1/../../../../arm-atollic-eabi/lib/armv7-m\libc.a(lib_a-closer.o)
                0x080190d8                _close_r
 .text._fclose_r
                0x080190f8       0xd8 d:/aboutstm32/truestudio/truestudio for stm32 9.3.0/armtools/bin/../lib/gcc/arm-atollic-eabi/6.3.1/../../../../arm-atollic-eabi/lib/armv7-m\libc.a(lib_a-fclose.o)
                0x080190f8                _fclose_r
 .text.__fputwc
                0x080191d0       0x82 d:/aboutstm32/truestudio/truestudio for stm32 9.3.0/armtools/bin/../lib/gcc/arm-atollic-eabi/6.3.1/../../../../arm-atollic-eabi/lib/armv7-m\libc.a(lib_a-fputwc.o)
                0x080191d0                __fputwc
 .text._fputwc_r
                0x08019252       0x52 d:/aboutstm32/truestudio/truestudio for stm32 9.3.0/armtools/bin/../lib/gcc/arm-atollic-eabi/6.3.1/../../../../arm-atollic-eabi/lib/armv7-m\libc.a(lib_a-fputwc.o)
                0x08019252                _fputwc_r
 .text._fstat_r
                0x080192a4       0x24 d:/aboutstm32/truestudio/truestudio for stm32 9.3.0/armtools/bin/../lib/gcc/arm-atollic-eabi/6.3.1/../../../../arm-atollic-eabi/lib/armv7-m\libc.a(lib_a-fstatr.o)
                0x080192a4                _fstat_r
 .text._isatty_r
                0x080192c8       0x20 d:/aboutstm32/truestudio/truestudio for stm32 9.3.0/armtools/bin/../lib/gcc/arm-atollic-eabi/6.3.1/../../../../arm-atollic-eabi/lib/armv7-m\libc.a(lib_a-isattyr.o)
                0x080192c8                _isatty_r
 .text._lseek_r
                0x080192e8       0x24 d:/aboutstm32/truestudio/truestudio for stm32 9.3.0/armtools/bin/../lib/gcc/arm-atollic-eabi/6.3.1/../../../../arm-atollic-eabi/lib/armv7-m\libc.a(lib_a-lseekr.o)
                0x080192e8                _lseek_r
 .text._read_r  0x0801930c       0x24 d:/aboutstm32/truestudio/truestudio for stm32 9.3.0/armtools/bin/../lib/gcc/arm-atollic-eabi/6.3.1/../../../../arm-atollic-eabi/lib/armv7-m\libc.a(lib_a-readr.o)
                0x0801930c                _read_r
 .text.__swbuf_r
                0x08019330       0xbc d:/aboutstm32/truestudio/truestudio for stm32 9.3.0/armtools/bin/../lib/gcc/arm-atollic-eabi/6.3.1/../../../../arm-atollic-eabi/lib/armv7-m\libc.a(lib_a-wbuf.o)
                0x08019330                __swbuf_r
 .text._wcrtomb_r
                0x080193ec       0x50 d:/aboutstm32/truestudio/truestudio for stm32 9.3.0/armtools/bin/../lib/gcc/arm-atollic-eabi/6.3.1/../../../../arm-atollic-eabi/lib/armv7-m\libc.a(lib_a-wcrtomb.o)
                0x080193ec                _wcrtomb_r
 *(.glue_7)
 .glue_7        0x0801943c        0x0 linker stubs
 *(.glue_7t)
 .glue_7t       0x0801943c        0x0 linker stubs
 *(.eh_frame)
 .eh_frame      0x0801943c        0x0 d:/aboutstm32/truestudio/truestudio for stm32 9.3.0/armtools/bin/../lib/gcc/arm-atollic-eabi/6.3.1/armv7-m/crtbegin.o
 *(.init)
 .init          0x0801943c        0x4 d:/aboutstm32/truestudio/truestudio for stm32 9.3.0/armtools/bin/../lib/gcc/arm-atollic-eabi/6.3.1/armv7-m/crti.o
                0x0801943c                _init
 .init          0x08019440        0x8 d:/aboutstm32/truestudio/truestudio for stm32 9.3.0/armtools/bin/../lib/gcc/arm-atollic-eabi/6.3.1/armv7-m/crtn.o
 *(.fini)
 .fini          0x08019448        0x4 d:/aboutstm32/truestudio/truestudio for stm32 9.3.0/armtools/bin/../lib/gcc/arm-atollic-eabi/6.3.1/armv7-m/crti.o
                0x08019448                _fini
 .fini          0x0801944c        0x8 d:/aboutstm32/truestudio/truestudio for stm32 9.3.0/armtools/bin/../lib/gcc/arm-atollic-eabi/6.3.1/armv7-m/crtn.o
                0x08019454                . = ALIGN (0x4)
                0x08019454                _etext = .

.vfp11_veneer   0x08019454        0x0
 .vfp11_veneer  0x08019454        0x0 linker stubs

.v4_bx          0x08019454        0x0
 .v4_bx         0x08019454        0x0 linker stubs

.iplt           0x08019454        0x0
 .iplt          0x08019454        0x0 d:/aboutstm32/truestudio/truestudio for stm32 9.3.0/armtools/bin/../lib/gcc/arm-atollic-eabi/6.3.1/armv7-m/crtbegin.o

.rodata         0x08019458      0x730
                0x08019458                . = ALIGN (0x4)
 *(.rodata)
 *(.rodata*)
 .rodata.read_74HC165.str1.1
                0x08019458       0x11 App\Loyer_74HC165\L74hc165.o
 .rodata.TIM4_IRQHandler.str1.1
                0x08019469       0x11 App\Tim\tim4.o
 .rodata.F4G_AT_Test.str1.1
                0x0801947a       0x35 App\module_4G\usart_4G.o
 .rodata.F4G_ExitUnvarnishSend.str1.1
                0x080194af        0x4 App\module_4G\usart_4G.o
 .rodata.F4G_Init.str1.1
                0x080194b3       0x2d App\module_4G\usart_4G.o
 .rodata.F4G_sendStr.str1.1
                0x080194e0       0x2d App\module_4G\usart_4G.o
                                  0x2 (size before relaxing)
 .rodata.Int2Strs.str1.1
                0x080194e0       0x2d App\module_4G\usart_4G.o
                                  0x3 (size before relaxing)
 .rodata.Send_AT_Cmd.str1.1
                0x080194e0       0x2d App\module_4G\usart_4G.o
                                  0x8 (size before relaxing)
 .rodata.USART2_IRQHandler.str1.1
                0x080194e0       0x60 App\module_4G\usart_4G.o
 .rodata.catRequestStr.str1.1
                0x08019540        0x3 App\module_4G\usart_4G.o
                                  0x5 (size before relaxing)
 .rodata.common_heart.str1.1
                0x08019543        0x4 App\module_4G\usart_4G.o
 .rodata.communicateWithHost.str1.1
                0x08019547       0x1b App\module_4G\usart_4G.o
 .rodata.connectToTCPServer.str1.1
                0x08019562       0x27 App\module_4G\usart_4G.o
 .rodata.currentPortStatuChanged.str1.1
                0x08019589        0x3 App\module_4G\usart_4G.o
 .rodata.dd_tc.str1.1
                0x0801958c        0xf App\module_4G\usart_4G.o
 .rodata.getModuleMes.str1.1
                0x0801959b       0xc4 App\module_4G\usart_4G.o
                                 0xc6 (size before relaxing)
 .rodata.response2reset.str1.1
                0x0801965f        0x6 App\module_4G\usart_4G.o
 .rodata.statu_heart.str1.1
                0x08019665       0x1e App\module_4G\usart_4G.o
                                 0x24 (size before relaxing)
 .rodata.sys_tc.str1.1
                0x08019683        0xc App\module_4G\usart_4G.o
 .rodata.popUP_All.str1.1
                0x0801968f        0xb App\motor\motor.o
 .rodata.USART3_IRQHandler.str1.1
                0x0801969a       0x13 App\powerBank\bat_usart.o
 .rodata.bat_statuBuf
                0x080196ad       0x10 App\powerBank\bat_usart.o
                0x080196ad                bat_statuBuf
 .rodata.checkPowerbankStatus.str1.1
                0x080196bd        0x6 App\powerBank\bat_usart.o
                                  0x8 (size before relaxing)
 .rodata.str1.1
                0x080196c3       0x41 App\util\base64.o
 .rodata.UART4_IRQHandler.str1.1
                0x08019704        0x9 App\wifi\drive\wifi_drive.o
 .rodata.USART1_IRQHandler.str1.1
                0x0801970d       0x9d Public\usart.o
                                 0xa5 (size before relaxing)
 .rodata.USART1_Init.str1.1
                0x080197aa       0x82 Public\usart.o
                                 0x84 (size before relaxing)
 .rodata.RunApp.str1.1
                0x0801982c       0x24 src\app.o
 .rodata.main.str1.1
                0x08019850       0x25 src\main.o
                                 0x28 (size before relaxing)
 .rodata._puts_r.str1.1
                0x08019875       0x25 d:/aboutstm32/truestudio/truestudio for stm32 9.3.0/armtools/bin/../lib/gcc/arm-atollic-eabi/6.3.1/../../../../arm-atollic-eabi/lib/armv7-m\libc.a(lib_a-puts.o)
                                  0x2 (size before relaxing)
 .rodata._svfprintf_r.str1.1
                0x08019875       0x32 d:/aboutstm32/truestudio/truestudio for stm32 9.3.0/armtools/bin/../lib/gcc/arm-atollic-eabi/6.3.1/../../../../arm-atollic-eabi/lib/armv7-m\libc.a(lib_a-svfprintf.o)
                                 0x34 (size before relaxing)
 .rodata.blanks.7236
                0x080198a7       0x10 d:/aboutstm32/truestudio/truestudio for stm32 9.3.0/armtools/bin/../lib/gcc/arm-atollic-eabi/6.3.1/../../../../arm-atollic-eabi/lib/armv7-m\libc.a(lib_a-svfprintf.o)
 .rodata.zeroes.7237
                0x080198b7       0x10 d:/aboutstm32/truestudio/truestudio for stm32 9.3.0/armtools/bin/../lib/gcc/arm-atollic-eabi/6.3.1/../../../../arm-atollic-eabi/lib/armv7-m\libc.a(lib_a-svfprintf.o)
 .rodata.__utoa.str1.1
                0x080198c7       0x25 d:/aboutstm32/truestudio/truestudio for stm32 9.3.0/armtools/bin/../lib/gcc/arm-atollic-eabi/6.3.1/../../../../arm-atollic-eabi/lib/armv7-m\libc.a(lib_a-utoa.o)
 .rodata._vfprintf_r.str1.1
                0x080198ec       0x34 d:/aboutstm32/truestudio/truestudio for stm32 9.3.0/armtools/bin/../lib/gcc/arm-atollic-eabi/6.3.1/../../../../arm-atollic-eabi/lib/armv7-m\libc.a(lib_a-vfprintf.o)
 .rodata.blanks.7251
                0x080198ec       0x10 d:/aboutstm32/truestudio/truestudio for stm32 9.3.0/armtools/bin/../lib/gcc/arm-atollic-eabi/6.3.1/../../../../arm-atollic-eabi/lib/armv7-m\libc.a(lib_a-vfprintf.o)
 .rodata.zeroes.7252
                0x080198fc       0x10 d:/aboutstm32/truestudio/truestudio for stm32 9.3.0/armtools/bin/../lib/gcc/arm-atollic-eabi/6.3.1/../../../../arm-atollic-eabi/lib/armv7-m\libc.a(lib_a-vfprintf.o)
 .rodata._dtoa_r.str1.1
                0x0801990c        0xd d:/aboutstm32/truestudio/truestudio for stm32 9.3.0/armtools/bin/../lib/gcc/arm-atollic-eabi/6.3.1/../../../../arm-atollic-eabi/lib/armv7-m\libc.a(lib_a-dtoa.o)
                                  0xf (size before relaxing)
 *fill*         0x08019919        0x3 
 .rodata.__sf_fake_stderr
                0x0801991c       0x20 d:/aboutstm32/truestudio/truestudio for stm32 9.3.0/armtools/bin/../lib/gcc/arm-atollic-eabi/6.3.1/../../../../arm-atollic-eabi/lib/armv7-m\libc.a(lib_a-findfp.o)
                0x0801991c                __sf_fake_stderr
 .rodata.__sf_fake_stdin
                0x0801993c       0x20 d:/aboutstm32/truestudio/truestudio for stm32 9.3.0/armtools/bin/../lib/gcc/arm-atollic-eabi/6.3.1/../../../../arm-atollic-eabi/lib/armv7-m\libc.a(lib_a-findfp.o)
                0x0801993c                __sf_fake_stdin
 .rodata.__sf_fake_stdout
                0x0801995c       0x20 d:/aboutstm32/truestudio/truestudio for stm32 9.3.0/armtools/bin/../lib/gcc/arm-atollic-eabi/6.3.1/../../../../arm-atollic-eabi/lib/armv7-m\libc.a(lib_a-findfp.o)
                0x0801995c                __sf_fake_stdout
 .rodata._global_impure_ptr
                0x0801997c        0x4 d:/aboutstm32/truestudio/truestudio for stm32 9.3.0/armtools/bin/../lib/gcc/arm-atollic-eabi/6.3.1/../../../../arm-atollic-eabi/lib/armv7-m\libc.a(lib_a-impure.o)
                0x0801997c                _global_impure_ptr
 .rodata._setlocale_r.str1.1
                0x08019980        0x6 d:/aboutstm32/truestudio/truestudio for stm32 9.3.0/armtools/bin/../lib/gcc/arm-atollic-eabi/6.3.1/../../../../arm-atollic-eabi/lib/armv7-m\libc.a(lib_a-locale.o)
                                  0x9 (size before relaxing)
 .rodata.str1.1
                0x08019986        0x2 d:/aboutstm32/truestudio/truestudio for stm32 9.3.0/armtools/bin/../lib/gcc/arm-atollic-eabi/6.3.1/../../../../arm-atollic-eabi/lib/armv7-m\libc.a(lib_a-locale.o)
 .rodata.__mprec_bigtens
                0x08019988       0x28 d:/aboutstm32/truestudio/truestudio for stm32 9.3.0/armtools/bin/../lib/gcc/arm-atollic-eabi/6.3.1/../../../../arm-atollic-eabi/lib/armv7-m\libc.a(lib_a-mprec.o)
                0x08019988                __mprec_bigtens
 .rodata.__mprec_tens
                0x080199b0       0xc8 d:/aboutstm32/truestudio/truestudio for stm32 9.3.0/armtools/bin/../lib/gcc/arm-atollic-eabi/6.3.1/../../../../arm-atollic-eabi/lib/armv7-m\libc.a(lib_a-mprec.o)
                0x080199b0                __mprec_tens
 .rodata.p05.6073
                0x08019a78        0xc d:/aboutstm32/truestudio/truestudio for stm32 9.3.0/armtools/bin/../lib/gcc/arm-atollic-eabi/6.3.1/../../../../arm-atollic-eabi/lib/armv7-m\libc.a(lib_a-mprec.o)
 .rodata._ctype_
                0x08019a84      0x101 d:/aboutstm32/truestudio/truestudio for stm32 9.3.0/armtools/bin/../lib/gcc/arm-atollic-eabi/6.3.1/../../../../arm-atollic-eabi/lib/armv7-m\libc.a(lib_a-ctype_.o)
                0x08019a84                _ctype_
                0x08019b88                . = ALIGN (0x4)
 *fill*         0x08019b85        0x3 

.ARM.extab
 *(.ARM.extab* .gnu.linkonce.armextab.*)

.ARM            0x08019b88        0x8
                0x08019b88                __exidx_start = .
 *(.ARM.exidx*)
 .ARM.exidx     0x08019b88        0x8 d:/aboutstm32/truestudio/truestudio for stm32 9.3.0/armtools/bin/../lib/gcc/arm-atollic-eabi/6.3.1/armv7-m\libgcc.a(_udivmoddi4.o)
                0x08019b90                __exidx_end = .

.rel.dyn        0x08019b90        0x0
 .rel.iplt      0x08019b90        0x0 d:/aboutstm32/truestudio/truestudio for stm32 9.3.0/armtools/bin/../lib/gcc/arm-atollic-eabi/6.3.1/armv7-m/crtbegin.o

.preinit_array  0x08019b90        0x0
                0x08019b90                PROVIDE (__preinit_array_start, .)
 *(.preinit_array*)
                0x08019b90                PROVIDE (__preinit_array_end, .)

.init_array     0x08019b90        0x4
                0x08019b90                PROVIDE (__init_array_start, .)
 *(SORT(.init_array.*))
 *(.init_array*)
 .init_array    0x08019b90        0x4 d:/aboutstm32/truestudio/truestudio for stm32 9.3.0/armtools/bin/../lib/gcc/arm-atollic-eabi/6.3.1/armv7-m/crtbegin.o
                0x08019b94                PROVIDE (__init_array_end, .)

.fini_array     0x08019b94        0x4
                [!provide]                PROVIDE (__fini_array_start, .)
 *(SORT(.fini_array.*))
 *(.fini_array*)
 .fini_array    0x08019b94        0x4 d:/aboutstm32/truestudio/truestudio for stm32 9.3.0/armtools/bin/../lib/gcc/arm-atollic-eabi/6.3.1/armv7-m/crtbegin.o
                [!provide]                PROVIDE (__fini_array_end, .)
                0x08019b98                _sidata = LOADADDR (.data)

.data           0x20000000      0x690 load address 0x08019b98
                0x20000000                . = ALIGN (0x4)
                0x20000000                _sdata = .
 *(.data)
 *(.data*)
 .data.key_statu
                0x20000000        0x2 App\Loyer_74HC165\L74hc165.o
                0x20000000                key_statu
 .data.old_statu.7601
                0x20000002        0x2 App\Loyer_74HC165\L74hc165.o
 .data.curPort  0x20000004        0x1 App\Tim\tim4.o
                0x20000004                curPort
 *fill*         0x20000005        0x3 
 .data.base64char
                0x20000008        0x4 App\util\base64.o
                0x20000008                base64char
 .data.ADCPrescTable
                0x2000000c        0x4 Libraries\STM32F10x_StdPeriph_Driver\src\stm32f10x_rcc.o
 .data.APBAHBPrescTable
                0x20000010       0x10 Libraries\STM32F10x_StdPeriph_Driver\src\stm32f10x_rcc.o
 .data._impure_ptr
                0x20000020        0x4 d:/aboutstm32/truestudio/truestudio for stm32 9.3.0/armtools/bin/../lib/gcc/arm-atollic-eabi/6.3.1/../../../../arm-atollic-eabi/lib/armv7-m\libc.a(lib_a-impure.o)
                0x20000020                _impure_ptr
 .data.impure_data
                0x20000024       0xf0 d:/aboutstm32/truestudio/truestudio for stm32 9.3.0/armtools/bin/../lib/gcc/arm-atollic-eabi/6.3.1/../../../../arm-atollic-eabi/lib/armv7-m\libc.a(lib_a-impure.o)
 .data.__global_locale
                0x20000114      0x16c d:/aboutstm32/truestudio/truestudio for stm32 9.3.0/armtools/bin/../lib/gcc/arm-atollic-eabi/6.3.1/../../../../arm-atollic-eabi/lib/armv7-m\libc.a(lib_a-locale.o)
                0x20000114                __global_locale
 .data.__malloc_av_
                0x20000280      0x408 d:/aboutstm32/truestudio/truestudio for stm32 9.3.0/armtools/bin/../lib/gcc/arm-atollic-eabi/6.3.1/../../../../arm-atollic-eabi/lib/armv7-m\libc.a(lib_a-mallocr.o)
                0x20000280                __malloc_av_
 .data.__malloc_sbrk_base
                0x20000688        0x4 d:/aboutstm32/truestudio/truestudio for stm32 9.3.0/armtools/bin/../lib/gcc/arm-atollic-eabi/6.3.1/../../../../arm-atollic-eabi/lib/armv7-m\libc.a(lib_a-mallocr.o)
                0x20000688                __malloc_sbrk_base
 .data.__malloc_trim_threshold
                0x2000068c        0x4 d:/aboutstm32/truestudio/truestudio for stm32 9.3.0/armtools/bin/../lib/gcc/arm-atollic-eabi/6.3.1/../../../../arm-atollic-eabi/lib/armv7-m\libc.a(lib_a-mallocr.o)
                0x2000068c                __malloc_trim_threshold
                0x20000690                . = ALIGN (0x4)
                0x20000690                _edata = .

.igot.plt       0x20000690        0x0 load address 0x0801a228
 .igot.plt      0x20000690        0x0 d:/aboutstm32/truestudio/truestudio for stm32 9.3.0/armtools/bin/../lib/gcc/arm-atollic-eabi/6.3.1/armv7-m/crtbegin.o
                0x20000690                . = ALIGN (0x4)

.bss            0x20000690     0x1ca4 load address 0x0801a228
                0x20000690                _sbss = .
                0x20000690                __bss_start__ = _sbss
 *(.bss)
 .bss           0x20000690       0x1c d:/aboutstm32/truestudio/truestudio for stm32 9.3.0/armtools/bin/../lib/gcc/arm-atollic-eabi/6.3.1/armv7-m/crtbegin.o
 *(.bss*)
 .bss.HC595_STATUS
                0x200006ac       0x1a App\Loyer_74HC595\L74HC595.o
                0x200006ac                HC595_STATUS
 .bss.allowModuleUpdate
                0x200006c6        0x1 App\Tim\tim4.o
                0x200006c6                allowModuleUpdate
 .bss.allowTCSamePort
                0x200006c7        0x1 App\Tim\tim4.o
                0x200006c7                allowTCSamePort
 .bss.allowTCSamePortCnt
                0x200006c8        0x2 App\Tim\tim4.o
                0x200006c8                allowTCSamePortCnt
 .bss.checkCnt  0x200006ca        0x1 App\Tim\tim4.o
                0x200006ca                checkCnt
 *fill*         0x200006cb        0x1 
 .bss.firstStatuHeartCnt
                0x200006cc        0x2 App\Tim\tim4.o
                0x200006cc                firstStatuHeartCnt
 *fill*         0x200006ce        0x2 
 .bss.heartCnt  0x200006d0        0x4 App\Tim\tim4.o
                0x200006d0                heartCnt
 .bss.initCnt   0x200006d4        0x1 App\Tim\tim4.o
                0x200006d4                initCnt
 .bss.statuHeartCnt
                0x200006d5        0x1 App\Tim\tim4.o
                0x200006d5                statuHeartCnt
 .bss.IgnoreLock
                0x200006d6        0x6 App\flash\STMFlash.o
                0x200006d6                IgnoreLock
 .bss.WDeviceID
                0x200006dc        0x4 App\flash\STMFlash.o
                0x200006dc                WDeviceID
 .bss.F4G_Fram_Record_Struct
                0x200006e0      0xa44 App\module_4G\usart_4G.o
                0x200006e0                F4G_Fram_Record_Struct
 .bss.F4G_Params
                0x20001124       0x38 App\module_4G\usart_4G.o
                0x20001124                F4G_Params
 .bss.tem.8687  0x2000115c        0x3 App\module_4G\usart_4G.o
 .bss.UART3_RX_BUF
                0x2000115f       0x17 App\powerBank\bat_usart.o
                0x2000115f                UART3_RX_BUF
 .bss.framMag   0x20001176       0x12 App\powerBank\bat_usart.o
                0x20001176                framMag
 .bss.powerbankStatu
                0x20001188       0x82 App\powerBank\bat_usart.o
                0x20001188                powerbankStatu
 .bss.WIFI_Fram_Record_Struct
                0x2000120a      0x402 App\wifi\drive\wifi_drive.o
                0x2000120a                WIFI_Fram_Record_Struct
 .bss.TcpClosedFlag
                0x2000160c        0x1 App\wifi\test\sta_tcpclent_test.o
                0x2000160c                TcpClosedFlag
 *fill*         0x2000160d        0x1 
 .bss.fac_ms    0x2000160e        0x2 Public\systick.o
 .bss.fac_us    0x20001610        0x1 Public\systick.o
 .bss.RegisterParams
                0x20001611       0x39 Public\usart.o
                0x20001611                RegisterParams
 .bss.USART1_Record_Struct
                0x2000164a      0x402 Public\usart.o
                0x2000164a                USART1_Record_Struct
 .bss.usart1TestBuf
                0x20001a4c       0x12 Public\usart.o
                0x20001a4c                usart1TestBuf
 *fill*         0x20001a5e        0x2 
 .bss.heap_end.8347
                0x20001a60        0x4 src\syscalls.o
 .bss.__malloc_current_mallinfo
                0x20001a64       0x28 d:/aboutstm32/truestudio/truestudio for stm32 9.3.0/armtools/bin/../lib/gcc/arm-atollic-eabi/6.3.1/../../../../arm-atollic-eabi/lib/armv7-m\libc.a(lib_a-mallocr.o)
                0x20001a64                __malloc_current_mallinfo
 .bss.__malloc_max_sbrked_mem
                0x20001a8c        0x4 d:/aboutstm32/truestudio/truestudio for stm32 9.3.0/armtools/bin/../lib/gcc/arm-atollic-eabi/6.3.1/../../../../arm-atollic-eabi/lib/armv7-m\libc.a(lib_a-mallocr.o)
                0x20001a8c                __malloc_max_sbrked_mem
 .bss.__malloc_max_total_mem
                0x20001a90        0x4 d:/aboutstm32/truestudio/truestudio for stm32 9.3.0/armtools/bin/../lib/gcc/arm-atollic-eabi/6.3.1/../../../../arm-atollic-eabi/lib/armv7-m\libc.a(lib_a-mallocr.o)
                0x20001a90                __malloc_max_total_mem
 .bss.__malloc_top_pad
                0x20001a94        0x4 d:/aboutstm32/truestudio/truestudio for stm32 9.3.0/armtools/bin/../lib/gcc/arm-atollic-eabi/6.3.1/../../../../arm-atollic-eabi/lib/armv7-m\libc.a(lib_a-mallocr.o)
                0x20001a94                __malloc_top_pad
 *(COMMON)
 COMMON         0x20001a98      0x884 App\flash\STMFlash.o
                0x20001a98                WVersion
                0x20001a9c                STMFLASH_BUF
                0x2000229c                RVersion
                0x200022b0                RDeviceID
                0x200022b8                APPServer
 COMMON         0x2000231c        0x8 src\app.o
                0x2000231c                JumpAddress
                0x20002320                Jump_To_Application
 COMMON         0x20002324        0x4 d:/aboutstm32/truestudio/truestudio for stm32 9.3.0/armtools/bin/../lib/gcc/arm-atollic-eabi/6.3.1/../../../../arm-atollic-eabi/lib/armv7-m\libc.a(lib_a-reent.o)
                0x20002324                errno
 COMMON         0x20002328        0x9 d:/aboutstm32/truestudio/truestudio for stm32 9.3.0/armtools/bin/../lib/gcc/arm-atollic-eabi/6.3.1/../../../../arm-atollic-eabi/lib/armv7-m\libc.a(lib_a-lock.o)
                0x20002328                __lock___atexit_recursive_mutex
                0x20002329                __lock___arc4random_mutex
                0x2000232a                __lock___env_recursive_mutex
                0x2000232b                __lock___sinit_recursive_mutex
                0x2000232c                __lock___malloc_recursive_mutex
                0x2000232d                __lock___at_quick_exit_mutex
                0x2000232e                __lock___dd_hash_mutex
                0x2000232f                __lock___tz_mutex
                0x20002330                __lock___sfp_recursive_mutex
                0x20002334                . = ALIGN (0x4)
 *fill*         0x20002331        0x3 
                0x20002334                _ebss = .
                0x20002334                __bss_end__ = _ebss

._user_heap_stack
                0x20002334      0x200 load address 0x0801a228
                0x20002334                . = ALIGN (0x4)
                0x20002334                PROVIDE (end, .)
                [!provide]                PROVIDE (_end, .)
                0x20002334                . = (. + _Min_Heap_Size)
                0x20002534                . = (. + _Min_Stack_Size)
 *fill*         0x20002334      0x200 
                0x20002534                . = ALIGN (0x4)

.memory_b1_text
 *(.mb1text)
 *(.mb1text*)
 *(.mb1rodata)
 *(.mb1rodata*)

/DISCARD/
 libc.a(*)
 libm.a(*)
 libgcc.a(*)

.ARM.attributes
                0x00000000       0x29
 *(.ARM.attributes)
 .ARM.attributes
                0x00000000       0x1d d:/aboutstm32/truestudio/truestudio for stm32 9.3.0/armtools/bin/../lib/gcc/arm-atollic-eabi/6.3.1/armv7-m/crti.o
 .ARM.attributes
                0x0000001d       0x2d d:/aboutstm32/truestudio/truestudio for stm32 9.3.0/armtools/bin/../lib/gcc/arm-atollic-eabi/6.3.1/armv7-m/crtbegin.o
 .ARM.attributes
                0x0000004a       0x33 App\Loyer_74HC165\L74hc165.o
 .ARM.attributes
                0x0000007d       0x33 App\Loyer_74HC595\L74HC595.o
 .ARM.attributes
                0x000000b0       0x33 App\Tim\tim4.o
 .ARM.attributes
                0x000000e3       0x33 App\audio\audio.o
 .ARM.attributes
                0x00000116       0x33 App\flash\STMFlash.o
 .ARM.attributes
                0x00000149       0x33 App\led\led.o
 .ARM.attributes
                0x0000017c       0x33 App\module_4G\usart_4G.o
 .ARM.attributes
                0x000001af       0x33 App\motor\motor.o
 .ARM.attributes
                0x000001e2       0x33 App\powerBank\bat_usart.o
 .ARM.attributes
                0x00000215       0x33 App\powerBank\charge.o
 .ARM.attributes
                0x00000248       0x33 App\util\base64.o
 .ARM.attributes
                0x0000027b       0x33 App\wifi\drive\wifi_drive.o
 .ARM.attributes
                0x000002ae       0x33 App\wifi\public\wifi_public.o
 .ARM.attributes
                0x000002e1       0x33 App\wifi\test\sta_tcpclent_test.o
 .ARM.attributes
                0x00000314       0x33 Libraries\STM32F10x_StdPeriph_Driver\src\misc.o
 .ARM.attributes
                0x00000347       0x33 Libraries\STM32F10x_StdPeriph_Driver\src\stm32f10x_flash.o
 .ARM.attributes
                0x0000037a       0x33 Libraries\STM32F10x_StdPeriph_Driver\src\stm32f10x_gpio.o
 .ARM.attributes
                0x000003ad       0x33 Libraries\STM32F10x_StdPeriph_Driver\src\stm32f10x_rcc.o
 .ARM.attributes
                0x000003e0       0x33 Libraries\STM32F10x_StdPeriph_Driver\src\stm32f10x_tim.o
 .ARM.attributes
                0x00000413       0x33 Libraries\STM32F10x_StdPeriph_Driver\src\stm32f10x_usart.o
 .ARM.attributes
                0x00000446       0x33 Public\systick.o
 .ARM.attributes
                0x00000479       0x33 Public\usart.o
 .ARM.attributes
                0x000004ac       0x33 src\app.o
 .ARM.attributes
                0x000004df       0x33 src\main.o
 .ARM.attributes
                0x00000512       0x21 src\startup_stm32f10x_hd.o
 .ARM.attributes
                0x00000533       0x33 src\stm32f1xx_it.o
 .ARM.attributes
                0x00000566       0x33 src\syscalls.o
 .ARM.attributes
                0x00000599       0x33 src\system_stm32f10x.o
 .ARM.attributes
                0x000005cc       0x2d d:/aboutstm32/truestudio/truestudio for stm32 9.3.0/armtools/bin/../lib/gcc/arm-atollic-eabi/6.3.1/../../../../arm-atollic-eabi/lib/armv7-m\libc.a(lib_a-atoi.o)
 .ARM.attributes
                0x000005f9       0x2d d:/aboutstm32/truestudio/truestudio for stm32 9.3.0/armtools/bin/../lib/gcc/arm-atollic-eabi/6.3.1/../../../../arm-atollic-eabi/lib/armv7-m\libc.a(lib_a-init.o)
 .ARM.attributes
                0x00000626       0x2d d:/aboutstm32/truestudio/truestudio for stm32 9.3.0/armtools/bin/../lib/gcc/arm-atollic-eabi/6.3.1/../../../../arm-atollic-eabi/lib/armv7-m\libc.a(lib_a-itoa.o)
 .ARM.attributes
                0x00000653       0x2d d:/aboutstm32/truestudio/truestudio for stm32 9.3.0/armtools/bin/../lib/gcc/arm-atollic-eabi/6.3.1/../../../../arm-atollic-eabi/lib/armv7-m\libc.a(lib_a-memcmp.o)
 .ARM.attributes
                0x00000680       0x2d d:/aboutstm32/truestudio/truestudio for stm32 9.3.0/armtools/bin/../lib/gcc/arm-atollic-eabi/6.3.1/../../../../arm-atollic-eabi/lib/armv7-m\libc.a(lib_a-memcpy-stub.o)
 .ARM.attributes
                0x000006ad       0x2d d:/aboutstm32/truestudio/truestudio for stm32 9.3.0/armtools/bin/../lib/gcc/arm-atollic-eabi/6.3.1/../../../../arm-atollic-eabi/lib/armv7-m\libc.a(lib_a-memset.o)
 .ARM.attributes
                0x000006da       0x2d d:/aboutstm32/truestudio/truestudio for stm32 9.3.0/armtools/bin/../lib/gcc/arm-atollic-eabi/6.3.1/../../../../arm-atollic-eabi/lib/armv7-m\libc.a(lib_a-printf.o)
 .ARM.attributes
                0x00000707       0x2d d:/aboutstm32/truestudio/truestudio for stm32 9.3.0/armtools/bin/../lib/gcc/arm-atollic-eabi/6.3.1/../../../../arm-atollic-eabi/lib/armv7-m\libc.a(lib_a-puts.o)
 .ARM.attributes
                0x00000734       0x2d d:/aboutstm32/truestudio/truestudio for stm32 9.3.0/armtools/bin/../lib/gcc/arm-atollic-eabi/6.3.1/../../../../arm-atollic-eabi/lib/armv7-m\libc.a(lib_a-reent.o)
 .ARM.attributes
                0x00000761       0x2d d:/aboutstm32/truestudio/truestudio for stm32 9.3.0/armtools/bin/../lib/gcc/arm-atollic-eabi/6.3.1/../../../../arm-atollic-eabi/lib/armv7-m\libc.a(lib_a-snprintf.o)
 .ARM.attributes
                0x0000078e       0x2d d:/aboutstm32/truestudio/truestudio for stm32 9.3.0/armtools/bin/../lib/gcc/arm-atollic-eabi/6.3.1/../../../../arm-atollic-eabi/lib/armv7-m\libc.a(lib_a-sprintf.o)
 .ARM.attributes
                0x000007bb       0x2d d:/aboutstm32/truestudio/truestudio for stm32 9.3.0/armtools/bin/../lib/gcc/arm-atollic-eabi/6.3.1/../../../../arm-atollic-eabi/lib/armv7-m\libc.a(lib_a-strcat.o)
 .ARM.attributes
                0x000007e8       0x2d d:/aboutstm32/truestudio/truestudio for stm32 9.3.0/armtools/bin/../lib/gcc/arm-atollic-eabi/6.3.1/../../../../arm-atollic-eabi/lib/armv7-m\libc.a(lib_a-strchr.o)
 .ARM.attributes
                0x00000815       0x1b d:/aboutstm32/truestudio/truestudio for stm32 9.3.0/armtools/bin/../lib/gcc/arm-atollic-eabi/6.3.1/../../../../arm-atollic-eabi/lib/armv7-m\libc.a(lib_a-strcmp.o)
 .ARM.attributes
                0x00000830       0x2d d:/aboutstm32/truestudio/truestudio for stm32 9.3.0/armtools/bin/../lib/gcc/arm-atollic-eabi/6.3.1/../../../../arm-atollic-eabi/lib/armv7-m\libc.a(lib_a-strcpy.o)
 .ARM.attributes
                0x0000085d       0x17 d:/aboutstm32/truestudio/truestudio for stm32 9.3.0/armtools/bin/../lib/gcc/arm-atollic-eabi/6.3.1/../../../../arm-atollic-eabi/lib/armv7-m\libc.a(lib_a-strlen.o)
 .ARM.attributes
                0x00000874       0x2d d:/aboutstm32/truestudio/truestudio for stm32 9.3.0/armtools/bin/../lib/gcc/arm-atollic-eabi/6.3.1/../../../../arm-atollic-eabi/lib/armv7-m\libc.a(lib_a-strncat.o)
 .ARM.attributes
                0x000008a1       0x2d d:/aboutstm32/truestudio/truestudio for stm32 9.3.0/armtools/bin/../lib/gcc/arm-atollic-eabi/6.3.1/../../../../arm-atollic-eabi/lib/armv7-m\libc.a(lib_a-strncmp.o)
 .ARM.attributes
                0x000008ce       0x2d d:/aboutstm32/truestudio/truestudio for stm32 9.3.0/armtools/bin/../lib/gcc/arm-atollic-eabi/6.3.1/../../../../arm-atollic-eabi/lib/armv7-m\libc.a(lib_a-strncpy.o)
 .ARM.attributes
                0x000008fb       0x2d d:/aboutstm32/truestudio/truestudio for stm32 9.3.0/armtools/bin/../lib/gcc/arm-atollic-eabi/6.3.1/../../../../arm-atollic-eabi/lib/armv7-m\libc.a(lib_a-strstr.o)
 .ARM.attributes
                0x00000928       0x2d d:/aboutstm32/truestudio/truestudio for stm32 9.3.0/armtools/bin/../lib/gcc/arm-atollic-eabi/6.3.1/../../../../arm-atollic-eabi/lib/armv7-m\libc.a(lib_a-strtok.o)
 .ARM.attributes
                0x00000955       0x2d d:/aboutstm32/truestudio/truestudio for stm32 9.3.0/armtools/bin/../lib/gcc/arm-atollic-eabi/6.3.1/../../../../arm-atollic-eabi/lib/armv7-m\libc.a(lib_a-strtok_r.o)
 .ARM.attributes
                0x00000982       0x2d d:/aboutstm32/truestudio/truestudio for stm32 9.3.0/armtools/bin/../lib/gcc/arm-atollic-eabi/6.3.1/../../../../arm-atollic-eabi/lib/armv7-m\libc.a(lib_a-strtol.o)
 .ARM.attributes
                0x000009af       0x2d d:/aboutstm32/truestudio/truestudio for stm32 9.3.0/armtools/bin/../lib/gcc/arm-atollic-eabi/6.3.1/../../../../arm-atollic-eabi/lib/armv7-m\libc.a(lib_a-svfprintf.o)
 .ARM.attributes
                0x000009dc       0x2d d:/aboutstm32/truestudio/truestudio for stm32 9.3.0/armtools/bin/../lib/gcc/arm-atollic-eabi/6.3.1/../../../../arm-atollic-eabi/lib/armv7-m\libc.a(lib_a-utoa.o)
 .ARM.attributes
                0x00000a09       0x2d d:/aboutstm32/truestudio/truestudio for stm32 9.3.0/armtools/bin/../lib/gcc/arm-atollic-eabi/6.3.1/../../../../arm-atollic-eabi/lib/armv7-m\libc.a(lib_a-vfprintf.o)
 .ARM.attributes
                0x00000a36       0x2d d:/aboutstm32/truestudio/truestudio for stm32 9.3.0/armtools/bin/../lib/gcc/arm-atollic-eabi/6.3.1/../../../../arm-atollic-eabi/lib/armv7-m\libc.a(lib_a-wsetup.o)
 .ARM.attributes
                0x00000a63       0x2d d:/aboutstm32/truestudio/truestudio for stm32 9.3.0/armtools/bin/../lib/gcc/arm-atollic-eabi/6.3.1/../../../../arm-atollic-eabi/lib/armv7-m\libc.a(lib_a-dtoa.o)
 .ARM.attributes
                0x00000a90       0x2d d:/aboutstm32/truestudio/truestudio for stm32 9.3.0/armtools/bin/../lib/gcc/arm-atollic-eabi/6.3.1/../../../../arm-atollic-eabi/lib/armv7-m\libc.a(lib_a-fflush.o)
 .ARM.attributes
                0x00000abd       0x2d d:/aboutstm32/truestudio/truestudio for stm32 9.3.0/armtools/bin/../lib/gcc/arm-atollic-eabi/6.3.1/../../../../arm-atollic-eabi/lib/armv7-m\libc.a(lib_a-findfp.o)
 .ARM.attributes
                0x00000aea       0x2d d:/aboutstm32/truestudio/truestudio for stm32 9.3.0/armtools/bin/../lib/gcc/arm-atollic-eabi/6.3.1/../../../../arm-atollic-eabi/lib/armv7-m\libc.a(lib_a-freer.o)
 .ARM.attributes
                0x00000b17       0x2d d:/aboutstm32/truestudio/truestudio for stm32 9.3.0/armtools/bin/../lib/gcc/arm-atollic-eabi/6.3.1/../../../../arm-atollic-eabi/lib/armv7-m\libc.a(lib_a-fvwrite.o)
 .ARM.attributes
                0x00000b44       0x2d d:/aboutstm32/truestudio/truestudio for stm32 9.3.0/armtools/bin/../lib/gcc/arm-atollic-eabi/6.3.1/../../../../arm-atollic-eabi/lib/armv7-m\libc.a(lib_a-fwalk.o)
 .ARM.attributes
                0x00000b71       0x2d d:/aboutstm32/truestudio/truestudio for stm32 9.3.0/armtools/bin/../lib/gcc/arm-atollic-eabi/6.3.1/../../../../arm-atollic-eabi/lib/armv7-m\libc.a(lib_a-impure.o)
 .ARM.attributes
                0x00000b9e       0x2d d:/aboutstm32/truestudio/truestudio for stm32 9.3.0/armtools/bin/../lib/gcc/arm-atollic-eabi/6.3.1/../../../../arm-atollic-eabi/lib/armv7-m\libc.a(lib_a-locale.o)
 .ARM.attributes
                0x00000bcb       0x2d d:/aboutstm32/truestudio/truestudio for stm32 9.3.0/armtools/bin/../lib/gcc/arm-atollic-eabi/6.3.1/../../../../arm-atollic-eabi/lib/armv7-m\libc.a(lib_a-localeconv.o)
 .ARM.attributes
                0x00000bf8       0x2d d:/aboutstm32/truestudio/truestudio for stm32 9.3.0/armtools/bin/../lib/gcc/arm-atollic-eabi/6.3.1/../../../../arm-atollic-eabi/lib/armv7-m\libc.a(lib_a-lock.o)
 .ARM.attributes
                0x00000c25       0x2d d:/aboutstm32/truestudio/truestudio for stm32 9.3.0/armtools/bin/../lib/gcc/arm-atollic-eabi/6.3.1/../../../../arm-atollic-eabi/lib/armv7-m\libc.a(lib_a-makebuf.o)
 .ARM.attributes
                0x00000c52       0x2d d:/aboutstm32/truestudio/truestudio for stm32 9.3.0/armtools/bin/../lib/gcc/arm-atollic-eabi/6.3.1/../../../../arm-atollic-eabi/lib/armv7-m\libc.a(lib_a-malloc.o)
 .ARM.attributes
                0x00000c7f       0x2d d:/aboutstm32/truestudio/truestudio for stm32 9.3.0/armtools/bin/../lib/gcc/arm-atollic-eabi/6.3.1/../../../../arm-atollic-eabi/lib/armv7-m\libc.a(lib_a-mallocr.o)
 .ARM.attributes
                0x00000cac       0x2d d:/aboutstm32/truestudio/truestudio for stm32 9.3.0/armtools/bin/../lib/gcc/arm-atollic-eabi/6.3.1/../../../../arm-atollic-eabi/lib/armv7-m\libc.a(lib_a-mbtowc_r.o)
 .ARM.attributes
                0x00000cd9       0x2d d:/aboutstm32/truestudio/truestudio for stm32 9.3.0/armtools/bin/../lib/gcc/arm-atollic-eabi/6.3.1/../../../../arm-atollic-eabi/lib/armv7-m\libc.a(lib_a-memchr-stub.o)
 .ARM.attributes
                0x00000d06       0x2d d:/aboutstm32/truestudio/truestudio for stm32 9.3.0/armtools/bin/../lib/gcc/arm-atollic-eabi/6.3.1/../../../../arm-atollic-eabi/lib/armv7-m\libc.a(lib_a-memmove.o)
 .ARM.attributes
                0x00000d33       0x2d d:/aboutstm32/truestudio/truestudio for stm32 9.3.0/armtools/bin/../lib/gcc/arm-atollic-eabi/6.3.1/../../../../arm-atollic-eabi/lib/armv7-m\libc.a(lib_a-mlock.o)
 .ARM.attributes
                0x00000d60       0x2d d:/aboutstm32/truestudio/truestudio for stm32 9.3.0/armtools/bin/../lib/gcc/arm-atollic-eabi/6.3.1/../../../../arm-atollic-eabi/lib/armv7-m\libc.a(lib_a-mprec.o)
 .ARM.attributes
                0x00000d8d       0x2d d:/aboutstm32/truestudio/truestudio for stm32 9.3.0/armtools/bin/../lib/gcc/arm-atollic-eabi/6.3.1/../../../../arm-atollic-eabi/lib/armv7-m\libc.a(lib_a-reallocr.o)
 .ARM.attributes
                0x00000dba       0x2d d:/aboutstm32/truestudio/truestudio for stm32 9.3.0/armtools/bin/../lib/gcc/arm-atollic-eabi/6.3.1/../../../../arm-atollic-eabi/lib/armv7-m\libc.a(lib_a-sbrkr.o)
 .ARM.attributes
                0x00000de7       0x2d d:/aboutstm32/truestudio/truestudio for stm32 9.3.0/armtools/bin/../lib/gcc/arm-atollic-eabi/6.3.1/../../../../arm-atollic-eabi/lib/armv7-m\libc.a(lib_a-stdio.o)
 .ARM.attributes
                0x00000e14       0x2d d:/aboutstm32/truestudio/truestudio for stm32 9.3.0/armtools/bin/../lib/gcc/arm-atollic-eabi/6.3.1/../../../../arm-atollic-eabi/lib/armv7-m\libc.a(lib_a-svfiprintf.o)
 .ARM.attributes