core_cm3.h:1107:22:NVIC_SystemReset	0	static
usart_4G.c:15:6:USART2_Init	48	static
usart_4G.c:346:6:reset_4G_module	8	static
usart_4G.c:357:6:powerOn4G	8	static
usart_4G.c:372:6:split	16	static
usart_4G.c:400:6:Send_AT_Cmd	24	static
usart_4G.c:430:4:F4G_AT_Test	8	static
usart_4G.c:452:6:connectToTCPServer	120	static
usart_4G.c:462:6:reconnectToTCPServer	112	static
usart_4G.c:475:6:F4G_sendStr	528	static
usart_4G.c:498:6:F4G_ExitUnvarnishSend	8	static
usart_4G.c:505:6:getModuleMes	16	static
usart_4G.c:627:6:communicateWithHost	56	static
usart_4G.c:636:6:catRequestStr	40	static
usart_4G.c:667:6:common_heart	16	static
usart_4G.c:684:6:checkLinkedStatus	120	static
usart_4G.c:773:7:Int2Strs	8	static
usart_4G.c:784:6:request2Server	16	static
usart_4G.c:648:6:request	136	static
usart_4G.c:57:6:F4G_Init	40	static
usart_4G.c:656:6:response2reset	136	static
usart_4G.c:145:6:USART2_IRQHandler	16	static
usart_4G.c:712:6:statu_heart	296	static
usart_4G.c:731:6:dd_tc	296	static
usart_4G.c:747:6:sys_tc	280	static
usart_4G.c:761:6:currentPortStatuChanged	272	static
